<html>
<body>
<pre>
<h1>µVision Build Log</h1>
<h2>Tool Versions:</h2>
IDE-Version: ¦ÌVision V5.12.0.0
Copyright (C) 2014 ARM Ltd and ARM Germany GmbH. All rights reserved.
License Information: lm Microsoft, Microsoft, LIC=R4HGK-ZCAP2-9XVUW-Q0N3S-ARN7M-W3X9I
 
Tool Versions:
Toolchain:       MDK-ARM Professional  Version: 5.12.0.0
Toolchain Path:  d:\Keil_v5\ARM\ARMCC\Bin
C Compiler:      Armcc.exe V5.05 (build 41)
Assembler:       Armasm.exe V5.05 (build 41)
Linker/Locator:  ArmLink.exe V5.05 (build 41)
Library Manager: ArmAr.exe V5.05 (build 41)
Hex Converter:   FromElf.exe V5.05 (build 41)
CPU DLL:         SARMCM3.DLL V5.12.0.0
Dialog DLL:      DCM.DLL V1.13.0.0
    Target DLL: Segger\JL2CM3.dll
Dialog DLL:      TCM.DLL V1.14.2.0
 
<h2>Project:</h2>
C:\Users\V200\Desktop\XLong\XLong\OS\KeilMDKPrj\XLong.uvprojx
Project File Date:  11/19/2015

<h2>Output:</h2>
Build target 'FLASH'
creating preprocessor file for app.c...
creating preprocessor file for os_app_hooks.c...
creating preprocessor file for PWM.c...
compiling PWM.c...
..\..\BSP\XLong\src\PWM.c(228): warning:  #177-D: variable "i" was declared but never referenced
        CPU_INT16U i,j;
..\..\BSP\XLong\src\PWM.c(228): warning:  #177-D: variable "j" was declared but never referenced
        CPU_INT16U i,j;
..\..\BSP\XLong\src\PWM.c: 2 warnings, 0 errors
creating preprocessor file for bsp.c...
creating preprocessor file for bsp_int.c...
creating preprocessor file for bsp_periph.c...
creating preprocessor file for misc.c...
creating preprocessor file for stm32f4xx_adc.c...
creating preprocessor file for stm32f4xx_can.c...
creating preprocessor file for stm32f4xx_crc.c...
creating preprocessor file for stm32f4xx_cryp.c...
creating preprocessor file for stm32f4xx_cryp_aes.c...
creating preprocessor file for stm32f4xx_cryp_des.c...
creating preprocessor file for stm32f4xx_cryp_tdes.c...
creating preprocessor file for stm32f4xx_dac.c...
creating preprocessor file for stm32f4xx_dbgmcu.c...
creating preprocessor file for stm32f4xx_dcmi.c...
creating preprocessor file for stm32f4xx_dma.c...
creating preprocessor file for stm32f4xx_dma2d.c...
creating preprocessor file for stm32f4xx_exti.c...
creating preprocessor file for stm32f4xx_flash.c...
creating preprocessor file for stm32f4xx_flash_ramfunc.c...
creating preprocessor file for stm32f4xx_fmc.c...
creating preprocessor file for stm32f4xx_gpio.c...
creating preprocessor file for stm32f4xx_hash.c...
creating preprocessor file for stm32f4xx_hash_md5.c...
creating preprocessor file for stm32f4xx_hash_sha1.c...
creating preprocessor file for stm32f4xx_i2c.c...
creating preprocessor file for stm32f4xx_iwdg.c...
creating preprocessor file for stm32f4xx_ltdc.c...
creating preprocessor file for stm32f4xx_pwr.c...
creating preprocessor file for stm32f4xx_rcc.c...
creating preprocessor file for stm32f4xx_rng.c...
creating preprocessor file for stm32f4xx_rtc.c...
creating preprocessor file for stm32f4xx_sai.c...
creating preprocessor file for stm32f4xx_sdio.c...
creating preprocessor file for stm32f4xx_spi.c...
creating preprocessor file for stm32f4xx_syscfg.c...
creating preprocessor file for stm32f4xx_tim.c...
creating preprocessor file for stm32f4xx_usart.c...
creating preprocessor file for stm32f4xx_wwdg.c...
creating preprocessor file for cpu_core.c...
creating preprocessor file for cpu_c.c...
creating preprocessor file for lib_ascii.c...
creating preprocessor file for lib_math.c...
creating preprocessor file for lib_mem.c...
creating preprocessor file for lib_str.c...
creating preprocessor file for os_cfg_app.c...
creating preprocessor file for os_core.c...
creating preprocessor file for os_dbg.c...
creating preprocessor file for os_flag.c...
creating preprocessor file for os_int.c...
creating preprocessor file for os_mem.c...
creating preprocessor file for os_msg.c...
creating preprocessor file for os_mutex.c...
creating preprocessor file for os_pend_multi.c...
creating preprocessor file for os_prio.c...
creating preprocessor file for os_q.c...
creating preprocessor file for os_sem.c...
creating preprocessor file for os_stat.c...
creating preprocessor file for os_task.c...
creating preprocessor file for os_tick.c...
creating preprocessor file for os_time.c...
creating preprocessor file for os_tmr.c...
creating preprocessor file for os_var.c...
creating preprocessor file for os_cpu_c.c...
linking...
Program Size: Code=26252 RO-data=1348 RW-data=392 ZI-data=12560  
FromELF: creating hex file...
".\Obj\XLong.axf" - 0 Error(s), 2 Warning(s).

<h2>Collection of Component include folders:</h2>
  C:\Users\V200\Desktop\XLong\XLong\OS\KeilMDKPrj\RTE
  d:\Keil_v5\ARM\PACK\Keil\STM32F4xx_DFP\1.0.8\Device\Include

<h2>Collection of Component Files used:</h2>
stm32f4xx_rng.c...
creating preprocessor file for stm32f4xx_rtc.c...
creating preprocessor file for stm32f4xx_sai.c...
creating preprocessor file for stm32f4xx_sdio.c...
creating preprocessor file for stm32f4xx_spi.c...
creating preprocessor file for stm32f4xx_syscfg.c...
creating preprocessor file for stm32f4xx_tim.c...
creating preprocessor file for stm32f4xx_usart.c...
creating preprocessor file for stm32f4xx_wwdg.c...
creating preprocessor file for cpu_core.c...
creating preprocessor file for cpu_c.c...
creating preprocessor file for lib_ascii.c...
creating preprocessor file for lib_math.c...
creating preprocessor file for lib_mem.c...
creating preprocessor file for lib_str.c...
creating preprocessor file for os_cfg_app.c...
creating preprocessor file for os_core.c...
creating preprocessor file for os_dbg.c...
creating preprocessor file for os_flag.c...
creating preprocessor file for os_int.c...
creating preprocessor file for os_mem.c...
creating preprocessor file for os_msg.c...
creating preprocessor file for os_mutex.c...
creating preprocessor file for os_pend_multi.c...
creating preprocessor file for os_prio.c...
creating preprocessor file for os_q.c...
creating preprocessor file for os_sem.c...
creating preprocessor file for os_stat.c...
creating preprocessor file for os_task.c...
creating preprocessor file for os_tick.c...
creating preprocessor file for os_time.c...
creating preprocessor file for os_tmr.c...
creating preprocessor file for os_var.c...
creating preprocessor file for os_cpu_c.c...
".\Obj\XLong.axf" - 2 Error(s), 12 Warning(s).

<h2>Collection of Component include folders:</h2>
  C:\Users\V200\Desktop\XLong\XLong\OS\KeilMDKPrj\RTE
  d:\Keil_v5\ARM\PACK\Keil\STM32F4xx_DFP\1.0.8\Device\Include

<h2>Collection of Component Files used:</h2>
Target not created.
