Component: ARM Compiler 5.05 (build 41) Tool: armlink [4d0eb9]

==============================================================================

Section Cross References

    math_helper.o(.text) refers to fmul.o(x$fpl$fmul) for __aeabi_fmul
    math_helper.o(.text) refers to faddsub.o(x$fpl$fadd) for __aeabi_fadd
    math_helper.o(.text) refers to faddsub.o(x$fpl$fsub) for __aeabi_fsub
    math_helper.o(.text) refers to fdiv.o(.text) for __aeabi_fdiv
    math_helper.o(.text) refers to f2d.o(.text) for __aeabi_f2d
    math_helper.o(.text) refers to log10.o(i.log10) for log10
    math_helper.o(.text) refers to dmul.o(.text) for __aeabi_dmul
    math_helper.o(.text) refers to d2f.o(.text) for __aeabi_d2f
    math_helper.o(.text) refers to ffixi.o(.text) for __aeabi_f2iz
    math_helper.o(.text) refers to frlef.o(x$fpl$frleqf) for __aeabi_cfrcmple
    math_helper.o(.text) refers to dflti.o(.text) for __aeabi_i2d
    math_helper.o(.text) refers to daddsub.o(.text) for __aeabi_dadd
    math_helper.o(.text) refers to dfixi.o(.text) for __aeabi_d2iz
    math_helper.o(.text) refers to feqf.o(x$fpl$feqf) for __aeabi_cfcmpeq
    math_helper.o(.text) refers to fflti.o(.text) for __aeabi_ui2f
    math_helper.o(.text) refers to flef.o(x$fpl$fleqf) for __aeabi_cfcmple
    arm_fir_example_f32.o(.text) refers to arm_fir_init_f32.o(.text) for arm_fir_init_f32
    arm_fir_example_f32.o(.text) refers to arm_fir_f32.o(.text) for arm_fir_f32
    arm_fir_example_f32.o(.text) refers to math_helper.o(.text) for arm_snr_f32
    arm_fir_example_f32.o(.text) refers to flef.o(x$fpl$fleqf) for __aeabi_cfcmple
    arm_fir_example_f32.o(.text) refers to arm_fir_data.o(.data) for testInput_f32_1kHz_15kHz
    arm_fir_example_f32.o(.text) refers to arm_fir_example_f32.o(.bss) for testOutput
    arm_fir_example_f32.o(.text) refers to arm_fir_example_f32.o(.data) for blockSize
    arm_fir_example_f32.o(.text) refers to arm_fir_example_f32.o(.constdata) for firCoeffs32
    startup_armcm0.o(STACK) refers (Special) to heapauxi.o(.text) for __use_two_region_memory
    startup_armcm0.o(HEAP) refers (Special) to heapauxi.o(.text) for __use_two_region_memory
    startup_armcm0.o(RESET) refers (Special) to heapauxi.o(.text) for __use_two_region_memory
    startup_armcm0.o(RESET) refers to startup_armcm0.o(STACK) for __initial_sp
    startup_armcm0.o(RESET) refers to startup_armcm0.o(.text) for Reset_Handler
    startup_armcm0.o(.text) refers (Special) to heapauxi.o(.text) for __use_two_region_memory
    startup_armcm0.o(.text) refers to system_armcm0.o(.text) for SystemInit
    startup_armcm0.o(.text) refers to __main.o(!!!main) for __main
    startup_armcm0.o(.text) refers to startup_armcm0.o(HEAP) for Heap_Mem
    startup_armcm0.o(.text) refers to startup_armcm0.o(STACK) for Stack_Mem
    system_armcm0.o(.text) refers to system_armcm0.o(.data) for SystemCoreClock
    arm_fir_f32.o(.text) refers to fmul.o(x$fpl$fmul) for __aeabi_fmul
    arm_fir_f32.o(.text) refers to faddsub.o(x$fpl$fadd) for __aeabi_fadd
    arm_fir_init_f32.o(.text) refers to rt_memclr.o(.text) for __aeabi_memclr4
    __main.o(!!!main) refers to __rtentry.o(.ARM.Collect$$rtentry$$00000000) for __rt_entry
    d2f.o(.text) refers (Special) to usenofp.o(x$fpl$usenofp) for __I$use$fp
    daddsub.o(.text) refers (Special) to usenofp.o(x$fpl$usenofp) for __I$use$fp
    dfixi.o(.text) refers (Special) to usenofp.o(x$fpl$usenofp) for __I$use$fp
    dflti.o(.text) refers (Special) to usenofp.o(x$fpl$usenofp) for __I$use$fp
    dmul.o(.text) refers (Special) to usenofp.o(x$fpl$usenofp) for __I$use$fp
    f2d.o(.text) refers (Special) to usenofp.o(x$fpl$usenofp) for __I$use$fp
    faddsub.o(x$fpl$fadd) refers (Special) to usenofp.o(x$fpl$usenofp) for __I$use$fp
    faddsub.o(x$fpl$fadd) refers to faddsub.o(x$fpl$fsub) for _fsub1
    faddsub.o(x$fpl$frsb) refers (Special) to usenofp.o(x$fpl$usenofp) for __I$use$fp
    faddsub.o(x$fpl$frsb) refers to faddsub.o(x$fpl$fsub) for _fsub1
    faddsub.o(x$fpl$frsb) refers to faddsub.o(x$fpl$fadd) for _fadd1
    faddsub.o(x$fpl$fsub) refers (Special) to usenofp.o(x$fpl$usenofp) for __I$use$fp
    faddsub.o(x$fpl$fsub) refers to faddsub.o(x$fpl$fadd) for _fadd1
    fdiv.o(.text) refers (Special) to usenofp.o(x$fpl$usenofp) for __I$use$fp
    fdiv.o(.text) refers to fdiv.o(.constdata) for .constdata
    fdiv.o(.constdata) refers (Special) to usenofp.o(x$fpl$usenofp) for __I$use$fp
    feqf.o(x$fpl$feqf) refers (Special) to usenofp.o(x$fpl$usenofp) for __I$use$fp
    feqf.o(x$fpl$feqf) refers to fcmpin.o(.text) for __fpl_fcmp_InfNaN
    ffixi.o(.text) refers (Special) to usenofp.o(x$fpl$usenofp) for __I$use$fp
    fflti.o(.text) refers (Special) to usenofp.o(x$fpl$usenofp) for __I$use$fp
    flef.o(x$fpl$fleqf) refers (Special) to usenofp.o(x$fpl$usenofp) for __I$use$fp
    flef.o(x$fpl$fleqf) refers to fcmpin.o(.text) for __fpl_fcmp_InfNaN
    fmul.o(x$fpl$fmul) refers (Special) to usenofp.o(x$fpl$usenofp) for __I$use$fp
    frlef.o(x$fpl$frleqf) refers (Special) to usenofp.o(x$fpl$usenofp) for __I$use$fp
    frlef.o(x$fpl$frleqf) refers to fcmpin.o(.text) for __fpl_fcmp_InfNaN
    log10.o(i.__softfp_log10) refers (Special) to usenofp.o(x$fpl$usenofp) for __I$use$fp
    log10.o(i.__softfp_log10) refers to log10.o(i.log10) for log10
    log10.o(i.log10) refers (Special) to usenofp.o(x$fpl$usenofp) for __I$use$fp
    log10.o(i.log10) refers to dunder.o(i.__mathlib_dbl_infnan) for __mathlib_dbl_infnan
    log10.o(i.log10) refers to _rserrno.o(.text) for __set_errno
    log10.o(i.log10) refers to dunder.o(i.__mathlib_dbl_invalid) for __mathlib_dbl_invalid
    log10.o(i.log10) refers to dunder.o(i.__mathlib_dbl_divzero) for __mathlib_dbl_divzero
    log10.o(i.log10) refers to dscalbn.o(.text) for __ARM_scalbn
    log10.o(i.log10) refers to dflti.o(.text) for __aeabi_i2d
    log10.o(i.log10) refers to log.o(i.log) for log
    log10.o(i.log10) refers to dmul.o(.text) for __aeabi_dmul
    log10.o(i.log10) refers to daddsub.o(.text) for __aeabi_dadd
    log10_x.o(i.____softfp_log10$lsc) refers (Special) to usenofp.o(x$fpl$usenofp) for __I$use$fp
    log10_x.o(i.____softfp_log10$lsc) refers to log10_x.o(i.__log10$lsc) for __log10$lsc
    log10_x.o(i.__log10$lsc) refers (Special) to usenofp.o(x$fpl$usenofp) for __I$use$fp
    log10_x.o(i.__log10$lsc) refers to dunder.o(i.__mathlib_dbl_infnan) for __mathlib_dbl_infnan
    log10_x.o(i.__log10$lsc) refers to _rserrno.o(.text) for __set_errno
    log10_x.o(i.__log10$lsc) refers to dscalbn.o(.text) for __ARM_scalbn
    log10_x.o(i.__log10$lsc) refers to dflti.o(.text) for __aeabi_i2d
    log10_x.o(i.__log10$lsc) refers to log.o(i.log) for log
    log10_x.o(i.__log10$lsc) refers to dmul.o(.text) for __aeabi_dmul
    log10_x.o(i.__log10$lsc) refers to daddsub.o(.text) for __aeabi_dadd
    __rtentry.o(.ARM.Collect$$rtentry$$00000000) refers (Special) to __rtentry2.o(.ARM.Collect$$rtentry$$0000000A) for __rt_entry_li
    __rtentry.o(.ARM.Collect$$rtentry$$00000000) refers (Special) to __rtentry2.o(.ARM.Collect$$rtentry$$0000000D) for __rt_entry_main
    __rtentry.o(.ARM.Collect$$rtentry$$00000000) refers (Special) to __rtentry2.o(.ARM.Collect$$rtentry$$0000000C) for __rt_entry_postli_1
    __rtentry.o(.ARM.Collect$$rtentry$$00000000) refers (Special) to __rtentry2.o(.ARM.Collect$$rtentry$$00000009) for __rt_entry_postsh_1
    __rtentry.o(.ARM.Collect$$rtentry$$00000000) refers (Special) to __rtentry2.o(.ARM.Collect$$rtentry$$00000002) for __rt_entry_presh_1
    __rtentry.o(.ARM.Collect$$rtentry$$00000000) refers (Special) to __rtentry4.o(.ARM.Collect$$rtentry$$00000004) for __rt_entry_sh
    _rserrno.o(.text) refers to rt_errno_addr_intlibspace.o(.text) for __aeabi_errno_addr
    dscalbn.o(.text) refers (Special) to usenofp.o(x$fpl$usenofp) for __I$use$fp
    fcmpin.o(.text) refers (Special) to usenofp.o(x$fpl$usenofp) for __I$use$fp
    fcmpin.o(.text) refers to cmpret.o(.text) for __fpl_cmpreturn
    fcmpin.o(.text) refers to fnan2.o(.text) for __fpl_fcheck_NaN2
    dunder.o(i.__mathlib_dbl_divzero) refers to ddiv.o(.text) for __aeabi_ddiv
    dunder.o(i.__mathlib_dbl_infnan) refers to dscalbn.o(.text) for __ARM_scalbn
    dunder.o(i.__mathlib_dbl_infnan2) refers to daddsub.o(.text) for __aeabi_dadd
    dunder.o(i.__mathlib_dbl_invalid) refers to ddiv.o(.text) for __aeabi_ddiv
    dunder.o(i.__mathlib_dbl_overflow) refers to dscalbn.o(.text) for __ARM_scalbn
    dunder.o(i.__mathlib_dbl_posinfnan) refers to dmul.o(.text) for __aeabi_dmul
    dunder.o(i.__mathlib_dbl_underflow) refers to dscalbn.o(.text) for __ARM_scalbn
    log.o(i.__softfp_log) refers (Special) to usenofp.o(x$fpl$usenofp) for __I$use$fp
    log.o(i.__softfp_log) refers to log.o(i.log) for log
    log.o(i.log) refers (Special) to usenofp.o(x$fpl$usenofp) for __I$use$fp
    log.o(i.log) refers to dunder.o(i.__mathlib_dbl_infnan) for __mathlib_dbl_infnan
    log.o(i.log) refers to _rserrno.o(.text) for __set_errno
    log.o(i.log) refers to dunder.o(i.__mathlib_dbl_invalid) for __mathlib_dbl_invalid
    log.o(i.log) refers to dunder.o(i.__mathlib_dbl_divzero) for __mathlib_dbl_divzero
    log.o(i.log) refers to dscalbn.o(.text) for __ARM_scalbn
    log.o(i.log) refers to daddsub.o(.text) for __aeabi_dsub
    log.o(i.log) refers to deqf.o(x$fpl$deqf) for __aeabi_cdcmpeq
    log.o(i.log) refers to dflti.o(.text) for __aeabi_i2d
    log.o(i.log) refers to dmul.o(.text) for __aeabi_dmul
    log.o(i.log) refers to ddiv.o(.text) for __aeabi_ddiv
    log.o(i.log) refers to poly.o(i.__kernel_poly) for __kernel_poly
    log.o(i.log) refers to qnan.o(.constdata) for __mathlib_zero
    log.o(i.log) refers to log.o(.constdata) for .constdata
    log.o(.constdata) refers (Special) to usenofp.o(x$fpl$usenofp) for __I$use$fp
    log_x.o(i.____softfp_log$lsc) refers (Special) to usenofp.o(x$fpl$usenofp) for __I$use$fp
    log_x.o(i.____softfp_log$lsc) refers to log_x.o(i.__log$lsc) for __log$lsc
    log_x.o(i.__log$lsc) refers (Special) to usenofp.o(x$fpl$usenofp) for __I$use$fp
    log_x.o(i.__log$lsc) refers to dunder.o(i.__mathlib_dbl_infnan) for __mathlib_dbl_infnan
    log_x.o(i.__log$lsc) refers to _rserrno.o(.text) for __set_errno
    log_x.o(i.__log$lsc) refers to dscalbn.o(.text) for __ARM_scalbn
    log_x.o(i.__log$lsc) refers to daddsub.o(.text) for __aeabi_dsub
    log_x.o(i.__log$lsc) refers to deqf.o(x$fpl$deqf) for __aeabi_cdcmpeq
    log_x.o(i.__log$lsc) refers to dflti.o(.text) for __aeabi_i2d
    log_x.o(i.__log$lsc) refers to dmul.o(.text) for __aeabi_dmul
    log_x.o(i.__log$lsc) refers to ddiv.o(.text) for __aeabi_ddiv
    log_x.o(i.__log$lsc) refers to poly.o(i.__kernel_poly) for __kernel_poly
    log_x.o(i.__log$lsc) refers to qnan.o(.constdata) for __mathlib_zero
    log_x.o(i.__log$lsc) refers to log_x.o(.constdata) for .constdata
    log_x.o(.constdata) refers (Special) to usenofp.o(x$fpl$usenofp) for __I$use$fp
    __rtentry2.o(.ARM.Collect$$rtentry$$00000008) refers to boardinit2.o(.text) for _platform_post_stackheap_init
    __rtentry2.o(.ARM.Collect$$rtentry$$0000000A) refers to libinit.o(.ARM.Collect$$libinit$$00000000) for __rt_lib_init
    __rtentry2.o(.ARM.Collect$$rtentry$$0000000B) refers to boardinit3.o(.text) for _platform_post_lib_init
    __rtentry2.o(.ARM.Collect$$rtentry$$0000000D) refers to arm_fir_example_f32.o(.text) for main
    __rtentry2.o(.ARM.Collect$$rtentry$$0000000D) refers to exit.o(.text) for exit
    __rtentry2.o(.ARM.exidx) refers to __rtentry2.o(.ARM.Collect$$rtentry$$00000001) for .ARM.Collect$$rtentry$$00000001
    __rtentry2.o(.ARM.exidx) refers to __rtentry2.o(.ARM.Collect$$rtentry$$00000008) for .ARM.Collect$$rtentry$$00000008
    __rtentry2.o(.ARM.exidx) refers to __rtentry2.o(.ARM.Collect$$rtentry$$0000000A) for .ARM.Collect$$rtentry$$0000000A
    __rtentry2.o(.ARM.exidx) refers to __rtentry2.o(.ARM.Collect$$rtentry$$0000000B) for .ARM.Collect$$rtentry$$0000000B
    __rtentry2.o(.ARM.exidx) refers to __rtentry2.o(.ARM.Collect$$rtentry$$0000000D) for .ARM.Collect$$rtentry$$0000000D
    __rtentry4.o(.ARM.Collect$$rtentry$$00000004) refers to sys_stackheap_outer.o(.text) for __user_setup_stackheap
    __rtentry4.o(.ARM.exidx) refers to __rtentry4.o(.ARM.Collect$$rtentry$$00000004) for .ARM.Collect$$rtentry$$00000004
    rt_errno_addr.o(.text) refers to rt_errno_addr.o(.bss) for __aeabi_errno_addr_data
    rt_errno_addr_intlibspace.o(.text) refers to libspace.o(.bss) for __libspace_start
    cmpret.o(.text) refers (Special) to usenofp.o(x$fpl$usenofp) for __I$use$fp
    ddiv.o(.text) refers (Special) to usenofp.o(x$fpl$usenofp) for __I$use$fp
    ddiv.o(.text) refers to ddiv.o(.constdata) for .constdata
    ddiv.o(.constdata) refers (Special) to usenofp.o(x$fpl$usenofp) for __I$use$fp
    deqf.o(x$fpl$deqf) refers (Special) to usenofp.o(x$fpl$usenofp) for __I$use$fp
    deqf.o(x$fpl$deqf) refers to dcmpin.o(.text) for __fpl_dcmp_InfNaN
    fnan2.o(.text) refers (Special) to usenofp.o(x$fpl$usenofp) for __I$use$fp
    fnan2.o(.text) refers to retnan.o(.text) for __fpl_return_NaN
    poly.o(i.__kernel_poly) refers (Special) to usenofp.o(x$fpl$usenofp) for __I$use$fp
    poly.o(i.__kernel_poly) refers to dmul.o(.text) for __aeabi_dmul
    poly.o(i.__kernel_poly) refers to daddsub.o(.text) for __aeabi_dadd
    qnan.o(.constdata) refers (Special) to usenofp.o(x$fpl$usenofp) for __I$use$fp
    libspace.o(.text) refers to libspace.o(.bss) for __libspace_start
    sys_stackheap_outer.o(.text) refers to libspace.o(.text) for __user_perproc_libspace
    sys_stackheap_outer.o(.text) refers to startup_armcm0.o(.text) for __user_initial_stackheap
    sys_stackheap_outer.o(__vectab_stack_and_reset_area) refers to tempstk.o(.text) for __temporary_stack_top
    sys_stackheap_outer.o(__vectab_stack_and_reset_area) refers to __main.o(!!!main) for __main
    exit.o(.text) refers to rtexit.o(.ARM.Collect$$rtexit$$00000000) for __rt_exit
    libinit.o(.ARM.Collect$$libinit$$00000000) refers (Special) to libinit2.o(.ARM.Collect$$libinit$$0000002E) for __rt_lib_init_alloca_1
    libinit.o(.ARM.Collect$$libinit$$00000000) refers (Special) to libinit2.o(.ARM.Collect$$libinit$$0000002C) for __rt_lib_init_argv_1
    libinit.o(.ARM.Collect$$libinit$$00000000) refers (Special) to libinit2.o(.ARM.Collect$$libinit$$0000001B) for __rt_lib_init_atexit_1
    libinit.o(.ARM.Collect$$libinit$$00000000) refers (Special) to libinit2.o(.ARM.Collect$$libinit$$00000021) for __rt_lib_init_clock_1
    libinit.o(.ARM.Collect$$libinit$$00000000) refers (Special) to libinit2.o(.ARM.Collect$$libinit$$00000032) for __rt_lib_init_cpp_1
    libinit.o(.ARM.Collect$$libinit$$00000000) refers (Special) to libinit2.o(.ARM.Collect$$libinit$$00000030) for __rt_lib_init_exceptions_1
    libinit.o(.ARM.Collect$$libinit$$00000000) refers (Special) to libinit2.o(.ARM.Collect$$libinit$$00000002) for __rt_lib_init_fp_1
    libinit.o(.ARM.Collect$$libinit$$00000000) refers (Special) to libinit2.o(.ARM.Collect$$libinit$$0000001F) for __rt_lib_init_fp_trap_1
    libinit.o(.ARM.Collect$$libinit$$00000000) refers (Special) to libinit2.o(.ARM.Collect$$libinit$$00000023) for __rt_lib_init_getenv_1
    libinit.o(.ARM.Collect$$libinit$$00000000) refers (Special) to libinit2.o(.ARM.Collect$$libinit$$0000000A) for __rt_lib_init_heap_1
    libinit.o(.ARM.Collect$$libinit$$00000000) refers (Special) to libinit2.o(.ARM.Collect$$libinit$$00000011) for __rt_lib_init_lc_collate_1
    libinit.o(.ARM.Collect$$libinit$$00000000) refers (Special) to libinit2.o(.ARM.Collect$$libinit$$00000013) for __rt_lib_init_lc_ctype_1
    libinit.o(.ARM.Collect$$libinit$$00000000) refers (Special) to libinit2.o(.ARM.Collect$$libinit$$00000015) for __rt_lib_init_lc_monetary_1
    libinit.o(.ARM.Collect$$libinit$$00000000) refers (Special) to libinit2.o(.ARM.Collect$$libinit$$00000017) for __rt_lib_init_lc_numeric_1
    libinit.o(.ARM.Collect$$libinit$$00000000) refers (Special) to libinit2.o(.ARM.Collect$$libinit$$00000019) for __rt_lib_init_lc_time_1
    libinit.o(.ARM.Collect$$libinit$$00000000) refers (Special) to libinit2.o(.ARM.Collect$$libinit$$00000004) for __rt_lib_init_preinit_1
    libinit.o(.ARM.Collect$$libinit$$00000000) refers (Special) to libinit2.o(.ARM.Collect$$libinit$$0000000E) for __rt_lib_init_rand_1
    libinit.o(.ARM.Collect$$libinit$$00000000) refers (Special) to libinit2.o(.ARM.Collect$$libinit$$00000033) for __rt_lib_init_return
    libinit.o(.ARM.Collect$$libinit$$00000000) refers (Special) to libinit2.o(.ARM.Collect$$libinit$$0000001D) for __rt_lib_init_signal_1
    libinit.o(.ARM.Collect$$libinit$$00000000) refers (Special) to libinit2.o(.ARM.Collect$$libinit$$00000025) for __rt_lib_init_stdio_1
    libinit.o(.ARM.Collect$$libinit$$00000000) refers (Special) to libinit2.o(.ARM.Collect$$libinit$$0000000C) for __rt_lib_init_user_alloc_1
    dcmpin.o(.text) refers (Special) to usenofp.o(x$fpl$usenofp) for __I$use$fp
    dcmpin.o(.text) refers to cmpret.o(.text) for __fpl_cmpreturn
    dcmpin.o(.text) refers to dnan2.o(.text) for __fpl_dcheck_NaN2
    retnan.o(.text) refers (Special) to usenofp.o(x$fpl$usenofp) for __I$use$fp
    retnan.o(.text) refers to cmpret.o(.text) for __fpl_cmpreturn
    rtexit.o(.ARM.Collect$$rtexit$$00000000) refers (Special) to rtexit2.o(.ARM.Collect$$rtexit$$00000004) for __rt_exit_exit
    rtexit.o(.ARM.Collect$$rtexit$$00000000) refers (Special) to rtexit2.o(.ARM.Collect$$rtexit$$00000003) for __rt_exit_ls
    rtexit.o(.ARM.Collect$$rtexit$$00000000) refers (Special) to rtexit2.o(.ARM.Collect$$rtexit$$00000002) for __rt_exit_prels_1
    rtexit.o(.ARM.exidx) refers (Special) to rtexit2.o(.ARM.Collect$$rtexit$$00000004) for __rt_exit_exit
    rtexit.o(.ARM.exidx) refers (Special) to rtexit2.o(.ARM.Collect$$rtexit$$00000003) for __rt_exit_ls
    rtexit.o(.ARM.exidx) refers (Special) to rtexit2.o(.ARM.Collect$$rtexit$$00000002) for __rt_exit_prels_1
    rtexit.o(.ARM.exidx) refers to rtexit.o(.ARM.Collect$$rtexit$$00000000) for .ARM.Collect$$rtexit$$00000000
    libinit2.o(.ARM.Collect$$libinit$$00000010) refers to libinit2.o(.ARM.Collect$$libinit$$0000000F) for .ARM.Collect$$libinit$$0000000F
    libinit2.o(.ARM.Collect$$libinit$$00000012) refers to libinit2.o(.ARM.Collect$$libinit$$0000000F) for .ARM.Collect$$libinit$$0000000F
    libinit2.o(.ARM.Collect$$libinit$$00000014) refers to libinit2.o(.ARM.Collect$$libinit$$0000000F) for .ARM.Collect$$libinit$$0000000F
    libinit2.o(.ARM.Collect$$libinit$$00000016) refers to libinit2.o(.ARM.Collect$$libinit$$0000000F) for .ARM.Collect$$libinit$$0000000F
    libinit2.o(.ARM.Collect$$libinit$$00000018) refers to libinit2.o(.ARM.Collect$$libinit$$0000000F) for .ARM.Collect$$libinit$$0000000F
    libinit2.o(.ARM.Collect$$libinit$$00000026) refers to argv_veneer.o(.text) for __ARM_argv_veneer
    libinit2.o(.ARM.Collect$$libinit$$00000027) refers to argv_veneer.o(.text) for __ARM_argv_veneer
    dnan2.o(.text) refers (Special) to usenofp.o(x$fpl$usenofp) for __I$use$fp
    dnan2.o(.text) refers to retnan.o(.text) for __fpl_return_NaN
    rtexit2.o(.ARM.Collect$$rtexit$$00000003) refers to libshutdown.o(.ARM.Collect$$libshutdown$$00000000) for __rt_lib_shutdown
    rtexit2.o(.ARM.Collect$$rtexit$$00000004) refers to sys_exit.o(.text) for _sys_exit
    rtexit2.o(.ARM.exidx) refers to rtexit2.o(.ARM.Collect$$rtexit$$00000001) for .ARM.Collect$$rtexit$$00000001
    rtexit2.o(.ARM.exidx) refers to rtexit2.o(.ARM.Collect$$rtexit$$00000003) for .ARM.Collect$$rtexit$$00000003
    rtexit2.o(.ARM.exidx) refers to rtexit2.o(.ARM.Collect$$rtexit$$00000004) for .ARM.Collect$$rtexit$$00000004
    sys_exit.o(.text) refers (Special) to use_no_semi.o(.text) for __I$use$semihosting
    sys_exit.o(.text) refers (Special) to indicate_semi.o(.text) for __semihosting_library_function
    _get_argv_nomalloc.o(.text) refers (Special) to hrguard.o(.text) for __heap_region$guard
    _get_argv_nomalloc.o(.text) refers to defsig_rtmem_outer.o(.text) for __rt_SIGRTMEM
    _get_argv_nomalloc.o(.text) refers to sys_command.o(.text) for _sys_command_string
    libshutdown.o(.ARM.Collect$$libshutdown$$00000000) refers (Special) to libshutdown2.o(.ARM.Collect$$libshutdown$$00000006) for __rt_lib_shutdown_fp_trap_1
    libshutdown.o(.ARM.Collect$$libshutdown$$00000000) refers (Special) to libshutdown2.o(.ARM.Collect$$libshutdown$$0000000E) for __rt_lib_shutdown_heap_1
    libshutdown.o(.ARM.Collect$$libshutdown$$00000000) refers (Special) to libshutdown2.o(.ARM.Collect$$libshutdown$$0000000F) for __rt_lib_shutdown_return
    libshutdown.o(.ARM.Collect$$libshutdown$$00000000) refers (Special) to libshutdown2.o(.ARM.Collect$$libshutdown$$00000009) for __rt_lib_shutdown_signal_1
    libshutdown.o(.ARM.Collect$$libshutdown$$00000000) refers (Special) to libshutdown2.o(.ARM.Collect$$libshutdown$$00000003) for __rt_lib_shutdown_stdio_1
    libshutdown.o(.ARM.Collect$$libshutdown$$00000000) refers (Special) to libshutdown2.o(.ARM.Collect$$libshutdown$$0000000B) for __rt_lib_shutdown_user_alloc_1
    sys_command.o(.text) refers (Special) to use_no_semi.o(.text) for __I$use$semihosting
    sys_command.o(.text) refers (Special) to indicate_semi.o(.text) for __semihosting_library_function
    defsig_rtmem_outer.o(.text) refers to defsig_rtmem_inner.o(.text) for __rt_SIGRTMEM_inner
    defsig_rtmem_outer.o(.text) refers to defsig_exit.o(.text) for __sig_exit
    defsig_rtmem_formal.o(.text) refers to rt_raise.o(.text) for __rt_raise
    rt_raise.o(.text) refers to __raise.o(.text) for __raise
    rt_raise.o(.text) refers to sys_exit.o(.text) for _sys_exit
    defsig_exit.o(.text) refers to sys_exit.o(.text) for _sys_exit
    defsig_rtmem_inner.o(.text) refers to defsig_general.o(.text) for __default_signal_display
    __raise.o(.text) refers to defsig.o(CL$$defsig) for __default_signal_handler
    defsig_general.o(.text) refers to sys_wrch.o(.text) for _ttywrch
    sys_wrch.o(.text) refers (Special) to use_no_semi.o(.text) for __I$use$semihosting
    sys_wrch.o(.text) refers (Special) to indicate_semi.o(.text) for __semihosting_library_function
    defsig.o(CL$$defsig) refers to defsig_rtmem_inner.o(.text) for __rt_SIGRTMEM_inner
    defsig_abrt_inner.o(.text) refers to defsig_general.o(.text) for __default_signal_display
    defsig_fpe_inner.o(.text) refers to defsig_general.o(.text) for __default_signal_display
    defsig_rtred_inner.o(.text) refers to defsig_general.o(.text) for __default_signal_display
    defsig_stak_inner.o(.text) refers to defsig_general.o(.text) for __default_signal_display
    defsig_pvfn_inner.o(.text) refers to defsig_general.o(.text) for __default_signal_display
    defsig_cppl_inner.o(.text) refers to defsig_general.o(.text) for __default_signal_display
    defsig_segv_inner.o(.text) refers to defsig_general.o(.text) for __default_signal_display
    defsig_other.o(.text) refers to defsig_general.o(.text) for __default_signal_display


==============================================================================

Removing Unused input sections from the image.

    Removing math_helper.o(.rev16_text), (4 bytes).
    Removing math_helper.o(.revsh_text), (4 bytes).
    Removing arm_fir_data.o(.rev16_text), (4 bytes).
    Removing arm_fir_data.o(.revsh_text), (4 bytes).
    Removing arm_fir_example_f32.o(.rev16_text), (4 bytes).
    Removing arm_fir_example_f32.o(.revsh_text), (4 bytes).
    Removing system_armcm0.o(.rev16_text), (4 bytes).
    Removing system_armcm0.o(.revsh_text), (4 bytes).
    Removing arm_fir_f32.o(.rev16_text), (4 bytes).
    Removing arm_fir_f32.o(.revsh_text), (4 bytes).
    Removing arm_fir_init_f32.o(.rev16_text), (4 bytes).
    Removing arm_fir_init_f32.o(.revsh_text), (4 bytes).

12 unused section(s) (total 48 bytes) removed from the image.

==============================================================================

Image Symbol Table

    Local Symbols

    Symbol Name                              Value     Ov Type        Size  Object(Section)

    RESET                                    0x00000000   Section      192  startup_armcm0.o(RESET)
    ../clib/../cmprslib/lz77c.c              0x00000000   Number         0  __dclz77c.o ABSOLUTE
    ../clib/angel/boardlib.s                 0x00000000   Number         0  boardinit1.o ABSOLUTE
    ../clib/angel/boardlib.s                 0x00000000   Number         0  boardinit2.o ABSOLUTE
    ../clib/angel/boardlib.s                 0x00000000   Number         0  boardinit3.o ABSOLUTE
    ../clib/angel/boardlib.s                 0x00000000   Number         0  boardshut.o ABSOLUTE
    ../clib/angel/handlers.s                 0x00000000   Number         0  __scatter_zi.o ABSOLUTE
    ../clib/angel/kernel.s                   0x00000000   Number         0  rtexit2.o ABSOLUTE
    ../clib/angel/kernel.s                   0x00000000   Number         0  __rtentry2.o ABSOLUTE
    ../clib/angel/kernel.s                   0x00000000   Number         0  rtexit.o ABSOLUTE
    ../clib/angel/kernel.s                   0x00000000   Number         0  __rtentry.o ABSOLUTE
    ../clib/angel/kernel.s                   0x00000000   Number         0  __rtentry4.o ABSOLUTE
    ../clib/angel/rt.s                       0x00000000   Number         0  rt_raise.o ABSOLUTE
    ../clib/angel/rt.s                       0x00000000   Number         0  rt_errno_addr.o ABSOLUTE
    ../clib/angel/rt.s                       0x00000000   Number         0  rt_errno_addr_intlibspace.o ABSOLUTE
    ../clib/angel/scatterp.s                 0x00000000   Number         0  __scatter.o ABSOLUTE
    ../clib/angel/startup.s                  0x00000000   Number         0  __main.o ABSOLUTE
    ../clib/angel/sys.s                      0x00000000   Number         0  use_no_semi.o ABSOLUTE
    ../clib/angel/sys.s                      0x00000000   Number         0  indicate_semi.o ABSOLUTE
    ../clib/angel/sys.s                      0x00000000   Number         0  tempstk.o ABSOLUTE
    ../clib/angel/sys.s                      0x00000000   Number         0  sys_stackheap_outer.o ABSOLUTE
    ../clib/angel/sys.s                      0x00000000   Number         0  libspace.o ABSOLUTE
    ../clib/angel/sysapp.c                   0x00000000   Number         0  sys_wrch.o ABSOLUTE
    ../clib/angel/sysapp.c                   0x00000000   Number         0  sys_command.o ABSOLUTE
    ../clib/angel/sysapp.c                   0x00000000   Number         0  sys_exit.o ABSOLUTE
    ../clib/armsys.c                         0x00000000   Number         0  _get_argv_nomalloc.o ABSOLUTE
    ../clib/armsys.c                         0x00000000   Number         0  argv_veneer.o ABSOLUTE
    ../clib/armsys.c                         0x00000000   Number         0  no_argv.o ABSOLUTE
    ../clib/fenv.c                           0x00000000   Number         0  _rserrno.o ABSOLUTE
    ../clib/heapalloc.c                      0x00000000   Number         0  hrguard.o ABSOLUTE
    ../clib/heapaux.c                        0x00000000   Number         0  heapauxi.o ABSOLUTE
    ../clib/libinit.s                        0x00000000   Number         0  libshutdown.o ABSOLUTE
    ../clib/libinit.s                        0x00000000   Number         0  libinit.o ABSOLUTE
    ../clib/libinit.s                        0x00000000   Number         0  libinit2.o ABSOLUTE
    ../clib/libinit.s                        0x00000000   Number         0  libshutdown2.o ABSOLUTE
    ../clib/memcpset.c                       0x00000000   Number         0  rt_memclr.o ABSOLUTE
    ../clib/signal.c                         0x00000000   Number         0  __raise.o ABSOLUTE
    ../clib/signal.c                         0x00000000   Number         0  defsig_rtmem_inner.o ABSOLUTE
    ../clib/signal.c                         0x00000000   Number         0  defsig_exit.o ABSOLUTE
    ../clib/signal.c                         0x00000000   Number         0  defsig_stak_inner.o ABSOLUTE
    ../clib/signal.c                         0x00000000   Number         0  defsig_other.o ABSOLUTE
    ../clib/signal.c                         0x00000000   Number         0  defsig_segv_inner.o ABSOLUTE
    ../clib/signal.c                         0x00000000   Number         0  defsig_cppl_inner.o ABSOLUTE
    ../clib/signal.c                         0x00000000   Number         0  defsig_pvfn_inner.o ABSOLUTE
    ../clib/signal.c                         0x00000000   Number         0  defsig_fpe_inner.o ABSOLUTE
    ../clib/signal.c                         0x00000000   Number         0  defsig_rtmem_outer.o ABSOLUTE
    ../clib/signal.c                         0x00000000   Number         0  defsig_abrt_inner.o ABSOLUTE
    ../clib/signal.c                         0x00000000   Number         0  defsig_rtred_inner.o ABSOLUTE
    ../clib/signal.c                         0x00000000   Number         0  defsig_rtmem_formal.o ABSOLUTE
    ../clib/signal.c                         0x00000000   Number         0  defsig_general.o ABSOLUTE
    ../clib/signal.s                         0x00000000   Number         0  defsig.o ABSOLUTE
    ../clib/stdlib.c                         0x00000000   Number         0  exit.o ABSOLUTE
    ../fplib/cfplib/cmpret.c                 0x00000000   Number         0  cmpret.o ABSOLUTE
    ../fplib/cfplib/d2f.c                    0x00000000   Number         0  d2f.o ABSOLUTE
    ../fplib/cfplib/daddsub.c                0x00000000   Number         0  daddsub.o ABSOLUTE
    ../fplib/cfplib/dcmpin.c                 0x00000000   Number         0  dcmpin.o ABSOLUTE
    ../fplib/cfplib/ddiv.c                   0x00000000   Number         0  ddiv.o ABSOLUTE
    ../fplib/cfplib/dmul.c                   0x00000000   Number         0  dmul.o ABSOLUTE
    ../fplib/cfplib/f2d.c                    0x00000000   Number         0  f2d.o ABSOLUTE
    ../fplib/cfplib/fcmpin.c                 0x00000000   Number         0  fcmpin.o ABSOLUTE
    ../fplib/cfplib/fdiv.c                   0x00000000   Number         0  fdiv.o ABSOLUTE
    ../fplib/cfplib/ffix.c                   0x00000000   Number         0  dfixi.o ABSOLUTE
    ../fplib/cfplib/ffix.c                   0x00000000   Number         0  ffixi.o ABSOLUTE
    ../fplib/cfplib/fflt.c                   0x00000000   Number         0  dflti.o ABSOLUTE
    ../fplib/cfplib/fflt.c                   0x00000000   Number         0  fflti.o ABSOLUTE
    ../fplib/cfplib/fpinit.c                 0x00000000   Number         0  fpinit.o ABSOLUTE
    ../fplib/cfplib/nan2.c                   0x00000000   Number         0  dnan2.o ABSOLUTE
    ../fplib/cfplib/nan2.c                   0x00000000   Number         0  fnan2.o ABSOLUTE
    ../fplib/cfplib/retnan.c                 0x00000000   Number         0  retnan.o ABSOLUTE
    ../fplib/cfplib/scalbn.c                 0x00000000   Number         0  dscalbn.o ABSOLUTE
    ../fplib/deqf6m.s                        0x00000000   Number         0  deqf.o ABSOLUTE
    ../fplib/faddsub6m.s                     0x00000000   Number         0  faddsub.o ABSOLUTE
    ../fplib/feqf6m.s                        0x00000000   Number         0  feqf.o ABSOLUTE
    ../fplib/fleqf6m.s                       0x00000000   Number         0  flef.o ABSOLUTE
    ../fplib/fmul6m.s                        0x00000000   Number         0  fmul.o ABSOLUTE
    ../fplib/frleqf6m.s                      0x00000000   Number         0  frlef.o ABSOLUTE
    ../fplib/usenofp.s                       0x00000000   Number         0  usenofp.o ABSOLUTE
    ../mathlib/dunder.c                      0x00000000   Number         0  dunder.o ABSOLUTE
    ../mathlib/log.c                         0x00000000   Number         0  log.o ABSOLUTE
    ../mathlib/log.c                         0x00000000   Number         0  log_x.o ABSOLUTE
    ../mathlib/log10.c                       0x00000000   Number         0  log10.o ABSOLUTE
    ../mathlib/log10.c                       0x00000000   Number         0  log10_x.o ABSOLUTE
    ../mathlib/poly.c                        0x00000000   Number         0  poly.o ABSOLUTE
    ../mathlib/qnan.c                        0x00000000   Number         0  qnan.o ABSOLUTE
    ..\FilteringFunctions\arm_fir_f32.c      0x00000000   Number         0  arm_fir_f32.o ABSOLUTE
    ..\FilteringFunctions\arm_fir_init_f32.c 0x00000000   Number         0  arm_fir_init_f32.o ABSOLUTE
    ..\\FilteringFunctions\\arm_fir_f32.c    0x00000000   Number         0  arm_fir_f32.o ABSOLUTE
    ..\\FilteringFunctions\\arm_fir_init_f32.c 0x00000000   Number         0  arm_fir_init_f32.o ABSOLUTE
    RTE\Device\ARMCM0\startup_ARMCM0.s       0x00000000   Number         0  startup_armcm0.o ABSOLUTE
    RTE\Device\ARMCM0\system_ARMCM0.c        0x00000000   Number         0  system_armcm0.o ABSOLUTE
    RTE\\Device\\ARMCM0\\system_ARMCM0.c     0x00000000   Number         0  system_armcm0.o ABSOLUTE
    arm_fir_data.c                           0x00000000   Number         0  arm_fir_data.o ABSOLUTE
    arm_fir_data.c                           0x00000000   Number         0  arm_fir_data.o ABSOLUTE
    arm_fir_example_f32.c                    0x00000000   Number         0  arm_fir_example_f32.o ABSOLUTE
    arm_fir_example_f32.c                    0x00000000   Number         0  arm_fir_example_f32.o ABSOLUTE
    dc.s                                     0x00000000   Number         0  dc.o ABSOLUTE
    math_helper.c                            0x00000000   Number         0  math_helper.o ABSOLUTE
    math_helper.c                            0x00000000   Number         0  math_helper.o ABSOLUTE
    !!!main                                  0x000000c0   Section        8  __main.o(!!!main)
    !!!scatter                               0x000000c8   Section       60  __scatter.o(!!!scatter)
    !!handler_zi                             0x00000104   Section       28  __scatter_zi.o(!!handler_zi)
    .ARM.Collect$$libinit$$00000000          0x00000120   Section        2  libinit.o(.ARM.Collect$$libinit$$00000000)
    .ARM.Collect$$libinit$$00000002          0x00000122   Section        0  libinit2.o(.ARM.Collect$$libinit$$00000002)
    .ARM.Collect$$libinit$$00000004          0x00000122   Section        0  libinit2.o(.ARM.Collect$$libinit$$00000004)
    .ARM.Collect$$libinit$$0000000A          0x00000122   Section        0  libinit2.o(.ARM.Collect$$libinit$$0000000A)
    .ARM.Collect$$libinit$$0000000C          0x00000122   Section        0  libinit2.o(.ARM.Collect$$libinit$$0000000C)
    .ARM.Collect$$libinit$$0000000E          0x00000122   Section        0  libinit2.o(.ARM.Collect$$libinit$$0000000E)
    .ARM.Collect$$libinit$$00000011          0x00000122   Section        0  libinit2.o(.ARM.Collect$$libinit$$00000011)
    .ARM.Collect$$libinit$$00000013          0x00000122   Section        0  libinit2.o(.ARM.Collect$$libinit$$00000013)
    .ARM.Collect$$libinit$$00000015          0x00000122   Section        0  libinit2.o(.ARM.Collect$$libinit$$00000015)
    .ARM.Collect$$libinit$$00000017          0x00000122   Section        0  libinit2.o(.ARM.Collect$$libinit$$00000017)
    .ARM.Collect$$libinit$$00000019          0x00000122   Section        0  libinit2.o(.ARM.Collect$$libinit$$00000019)
    .ARM.Collect$$libinit$$0000001B          0x00000122   Section        0  libinit2.o(.ARM.Collect$$libinit$$0000001B)
    .ARM.Collect$$libinit$$0000001D          0x00000122   Section        0  libinit2.o(.ARM.Collect$$libinit$$0000001D)
    .ARM.Collect$$libinit$$0000001F          0x00000122   Section        0  libinit2.o(.ARM.Collect$$libinit$$0000001F)
    .ARM.Collect$$libinit$$00000021          0x00000122   Section        0  libinit2.o(.ARM.Collect$$libinit$$00000021)
    .ARM.Collect$$libinit$$00000023          0x00000122   Section        0  libinit2.o(.ARM.Collect$$libinit$$00000023)
    .ARM.Collect$$libinit$$00000025          0x00000122   Section        0  libinit2.o(.ARM.Collect$$libinit$$00000025)
    .ARM.Collect$$libinit$$0000002C          0x00000122   Section        0  libinit2.o(.ARM.Collect$$libinit$$0000002C)
    .ARM.Collect$$libinit$$0000002E          0x00000122   Section        0  libinit2.o(.ARM.Collect$$libinit$$0000002E)
    .ARM.Collect$$libinit$$00000030          0x00000122   Section        0  libinit2.o(.ARM.Collect$$libinit$$00000030)
    .ARM.Collect$$libinit$$00000032          0x00000122   Section        0  libinit2.o(.ARM.Collect$$libinit$$00000032)
    .ARM.Collect$$libinit$$00000033          0x00000122   Section        2  libinit2.o(.ARM.Collect$$libinit$$00000033)
    .ARM.Collect$$libshutdown$$00000000      0x00000124   Section        2  libshutdown.o(.ARM.Collect$$libshutdown$$00000000)
    .ARM.Collect$$libshutdown$$00000003      0x00000126   Section        0  libshutdown2.o(.ARM.Collect$$libshutdown$$00000003)
    .ARM.Collect$$libshutdown$$00000006      0x00000126   Section        0  libshutdown2.o(.ARM.Collect$$libshutdown$$00000006)
    .ARM.Collect$$libshutdown$$00000009      0x00000126   Section        0  libshutdown2.o(.ARM.Collect$$libshutdown$$00000009)
    .ARM.Collect$$libshutdown$$0000000B      0x00000126   Section        0  libshutdown2.o(.ARM.Collect$$libshutdown$$0000000B)
    .ARM.Collect$$libshutdown$$0000000E      0x00000126   Section        0  libshutdown2.o(.ARM.Collect$$libshutdown$$0000000E)
    .ARM.Collect$$libshutdown$$0000000F      0x00000126   Section        2  libshutdown2.o(.ARM.Collect$$libshutdown$$0000000F)
    .ARM.Collect$$rtentry$$00000000          0x00000128   Section        0  __rtentry.o(.ARM.Collect$$rtentry$$00000000)
    .ARM.Collect$$rtentry$$00000002          0x00000128   Section        0  __rtentry2.o(.ARM.Collect$$rtentry$$00000002)
    .ARM.Collect$$rtentry$$00000004          0x00000128   Section        6  __rtentry4.o(.ARM.Collect$$rtentry$$00000004)
    .ARM.Collect$$rtentry$$00000009          0x0000012e   Section        0  __rtentry2.o(.ARM.Collect$$rtentry$$00000009)
    .ARM.Collect$$rtentry$$0000000A          0x0000012e   Section        4  __rtentry2.o(.ARM.Collect$$rtentry$$0000000A)
    .ARM.Collect$$rtentry$$0000000C          0x00000132   Section        0  __rtentry2.o(.ARM.Collect$$rtentry$$0000000C)
    .ARM.Collect$$rtentry$$0000000D          0x00000132   Section        8  __rtentry2.o(.ARM.Collect$$rtentry$$0000000D)
    .ARM.Collect$$rtexit$$00000000           0x0000013a   Section        2  rtexit.o(.ARM.Collect$$rtexit$$00000000)
    .ARM.Collect$$rtexit$$00000002           0x0000013c   Section        0  rtexit2.o(.ARM.Collect$$rtexit$$00000002)
    .ARM.Collect$$rtexit$$00000003           0x0000013c   Section        4  rtexit2.o(.ARM.Collect$$rtexit$$00000003)
    .ARM.Collect$$rtexit$$00000004           0x00000140   Section        6  rtexit2.o(.ARM.Collect$$rtexit$$00000004)
    .text                                    0x00000148   Section        0  math_helper.o(.text)
    .text                                    0x000005f8   Section        0  arm_fir_example_f32.o(.text)
    .text                                    0x00000690   Section       56  startup_armcm0.o(.text)
    .text                                    0x000006c8   Section        0  system_armcm0.o(.text)
    .text                                    0x000006e0   Section        0  arm_fir_f32.o(.text)
    .text                                    0x00000818   Section        0  arm_fir_init_f32.o(.text)
    .text                                    0x00000834   Section        0  rt_memclr.o(.text)
    .text                                    0x00000874   Section        0  heapauxi.o(.text)
    .text                                    0x0000087c   Section        0  d2f.o(.text)
    .text                                    0x000008f8   Section        0  daddsub.o(.text)
    _dadd1                                   0x000008f9   Thumb Code   290  daddsub.o(.text)
    _dsub1                                   0x00000a1b   Thumb Code   470  daddsub.o(.text)
    .text                                    0x00000c50   Section        0  dfixi.o(.text)
    .text                                    0x00000cbc   Section        0  dflti.o(.text)
    .text                                    0x00000d14   Section        0  dmul.o(.text)
    .text                                    0x00000f5c   Section        0  f2d.o(.text)
    .text                                    0x00000fb0   Section        0  fdiv.o(.text)
    .text                                    0x00001110   Section        0  ffixi.o(.text)
    .text                                    0x0000115c   Section        0  fflti.o(.text)
    .text                                    0x000011ba   Section        0  _rserrno.o(.text)
    .text                                    0x000011d0   Section        0  dscalbn.o(.text)
    .text                                    0x00001230   Section        0  fcmpin.o(.text)
    .text                                    0x00001294   Section        8  rt_errno_addr_intlibspace.o(.text)
    .text                                    0x0000129c   Section        0  cmpret.o(.text)
    .text                                    0x000012cc   Section        0  ddiv.o(.text)
    .text                                    0x00001714   Section        0  fnan2.o(.text)
    .text                                    0x00001724   Section        8  libspace.o(.text)
    .text                                    0x0000172c   Section       62  sys_stackheap_outer.o(.text)
    .text                                    0x0000176a   Section        0  exit.o(.text)
    .text                                    0x00001778   Section        0  dcmpin.o(.text)
    .text                                    0x00001808   Section        0  retnan.o(.text)
    .text                                    0x00001868   Section        0  dnan2.o(.text)
    .text                                    0x0000187c   Section        0  sys_exit.o(.text)
    .text                                    0x00001888   Section        2  use_no_semi.o(.text)
    .text                                    0x0000188a   Section        0  indicate_semi.o(.text)
    .text                                    0x0000188a   Section        0  __dclz77c.o(.text)
    i.__kernel_poly                          0x000018ea   Section        0  poly.o(i.__kernel_poly)
    i.__mathlib_dbl_divzero                  0x00001998   Section        0  dunder.o(i.__mathlib_dbl_divzero)
    i.__mathlib_dbl_infnan                   0x000019ac   Section        0  dunder.o(i.__mathlib_dbl_infnan)
    i.__mathlib_dbl_invalid                  0x000019b6   Section        0  dunder.o(i.__mathlib_dbl_invalid)
    i.log                                    0x000019c8   Section        0  log.o(i.log)
    i.log10                                  0x00001d1c   Section        0  log10.o(i.log10)
    x$fpl$deqf                               0x00001e08   Section      100  deqf.o(x$fpl$deqf)
    x$fpl$fadd                               0x00001e6c   Section      140  faddsub.o(x$fpl$fadd)
    _fadd1                                   0x00001e79   Thumb Code     0  faddsub.o(x$fpl$fadd)
    x$fpl$feqf                               0x00001ef8   Section       84  feqf.o(x$fpl$feqf)
    x$fpl$fleqf                              0x00001f4c   Section       84  flef.o(x$fpl$fleqf)
    x$fpl$fmul                               0x00001fa0   Section      176  fmul.o(x$fpl$fmul)
    x$fpl$frleqf                             0x00002050   Section       88  frlef.o(x$fpl$frleqf)
    x$fpl$fsub                               0x000020a8   Section      208  faddsub.o(x$fpl$fsub)
    _fsub1                                   0x000020b5   Thumb Code     0  faddsub.o(x$fpl$fsub)
    .constdata                               0x00002178   Section      116  arm_fir_example_f32.o(.constdata)
    x$fpl$usenofp                            0x00002178   Section        0  usenofp.o(x$fpl$usenofp)
    .constdata                               0x000021ec   Section       64  fdiv.o(.constdata)
    fdiv_tab                                 0x000021ec   Data          64  fdiv.o(.constdata)
    .constdata                               0x00002230   Section       56  log.o(.constdata)
    Lg2                                      0x00002230   Data          24  log.o(.constdata)
    Lg                                       0x00002248   Data          32  log.o(.constdata)
    .constdata                               0x00002268   Section      128  ddiv.o(.constdata)
    ddiv_reciptbl                            0x00002268   Data         128  ddiv.o(.constdata)
    .constdata                               0x000022e8   Section        8  qnan.o(.constdata)
    .data                                    0x20000000   Section     2560  arm_fir_data.o(.data)
    .data                                    0x20000a00   Section       12  arm_fir_example_f32.o(.data)
    .data                                    0x20000a0c   Section        4  system_armcm0.o(.data)
    .bss                                     0x20000a10   Section     1520  arm_fir_example_f32.o(.bss)
    testOutput                               0x20000a10   Data        1280  arm_fir_example_f32.o(.bss)
    firStateF32                              0x20000f10   Data         240  arm_fir_example_f32.o(.bss)
    .bss                                     0x20001000   Section       96  libspace.o(.bss)
    HEAP                                     0x20001060   Section     3072  startup_armcm0.o(HEAP)
    Heap_Mem                                 0x20001060   Data        3072  startup_armcm0.o(HEAP)
    STACK                                    0x20001c60   Section     1024  startup_armcm0.o(STACK)
    Stack_Mem                                0x20001c60   Data        1024  startup_armcm0.o(STACK)
    __initial_sp                             0x20002060   Data           0  startup_armcm0.o(STACK)

    Global Symbols

    Symbol Name                              Value     Ov Type        Size  Object(Section)

    BuildAttributes$$THM_ISAv3M$S$PE$A:L22$X:L11$S22$IEEE1$IW$USESV6$~STKCKD$USESV7$~SHL$OTIME$ROPI$IEEEX$EBA8$UX$STANDARDLIB$REQ8$PRES8$EABIv2 0x00000000   Number         0  anon$$obj.o ABSOLUTE
    __ARM_use_no_argv                        0x00000000   Number         0  arm_fir_example_f32.o ABSOLUTE
    __Vectors                                0x00000000   Data           4  startup_armcm0.o(RESET)
    __ARM_exceptions_init                     - Undefined Weak Reference
    __alloca_initialize                       - Undefined Weak Reference
    __arm_preinit_                            - Undefined Weak Reference
    __cpp_initialize__aeabi_                  - Undefined Weak Reference
    __cxa_finalize                            - Undefined Weak Reference
    __rt_locale                               - Undefined Weak Reference
    __sigvec_lookup                           - Undefined Weak Reference
    _atexit_init                              - Undefined Weak Reference
    _call_atexit_fns                          - Undefined Weak Reference
    _clock_init                               - Undefined Weak Reference
    _fp_trap_init                             - Undefined Weak Reference
    _fp_trap_shutdown                         - Undefined Weak Reference
    _get_lc_collate                           - Undefined Weak Reference
    _get_lc_ctype                             - Undefined Weak Reference
    _get_lc_monetary                          - Undefined Weak Reference
    _get_lc_numeric                           - Undefined Weak Reference
    _get_lc_time                              - Undefined Weak Reference
    _getenv_init                              - Undefined Weak Reference
    _handle_redirection                       - Undefined Weak Reference
    _init_alloc                               - Undefined Weak Reference
    _init_user_alloc                          - Undefined Weak Reference
    _initio                                   - Undefined Weak Reference
    _rand_init                                - Undefined Weak Reference
    _signal_finish                            - Undefined Weak Reference
    _signal_init                              - Undefined Weak Reference
    _terminate_alloc                          - Undefined Weak Reference
    _terminate_user_alloc                     - Undefined Weak Reference
    _terminateio                              - Undefined Weak Reference
    __Vectors_End                            0x000000c0   Data           0  startup_armcm0.o(RESET)
    __Vectors_Size                           0x000000c0   Number         0  startup_armcm0.o ABSOLUTE
    __main                                   0x000000c1   Thumb Code     8  __main.o(!!!main)
    __scatterload                            0x000000c9   Thumb Code     0  __scatter.o(!!!scatter)
    __scatterload_rt2                        0x000000c9   Thumb Code    52  __scatter.o(!!!scatter)
    __scatterload_rt2_thumb_only             0x000000c9   Thumb Code     0  __scatter.o(!!!scatter)
    __scatterload_null                       0x000000d9   Thumb Code     0  __scatter.o(!!!scatter)
    __scatterload_zeroinit                   0x00000105   Thumb Code    28  __scatter_zi.o(!!handler_zi)
    __rt_lib_init                            0x00000121   Thumb Code     0  libinit.o(.ARM.Collect$$libinit$$00000000)
    __rt_lib_init_alloca_1                   0x00000123   Thumb Code     0  libinit2.o(.ARM.Collect$$libinit$$0000002E)
    __rt_lib_init_argv_1                     0x00000123   Thumb Code     0  libinit2.o(.ARM.Collect$$libinit$$0000002C)
    __rt_lib_init_atexit_1                   0x00000123   Thumb Code     0  libinit2.o(.ARM.Collect$$libinit$$0000001B)
    __rt_lib_init_clock_1                    0x00000123   Thumb Code     0  libinit2.o(.ARM.Collect$$libinit$$00000021)
    __rt_lib_init_cpp_1                      0x00000123   Thumb Code     0  libinit2.o(.ARM.Collect$$libinit$$00000032)
    __rt_lib_init_exceptions_1               0x00000123   Thumb Code     0  libinit2.o(.ARM.Collect$$libinit$$00000030)
    __rt_lib_init_fp_1                       0x00000123   Thumb Code     0  libinit2.o(.ARM.Collect$$libinit$$00000002)
    __rt_lib_init_fp_trap_1                  0x00000123   Thumb Code     0  libinit2.o(.ARM.Collect$$libinit$$0000001F)
    __rt_lib_init_getenv_1                   0x00000123   Thumb Code     0  libinit2.o(.ARM.Collect$$libinit$$00000023)
    __rt_lib_init_heap_1                     0x00000123   Thumb Code     0  libinit2.o(.ARM.Collect$$libinit$$0000000A)
    __rt_lib_init_lc_collate_1               0x00000123   Thumb Code     0  libinit2.o(.ARM.Collect$$libinit$$00000011)
    __rt_lib_init_lc_ctype_1                 0x00000123   Thumb Code     0  libinit2.o(.ARM.Collect$$libinit$$00000013)
    __rt_lib_init_lc_monetary_1              0x00000123   Thumb Code     0  libinit2.o(.ARM.Collect$$libinit$$00000015)
    __rt_lib_init_lc_numeric_1               0x00000123   Thumb Code     0  libinit2.o(.ARM.Collect$$libinit$$00000017)
    __rt_lib_init_lc_time_1                  0x00000123   Thumb Code     0  libinit2.o(.ARM.Collect$$libinit$$00000019)
    __rt_lib_init_preinit_1                  0x00000123   Thumb Code     0  libinit2.o(.ARM.Collect$$libinit$$00000004)
    __rt_lib_init_rand_1                     0x00000123   Thumb Code     0  libinit2.o(.ARM.Collect$$libinit$$0000000E)
    __rt_lib_init_return                     0x00000123   Thumb Code     0  libinit2.o(.ARM.Collect$$libinit$$00000033)
    __rt_lib_init_signal_1                   0x00000123   Thumb Code     0  libinit2.o(.ARM.Collect$$libinit$$0000001D)
    __rt_lib_init_stdio_1                    0x00000123   Thumb Code     0  libinit2.o(.ARM.Collect$$libinit$$00000025)
    __rt_lib_init_user_alloc_1               0x00000123   Thumb Code     0  libinit2.o(.ARM.Collect$$libinit$$0000000C)
    __rt_lib_shutdown                        0x00000125   Thumb Code     0  libshutdown.o(.ARM.Collect$$libshutdown$$00000000)
    __rt_lib_shutdown_fp_trap_1              0x00000127   Thumb Code     0  libshutdown2.o(.ARM.Collect$$libshutdown$$00000006)
    __rt_lib_shutdown_heap_1                 0x00000127   Thumb Code     0  libshutdown2.o(.ARM.Collect$$libshutdown$$0000000E)
    __rt_lib_shutdown_return                 0x00000127   Thumb Code     0  libshutdown2.o(.ARM.Collect$$libshutdown$$0000000F)
    __rt_lib_shutdown_signal_1               0x00000127   Thumb Code     0  libshutdown2.o(.ARM.Collect$$libshutdown$$00000009)
    __rt_lib_shutdown_stdio_1                0x00000127   Thumb Code     0  libshutdown2.o(.ARM.Collect$$libshutdown$$00000003)
    __rt_lib_shutdown_user_alloc_1           0x00000127   Thumb Code     0  libshutdown2.o(.ARM.Collect$$libshutdown$$0000000B)
    __rt_entry                               0x00000129   Thumb Code     0  __rtentry.o(.ARM.Collect$$rtentry$$00000000)
    __rt_entry_presh_1                       0x00000129   Thumb Code     0  __rtentry2.o(.ARM.Collect$$rtentry$$00000002)
    __rt_entry_sh                            0x00000129   Thumb Code     0  __rtentry4.o(.ARM.Collect$$rtentry$$00000004)
    __rt_entry_li                            0x0000012f   Thumb Code     0  __rtentry2.o(.ARM.Collect$$rtentry$$0000000A)
    __rt_entry_postsh_1                      0x0000012f   Thumb Code     0  __rtentry2.o(.ARM.Collect$$rtentry$$00000009)
    __rt_entry_main                          0x00000133   Thumb Code     0  __rtentry2.o(.ARM.Collect$$rtentry$$0000000D)
    __rt_entry_postli_1                      0x00000133   Thumb Code     0  __rtentry2.o(.ARM.Collect$$rtentry$$0000000C)
    __rt_exit                                0x0000013b   Thumb Code     0  rtexit.o(.ARM.Collect$$rtexit$$00000000)
    __rt_exit_ls                             0x0000013d   Thumb Code     0  rtexit2.o(.ARM.Collect$$rtexit$$00000003)
    __rt_exit_prels_1                        0x0000013d   Thumb Code     0  rtexit2.o(.ARM.Collect$$rtexit$$00000002)
    __rt_exit_exit                           0x00000141   Thumb Code     0  rtexit2.o(.ARM.Collect$$rtexit$$00000004)
    arm_snr_f32                              0x00000149   Thumb Code   200  math_helper.o(.text)
    arm_provide_guard_bits_q15               0x00000211   Thumb Code    26  math_helper.o(.text)
    arm_float_to_q12_20                      0x0000022b   Thumb Code   124  math_helper.o(.text)
    arm_compare_fixed_q15                    0x000002a7   Thumb Code    52  math_helper.o(.text)
    arm_compare_fixed_q31                    0x000002db   Thumb Code    52  math_helper.o(.text)
    arm_provide_guard_bits_q31               0x0000030f   Thumb Code    26  math_helper.o(.text)
    arm_provide_guard_bits_q7                0x00000329   Thumb Code    22  math_helper.o(.text)
    arm_calc_guard_bits                      0x0000033f   Thumb Code    28  math_helper.o(.text)
    arm_calc_2pow                            0x0000035b   Thumb Code    18  math_helper.o(.text)
    arm_apply_guard_bits                     0x0000036d   Thumb Code    48  math_helper.o(.text)
    arm_float_to_q14                         0x0000039d   Thumb Code   128  math_helper.o(.text)
    arm_float_to_q30                         0x0000041d   Thumb Code   124  math_helper.o(.text)
    arm_float_to_q29                         0x00000499   Thumb Code   124  math_helper.o(.text)
    arm_float_to_q28                         0x00000515   Thumb Code   154  math_helper.o(.text)
    arm_clip_f32                             0x000005af   Thumb Code    60  math_helper.o(.text)
    main                                     0x000005f9   Thumb Code   116  arm_fir_example_f32.o(.text)
    Reset_Handler                            0x00000691   Thumb Code     8  startup_armcm0.o(.text)
    NMI_Handler                              0x00000699   Thumb Code     2  startup_armcm0.o(.text)
    HardFault_Handler                        0x0000069b   Thumb Code     2  startup_armcm0.o(.text)
    SVC_Handler                              0x0000069d   Thumb Code     2  startup_armcm0.o(.text)
    PendSV_Handler                           0x0000069f   Thumb Code     2  startup_armcm0.o(.text)
    SysTick_Handler                          0x000006a1   Thumb Code     2  startup_armcm0.o(.text)
    AACI_IRQHandler                          0x000006a3   Thumb Code     0  startup_armcm0.o(.text)
    CAN_IRQHandler                           0x000006a3   Thumb Code     0  startup_armcm0.o(.text)
    CHLCD_IRQHandler                         0x000006a3   Thumb Code     0  startup_armcm0.o(.text)
    CLCD_IRQHandler                          0x000006a3   Thumb Code     0  startup_armcm0.o(.text)
    CPU_CLCD_IRQHandler                      0x000006a3   Thumb Code     0  startup_armcm0.o(.text)
    ENET_IRQHandler                          0x000006a3   Thumb Code     0  startup_armcm0.o(.text)
    FLEXRAY_IRQHandler                       0x000006a3   Thumb Code     0  startup_armcm0.o(.text)
    I2C_IRQHandler                           0x000006a3   Thumb Code     0  startup_armcm0.o(.text)
    LIN_IRQHandler                           0x000006a3   Thumb Code     0  startup_armcm0.o(.text)
    MCIA_IRQHandler                          0x000006a3   Thumb Code     0  startup_armcm0.o(.text)
    MCIB_IRQHandler                          0x000006a3   Thumb Code     0  startup_armcm0.o(.text)
    RTC_IRQHandler                           0x000006a3   Thumb Code     0  startup_armcm0.o(.text)
    SPI_IRQHandler                           0x000006a3   Thumb Code     0  startup_armcm0.o(.text)
    TIM0_IRQHandler                          0x000006a3   Thumb Code     0  startup_armcm0.o(.text)
    TIM2_IRQHandler                          0x000006a3   Thumb Code     0  startup_armcm0.o(.text)
    UART0_IRQHandler                         0x000006a3   Thumb Code     0  startup_armcm0.o(.text)
    UART1_IRQHandler                         0x000006a3   Thumb Code     0  startup_armcm0.o(.text)
    UART2_IRQHandler                         0x000006a3   Thumb Code     0  startup_armcm0.o(.text)
    UART3_IRQHandler                         0x000006a3   Thumb Code     0  startup_armcm0.o(.text)
    UART4_IRQHandler                         0x000006a3   Thumb Code     0  startup_armcm0.o(.text)
    USBDC_IRQHandler                         0x000006a3   Thumb Code     0  startup_armcm0.o(.text)
    USBHC_IRQHandler                         0x000006a3   Thumb Code     0  startup_armcm0.o(.text)
    WDT_IRQHandler                           0x000006a3   Thumb Code     0  startup_armcm0.o(.text)
    __user_initial_stackheap                 0x000006a5   Thumb Code    10  startup_armcm0.o(.text)
    SystemCoreClockUpdate                    0x000006c9   Thumb Code     8  system_armcm0.o(.text)
    SystemInit                               0x000006d1   Thumb Code     8  system_armcm0.o(.text)
    arm_fir_f32                              0x000006e1   Thumb Code   306  arm_fir_f32.o(.text)
    arm_fir_init_f32                         0x00000819   Thumb Code    28  arm_fir_init_f32.o(.text)
    _memset_w                                0x00000835   Thumb Code    26  rt_memclr.o(.text)
    _memset                                  0x0000084f   Thumb Code    30  rt_memclr.o(.text)
    __aeabi_memclr                           0x0000086d   Thumb Code     4  rt_memclr.o(.text)
    __rt_memclr                              0x0000086d   Thumb Code     0  rt_memclr.o(.text)
    __aeabi_memclr4                          0x00000871   Thumb Code     0  rt_memclr.o(.text)
    __aeabi_memclr8                          0x00000871   Thumb Code     0  rt_memclr.o(.text)
    __rt_memclr_w                            0x00000871   Thumb Code     4  rt_memclr.o(.text)
    __use_two_region_memory                  0x00000875   Thumb Code     2  heapauxi.o(.text)
    __rt_heap_escrow$2region                 0x00000877   Thumb Code     2  heapauxi.o(.text)
    __rt_heap_expand$2region                 0x00000879   Thumb Code     2  heapauxi.o(.text)
    __aeabi_d2f                              0x0000087d   Thumb Code     0  d2f.o(.text)
    _d2f                                     0x0000087d   Thumb Code   120  d2f.o(.text)
    __aeabi_dadd                             0x00000bf1   Thumb Code     0  daddsub.o(.text)
    _dadd                                    0x00000bf1   Thumb Code    26  daddsub.o(.text)
    __aeabi_dsub                             0x00000c0b   Thumb Code     0  daddsub.o(.text)
    _dsub                                    0x00000c0b   Thumb Code    22  daddsub.o(.text)
    __aeabi_drsub                            0x00000c21   Thumb Code     0  daddsub.o(.text)
    _drsb                                    0x00000c21   Thumb Code    28  daddsub.o(.text)
    __aeabi_d2iz                             0x00000c51   Thumb Code     0  dfixi.o(.text)
    _dfix                                    0x00000c51   Thumb Code    98  dfixi.o(.text)
    __aeabi_i2d_normalise                    0x00000cbd   Thumb Code    66  dflti.o(.text)
    __aeabi_i2d                              0x00000cff   Thumb Code    16  dflti.o(.text)
    _dflt                                    0x00000cff   Thumb Code     0  dflti.o(.text)
    __aeabi_ui2d                             0x00000d0f   Thumb Code     6  dflti.o(.text)
    _dfltu                                   0x00000d0f   Thumb Code     0  dflti.o(.text)
    __aeabi_dmul                             0x00000d15   Thumb Code     0  dmul.o(.text)
    _dmul                                    0x00000d15   Thumb Code   558  dmul.o(.text)
    __aeabi_f2d                              0x00000f5d   Thumb Code     0  f2d.o(.text)
    _f2d                                     0x00000f5d   Thumb Code    80  f2d.o(.text)
    __aeabi_fdiv                             0x00000fb1   Thumb Code     0  fdiv.o(.text)
    _fdiv                                    0x00000fb1   Thumb Code   334  fdiv.o(.text)
    _frdiv                                   0x000010ff   Thumb Code     8  fdiv.o(.text)
    __aeabi_f2iz                             0x00001111   Thumb Code     0  ffixi.o(.text)
    _ffix                                    0x00001111   Thumb Code    76  ffixi.o(.text)
    __aeabi_i2f_normalise                    0x0000115d   Thumb Code    72  fflti.o(.text)
    __aeabi_i2f                              0x000011a5   Thumb Code    16  fflti.o(.text)
    _fflt                                    0x000011a5   Thumb Code     0  fflti.o(.text)
    __aeabi_ui2f                             0x000011b5   Thumb Code     6  fflti.o(.text)
    _ffltu                                   0x000011b5   Thumb Code     0  fflti.o(.text)
    __read_errno                             0x000011bb   Thumb Code    10  _rserrno.o(.text)
    __set_errno                              0x000011c5   Thumb Code    12  _rserrno.o(.text)
    __ARM_scalbn                             0x000011d1   Thumb Code    84  dscalbn.o(.text)
    __fpl_fcmp_InfNaN                        0x00001231   Thumb Code    96  fcmpin.o(.text)
    __aeabi_errno_addr                       0x00001295   Thumb Code     8  rt_errno_addr_intlibspace.o(.text)
    __errno$intlibspace                      0x00001295   Thumb Code     0  rt_errno_addr_intlibspace.o(.text)
    __rt_errno_addr$intlibspace              0x00001295   Thumb Code     0  rt_errno_addr_intlibspace.o(.text)
    __fpl_cmpreturn                          0x0000129d   Thumb Code    44  cmpret.o(.text)
    __aeabi_ddiv                             0x000012cd   Thumb Code     0  ddiv.o(.text)
    _ddiv                                    0x000012cd   Thumb Code  1072  ddiv.o(.text)
    _drdiv                                   0x000016fd   Thumb Code    20  ddiv.o(.text)
    __fpl_fcheck_NaN2                        0x00001715   Thumb Code    10  fnan2.o(.text)
    __user_libspace                          0x00001725   Thumb Code     8  libspace.o(.text)
    __user_perproc_libspace                  0x00001725   Thumb Code     0  libspace.o(.text)
    __user_perthread_libspace                0x00001725   Thumb Code     0  libspace.o(.text)
    __user_setup_stackheap                   0x0000172d   Thumb Code    62  sys_stackheap_outer.o(.text)
    exit                                     0x0000176b   Thumb Code    12  exit.o(.text)
    __fpl_dcmp_InfNaN                        0x00001779   Thumb Code   140  dcmpin.o(.text)
    __fpl_return_NaN                         0x00001809   Thumb Code    94  retnan.o(.text)
    __fpl_dcheck_NaN2                        0x00001869   Thumb Code    14  dnan2.o(.text)
    _sys_exit                                0x0000187d   Thumb Code     8  sys_exit.o(.text)
    __I$use$semihosting                      0x00001889   Thumb Code     0  use_no_semi.o(.text)
    __use_no_semihosting_swi                 0x00001889   Thumb Code     2  use_no_semi.o(.text)
    __decompress                             0x0000188b   Thumb Code     0  __dclz77c.o(.text)
    __decompress2                            0x0000188b   Thumb Code    96  __dclz77c.o(.text)
    __semihosting_library_function           0x0000188b   Thumb Code     0  indicate_semi.o(.text)
    __kernel_poly                            0x000018eb   Thumb Code   172  poly.o(i.__kernel_poly)
    __mathlib_dbl_divzero                    0x00001999   Thumb Code    16  dunder.o(i.__mathlib_dbl_divzero)
    __mathlib_dbl_infnan                     0x000019ad   Thumb Code    10  dunder.o(i.__mathlib_dbl_infnan)
    __mathlib_dbl_invalid                    0x000019b7   Thumb Code    16  dunder.o(i.__mathlib_dbl_invalid)
    log                                      0x000019c9   Thumb Code   790  log.o(i.log)
    log10                                    0x00001d1d   Thumb Code   200  log10.o(i.log10)
    __aeabi_cdcmpeq                          0x00001e09   Thumb Code     0  deqf.o(x$fpl$deqf)
    _dcmpeq                                  0x00001e09   Thumb Code    94  deqf.o(x$fpl$deqf)
    __aeabi_fadd                             0x00001e6d   Thumb Code     0  faddsub.o(x$fpl$fadd)
    _fadd                                    0x00001e6d   Thumb Code   134  faddsub.o(x$fpl$fadd)
    __aeabi_cfcmpeq                          0x00001ef9   Thumb Code     0  feqf.o(x$fpl$feqf)
    _fcmpeq                                  0x00001ef9   Thumb Code    78  feqf.o(x$fpl$feqf)
    __aeabi_cfcmple                          0x00001f4d   Thumb Code     0  flef.o(x$fpl$fleqf)
    _fcmple                                  0x00001f4d   Thumb Code    78  flef.o(x$fpl$fleqf)
    __aeabi_fmul                             0x00001fa1   Thumb Code     0  fmul.o(x$fpl$fmul)
    _fmul                                    0x00001fa1   Thumb Code   172  fmul.o(x$fpl$fmul)
    __aeabi_cfrcmple                         0x00002051   Thumb Code     0  frlef.o(x$fpl$frleqf)
    _frcmple                                 0x00002051   Thumb Code    84  frlef.o(x$fpl$frleqf)
    __aeabi_fsub                             0x000020a9   Thumb Code     0  faddsub.o(x$fpl$fsub)
    _fsub                                    0x000020a9   Thumb Code   204  faddsub.o(x$fpl$fsub)
    __I$use$fp                               0x00002178   Number         0  usenofp.o(x$fpl$usenofp)
    firCoeffs32                              0x00002178   Data         116  arm_fir_example_f32.o(.constdata)
    __mathlib_zero                           0x000022e8   Data           8  qnan.o(.constdata)
    Region$$Table$$Base                      0x000022f0   Number         0  anon$$obj.o(Region$$Table)
    Region$$Table$$Limit                     0x00002310   Number         0  anon$$obj.o(Region$$Table)
    testInput_f32_1kHz_15kHz                 0x20000000   Data        1280  arm_fir_data.o(.data)
    refOutput                                0x20000500   Data        1280  arm_fir_data.o(.data)
    blockSize                                0x20000a00   Data           4  arm_fir_example_f32.o(.data)
    numBlocks                                0x20000a04   Data           4  arm_fir_example_f32.o(.data)
    snr                                      0x20000a08   Data           4  arm_fir_example_f32.o(.data)
    SystemCoreClock                          0x20000a0c   Data           4  system_armcm0.o(.data)
    __libspace_start                         0x20001000   Data          96  libspace.o(.bss)
    __temporary_stack_top$libspace           0x20001060   Data           0  libspace.o(.bss)



==============================================================================

Memory Map of the image

  Image Entry point : 0x00000691

  Load Region LR_1 (Base: 0x00000000, Size: 0x00002d20, Max: 0xffffffff, ABSOLUTE, COMPRESSED[0x000024c0])

    Execution Region ER_RO (Base: 0x00000000, Size: 0x00002310, Max: 0xffffffff, ABSOLUTE)

    Base Addr    Size         Type   Attr      Idx    E Section Name        Object

    0x00000000   0x000000c0   Data   RO           97    RESET               startup_armcm0.o
    0x000000c0   0x00000008   Code   RO          205  * !!!main             c_p.l(__main.o)
    0x000000c8   0x0000003c   Code   RO          460    !!!scatter          c_p.l(__scatter.o)
    0x00000104   0x0000001c   Code   RO          462    !!handler_zi        c_p.l(__scatter_zi.o)
    0x00000120   0x00000002   Code   RO          325    .ARM.Collect$$libinit$$00000000  c_p.l(libinit.o)
    0x00000122   0x00000000   Code   RO          334    .ARM.Collect$$libinit$$00000002  c_p.l(libinit2.o)
    0x00000122   0x00000000   Code   RO          336    .ARM.Collect$$libinit$$00000004  c_p.l(libinit2.o)
    0x00000122   0x00000000   Code   RO          339    .ARM.Collect$$libinit$$0000000A  c_p.l(libinit2.o)
    0x00000122   0x00000000   Code   RO          341    .ARM.Collect$$libinit$$0000000C  c_p.l(libinit2.o)
    0x00000122   0x00000000   Code   RO          343    .ARM.Collect$$libinit$$0000000E  c_p.l(libinit2.o)
    0x00000122   0x00000000   Code   RO          346    .ARM.Collect$$libinit$$00000011  c_p.l(libinit2.o)
    0x00000122   0x00000000   Code   RO          348    .ARM.Collect$$libinit$$00000013  c_p.l(libinit2.o)
    0x00000122   0x00000000   Code   RO          350    .ARM.Collect$$libinit$$00000015  c_p.l(libinit2.o)
    0x00000122   0x00000000   Code   RO          352    .ARM.Collect$$libinit$$00000017  c_p.l(libinit2.o)
    0x00000122   0x00000000   Code   RO          354    .ARM.Collect$$libinit$$00000019  c_p.l(libinit2.o)
    0x00000122   0x00000000   Code   RO          356    .ARM.Collect$$libinit$$0000001B  c_p.l(libinit2.o)
    0x00000122   0x00000000   Code   RO          358    .ARM.Collect$$libinit$$0000001D  c_p.l(libinit2.o)
    0x00000122   0x00000000   Code   RO          360    .ARM.Collect$$libinit$$0000001F  c_p.l(libinit2.o)
    0x00000122   0x00000000   Code   RO          362    .ARM.Collect$$libinit$$00000021  c_p.l(libinit2.o)
    0x00000122   0x00000000   Code   RO          364    .ARM.Collect$$libinit$$00000023  c_p.l(libinit2.o)
    0x00000122   0x00000000   Code   RO          366    .ARM.Collect$$libinit$$00000025  c_p.l(libinit2.o)
    0x00000122   0x00000000   Code   RO          370    .ARM.Collect$$libinit$$0000002C  c_p.l(libinit2.o)
    0x00000122   0x00000000   Code   RO          372    .ARM.Collect$$libinit$$0000002E  c_p.l(libinit2.o)
    0x00000122   0x00000000   Code   RO          374    .ARM.Collect$$libinit$$00000030  c_p.l(libinit2.o)
    0x00000122   0x00000000   Code   RO          376    .ARM.Collect$$libinit$$00000032  c_p.l(libinit2.o)
    0x00000122   0x00000002   Code   RO          377    .ARM.Collect$$libinit$$00000033  c_p.l(libinit2.o)
    0x00000124   0x00000002   Code   RO          399    .ARM.Collect$$libshutdown$$00000000  c_p.l(libshutdown.o)
    0x00000126   0x00000000   Code   RO          413    .ARM.Collect$$libshutdown$$00000003  c_p.l(libshutdown2.o)
    0x00000126   0x00000000   Code   RO          416    .ARM.Collect$$libshutdown$$00000006  c_p.l(libshutdown2.o)
    0x00000126   0x00000000   Code   RO          419    .ARM.Collect$$libshutdown$$00000009  c_p.l(libshutdown2.o)
    0x00000126   0x00000000   Code   RO          421    .ARM.Collect$$libshutdown$$0000000B  c_p.l(libshutdown2.o)
    0x00000126   0x00000000   Code   RO          424    .ARM.Collect$$libshutdown$$0000000E  c_p.l(libshutdown2.o)
    0x00000126   0x00000002   Code   RO          425    .ARM.Collect$$libshutdown$$0000000F  c_p.l(libshutdown2.o)
    0x00000128   0x00000000   Code   RO          248    .ARM.Collect$$rtentry$$00000000  c_p.l(__rtentry.o)
    0x00000128   0x00000000   Code   RO          281    .ARM.Collect$$rtentry$$00000002  c_p.l(__rtentry2.o)
    0x00000128   0x00000006   Code   RO          293    .ARM.Collect$$rtentry$$00000004  c_p.l(__rtentry4.o)
    0x0000012e   0x00000000   Code   RO          283    .ARM.Collect$$rtentry$$00000009  c_p.l(__rtentry2.o)
    0x0000012e   0x00000004   Code   RO          284    .ARM.Collect$$rtentry$$0000000A  c_p.l(__rtentry2.o)
    0x00000132   0x00000000   Code   RO          286    .ARM.Collect$$rtentry$$0000000C  c_p.l(__rtentry2.o)
    0x00000132   0x00000008   Code   RO          287    .ARM.Collect$$rtentry$$0000000D  c_p.l(__rtentry2.o)
    0x0000013a   0x00000002   Code   RO          331    .ARM.Collect$$rtexit$$00000000  c_p.l(rtexit.o)
    0x0000013c   0x00000000   Code   RO          381    .ARM.Collect$$rtexit$$00000002  c_p.l(rtexit2.o)
    0x0000013c   0x00000004   Code   RO          382    .ARM.Collect$$rtexit$$00000003  c_p.l(rtexit2.o)
    0x00000140   0x00000006   Code   RO          383    .ARM.Collect$$rtexit$$00000004  c_p.l(rtexit2.o)
    0x00000146   0x00000002   PAD
    0x00000148   0x000004b0   Code   RO            3    .text               math_helper.o
    0x000005f8   0x00000098   Code   RO           71    .text               arm_fir_example_f32.o
    0x00000690   0x00000038   Code   RO           98  * .text               startup_armcm0.o
    0x000006c8   0x00000018   Code   RO          104    .text               system_armcm0.o
    0x000006e0   0x00000138   Code   RO          136    .text               arm_cortexM0l_math.lib(arm_fir_f32.o)
    0x00000818   0x0000001c   Code   RO          181    .text               arm_cortexM0l_math.lib(arm_fir_init_f32.o)
    0x00000834   0x00000040   Code   RO          201    .text               c_p.l(rt_memclr.o)
    0x00000874   0x00000006   Code   RO          203    .text               c_p.l(heapauxi.o)
    0x0000087a   0x00000002   PAD
    0x0000087c   0x0000007c   Code   RO          207    .text               fz_ps.l(d2f.o)
    0x000008f8   0x00000358   Code   RO          209    .text               fz_ps.l(daddsub.o)
    0x00000c50   0x0000006c   Code   RO          211    .text               fz_ps.l(dfixi.o)
    0x00000cbc   0x00000058   Code   RO          213    .text               fz_ps.l(dflti.o)
    0x00000d14   0x00000248   Code   RO          215    .text               fz_ps.l(dmul.o)
    0x00000f5c   0x00000054   Code   RO          217    .text               fz_ps.l(f2d.o)
    0x00000fb0   0x00000160   Code   RO          225    .text               fz_ps.l(fdiv.o)
    0x00001110   0x0000004c   Code   RO          230    .text               fz_ps.l(ffixi.o)
    0x0000115c   0x0000005e   Code   RO          232    .text               fz_ps.l(fflti.o)
    0x000011ba   0x00000016   Code   RO          249    .text               c_p.l(_rserrno.o)
    0x000011d0   0x00000060   Code   RO          251    .text               fz_ps.l(dscalbn.o)
    0x00001230   0x00000064   Code   RO          253    .text               fz_ps.l(fcmpin.o)
    0x00001294   0x00000008   Code   RO          298    .text               c_p.l(rt_errno_addr_intlibspace.o)
    0x0000129c   0x00000030   Code   RO          300    .text               fz_ps.l(cmpret.o)
    0x000012cc   0x00000448   Code   RO          302    .text               fz_ps.l(ddiv.o)
    0x00001714   0x00000010   Code   RO          307    .text               fz_ps.l(fnan2.o)
    0x00001724   0x00000008   Code   RO          312    .text               c_p.l(libspace.o)
    0x0000172c   0x0000003e   Code   RO          315    .text               c_p.l(sys_stackheap_outer.o)
    0x0000176a   0x0000000c   Code   RO          318    .text               c_p.l(exit.o)
    0x00001776   0x00000002   PAD
    0x00001778   0x00000090   Code   RO          326    .text               fz_ps.l(dcmpin.o)
    0x00001808   0x0000005e   Code   RO          328    .text               fz_ps.l(retnan.o)
    0x00001866   0x00000002   PAD
    0x00001868   0x00000014   Code   RO          378    .text               fz_ps.l(dnan2.o)
    0x0000187c   0x0000000c   Code   RO          391    .text               c_p.l(sys_exit.o)
    0x00001888   0x00000002   Code   RO          402    .text               c_p.l(use_no_semi.o)
    0x0000188a   0x00000000   Code   RO          404    .text               c_p.l(indicate_semi.o)
    0x0000188a   0x00000060   Code   RO          458    .text               c_p.l(__dclz77c.o)
    0x000018ea   0x000000ac   Code   RO          309    i.__kernel_poly     m_ps.l(poly.o)
    0x00001996   0x00000002   PAD
    0x00001998   0x00000014   Code   RO          256    i.__mathlib_dbl_divzero  m_ps.l(dunder.o)
    0x000019ac   0x0000000a   Code   RO          257    i.__mathlib_dbl_infnan  m_ps.l(dunder.o)
    0x000019b6   0x00000010   Code   RO          259    i.__mathlib_dbl_invalid  m_ps.l(dunder.o)
    0x000019c6   0x00000002   PAD
    0x000019c8   0x00000354   Code   RO          271    i.log               m_ps.l(log.o)
    0x00001d1c   0x000000ec   Code   RO          241    i.log10             m_ps.l(log10.o)
    0x00001e08   0x00000064   Code   RO          305    x$fpl$deqf          fz_ps.l(deqf.o)
    0x00001e6c   0x0000008c   Code   RO          219    x$fpl$fadd          fz_ps.l(faddsub.o)
    0x00001ef8   0x00000054   Code   RO          228    x$fpl$feqf          fz_ps.l(feqf.o)
    0x00001f4c   0x00000054   Code   RO          234    x$fpl$fleqf         fz_ps.l(flef.o)
    0x00001fa0   0x000000b0   Code   RO          236    x$fpl$fmul          fz_ps.l(fmul.o)
    0x00002050   0x00000058   Code   RO          238    x$fpl$frleqf        fz_ps.l(frlef.o)
    0x000020a8   0x000000d0   Code   RO          221    x$fpl$fsub          fz_ps.l(faddsub.o)
    0x00002178   0x00000000   Code   RO          255    x$fpl$usenofp       fz_ps.l(usenofp.o)
    0x00002178   0x00000074   Data   RO           73    .constdata          arm_fir_example_f32.o
    0x000021ec   0x00000040   Data   RO          226    .constdata          fz_ps.l(fdiv.o)
    0x0000222c   0x00000004   PAD
    0x00002230   0x00000038   Data   RO          272    .constdata          m_ps.l(log.o)
    0x00002268   0x00000080   Data   RO          303    .constdata          fz_ps.l(ddiv.o)
    0x000022e8   0x00000008   Data   RO          311    .constdata          m_ps.l(qnan.o)
    0x000022f0   0x00000020   Data   RO          456    Region$$Table       anon$$obj.o


    Execution Region ER_RW (Base: 0x20000000, Size: 0x00000a10, Max: 0xffffffff, ABSOLUTE, COMPRESSED[0x000001b0])

    Base Addr    Size         Type   Attr      Idx    E Section Name        Object

    0x20000000   0x00000a00   Data   RW           54    .data               arm_fir_data.o
    0x20000a00   0x0000000c   Data   RW           74    .data               arm_fir_example_f32.o
    0x20000a0c   0x00000004   Data   RW          105    .data               system_armcm0.o


    Execution Region ER_ZI (Base: 0x20000a10, Size: 0x00001650, Max: 0xffffffff, ABSOLUTE)

    Base Addr    Size         Type   Attr      Idx    E Section Name        Object

    0x20000a10   0x000005f0   Zero   RW           72    .bss                arm_fir_example_f32.o
    0x20001000   0x00000060   Zero   RW          313    .bss                c_p.l(libspace.o)
    0x20001060   0x00000c00   Zero   RW           96    HEAP                startup_armcm0.o
    0x20001c60   0x00000400   Zero   RW           95    STACK               startup_armcm0.o


==============================================================================

Image component sizes


      Code (inc. data)   RO Data    RW Data    ZI Data      Debug   Object Name

         0          0          0       2560          0        633   arm_fir_data.o
       152         36        116         12       1520       1662   arm_fir_example_f32.o
      1200         44          0          0          0      24822   math_helper.o
        56         26        192          0       4096        692   startup_armcm0.o
        24          8          0          4          0        821   system_armcm0.o

    ----------------------------------------------------------------------
      1432        114        340       2576       5616      28630   Object Totals
         0          0         32          0          0          0   (incl. Generated)
         0          0          0          0          0          0   (incl. Padding)

    ----------------------------------------------------------------------

      Code (inc. data)   RO Data    RW Data    ZI Data      Debug   Library Member Name

       312          6          0          0          0      19770   arm_fir_f32.o
        28          0          0          0          0        975   arm_fir_init_f32.o
        96          0          0          0          0          0   __dclz77c.o
         8          0          0          0          0         68   __main.o
         0          0          0          0          0          0   __rtentry.o
        12          0          0          0          0          0   __rtentry2.o
         6          0          0          0          0          0   __rtentry4.o
        60          8          0          0          0          0   __scatter.o
        28          0          0          0          0          0   __scatter_zi.o
        22          0          0          0          0         92   _rserrno.o
        12          0          0          0          0         64   exit.o
         6          0          0          0          0        136   heapauxi.o
         0          0          0          0          0          0   indicate_semi.o
         2          0          0          0          0          0   libinit.o
         2          0          0          0          0          0   libinit2.o
         2          0          0          0          0          0   libshutdown.o
         2          0          0          0          0          0   libshutdown2.o
         8          4          0          0         96         68   libspace.o
         8          4          0          0          0         68   rt_errno_addr_intlibspace.o
        64          0          0          0          0        108   rt_memclr.o
         2          0          0          0          0          0   rtexit.o
        10          0          0          0          0          0   rtexit2.o
        12          4          0          0          0         60   sys_exit.o
        62          0          0          0          0         80   sys_stackheap_outer.o
         2          0          0          0          0         68   use_no_semi.o
        48          4          0          0          0         60   cmpret.o
       124          4          0          0          0         72   d2f.o
       856         20          0          0          0        208   daddsub.o
       144          4          0          0          0         76   dcmpin.o
      1096         26        128          0          0        112   ddiv.o
       100          4          0          0          0         92   deqf.o
       108         10          0          0          0         72   dfixi.o
        88          0          0          0          0         92   dflti.o
       584         26          0          0          0         84   dmul.o
        20          6          0          0          0         68   dnan2.o
        96         12          0          0          0         72   dscalbn.o
        84          4          0          0          0         60   f2d.o
       348          8          0          0          0        160   faddsub.o
       100          4          0          0          0         68   fcmpin.o
       352         10         64          0          0         92   fdiv.o
        84          4          0          0          0         76   feqf.o
        76          0          0          0          0         68   ffixi.o
        94          0          0          0          0         92   fflti.o
        84          4          0          0          0         76   flef.o
       176          4          0          0          0         80   fmul.o
        16          6          0          0          0         68   fnan2.o
        88          4          0          0          0         76   frlef.o
        94          0          0          0          0         68   retnan.o
         0          0          0          0          0          0   usenofp.o
        46          4          0          0          0        204   dunder.o
       852         62         56          0          0        136   log.o
       236         36          0          0          0         76   log10.o
       172          0          0          0          0         76   poly.o
         0          0          8          0          0          0   qnan.o

    ----------------------------------------------------------------------
      6944        292        260          0         96      24041   Library Totals
        12          0          4          0          0          0   (incl. Padding)

    ----------------------------------------------------------------------

      Code (inc. data)   RO Data    RW Data    ZI Data      Debug   Library Name

       340          6          0          0          0      20745   arm_cortexM0l_math.lib
       426         20          0          0         96        812   c_p.l
      4860        164        192          0          0       1992   fz_ps.l
      1306        102         64          0          0        492   m_ps.l

    ----------------------------------------------------------------------
      6944        292        260          0         96      24041   Library Totals

    ----------------------------------------------------------------------

==============================================================================


      Code (inc. data)   RO Data    RW Data    ZI Data      Debug   

      8376        406        600       2576       5712      50891   Grand Totals
      8376        406        600        432       5712      50891   ELF Image Totals (compressed)
      8376        406        600        432          0          0   ROM Totals

==============================================================================

    Total RO  Size (Code + RO Data)                 8976 (   8.77kB)
    Total RW  Size (RW Data + ZI Data)              8288 (   8.09kB)
    Total ROM Size (Code + RO Data + RW Data)       9408 (   9.19kB)

==============================================================================

