<html>
<body>
<pre>
<h1>µVision Build Log</h1>
<h2>Tool Versions:</h2>
IDE-Version: ¦ÌVision V5.12.0.0
Copyright (C) 2014 ARM Ltd and ARM Germany GmbH. All rights reserved.
License Information: lm Microsoft, Microsoft, LIC=R4HGK-ZCAP2-9XVUW-Q0N3S-ARN7M-W3X9I
 
Tool Versions:
Toolchain:       MDK-ARM Professional  Version: 5.12.0.0
Toolchain Path:  d:\Keil_v5\ARM\ARMCC\Bin
C Compiler:      Armcc.exe V5.05 (build 41)
Assembler:       Armasm.exe V5.05 (build 41)
Linker/Locator:  ArmLink.exe V5.05 (build 41)
Library Manager: ArmAr.exe V5.05 (build 41)
Hex Converter:   FromElf.exe V5.05 (build 41)
CPU DLL:         SARMCM3.DLL V5.12.0.0
Dialog DLL:      DCM.DLL V1.13.0.0
    Target DLL: Segger\JL2CM3.dll
Dialog DLL:      TCM.DLL V1.14.2.0
 
<h2>Project:</h2>
C:\Users\V200\Desktop\XLong\XLong\OS\KeilMDKPrj\XLong.uvprojx
Project File Date:  11/05/2015

<h2>Output:</h2>
Rebuild target 'FLASH'
creating preprocessor file for app.c...
compiling app.c...
..\APP\app.c(288): warning:  #1035-D: single-precision operand implicitly converted to double-precision
          while (((2.00 * eps) < delta) || 
..\APP\app.c(290): warning:  #1035-D: single-precision operand implicitly converted to double-precision
              c   = (a + b) / 2.00;
..\APP\app.c(294): warning:  #1035-D: single-precision operand implicitly converted to double-precision
              if (((f_a > 0.0) && (f_c < 0.0)) || 
..\APP\app.c(294): warning:  #1035-D: single-precision operand implicitly converted to double-precision
              if (((f_a > 0.0) && (f_c < 0.0)) || 
..\APP\app.c(295): warning:  #1035-D: single-precision operand implicitly converted to double-precision
                  ((f_a < 0.0) && (f_c > 0.0))) {
..\APP\app.c(295): warning:  #1035-D: single-precision operand implicitly converted to double-precision
                  ((f_a < 0.0) && (f_c > 0.0))) {
..\APP\app.c(297): warning:  #1035-D: single-precision operand implicitly converted to double-precision
              } else if (((f_a > 0.0) && (f_c > 0.0)) || 
..\APP\app.c(297): warning:  #1035-D: single-precision operand implicitly converted to double-precision
              } else if (((f_a > 0.0) && (f_c > 0.0)) || 
..\APP\app.c(298): warning:  #1035-D: single-precision operand implicitly converted to double-precision
                         ((f_a < 0.0) && (f_c < 0.0))) {
..\APP\app.c(298): warning:  #1035-D: single-precision operand implicitly converted to double-precision
                         ((f_a < 0.0) && (f_c < 0.0))) {
..\APP\app.c: 10 warnings, 0 errors
creating preprocessor file for os_app_hooks.c...
compiling os_app_hooks.c...
creating preprocessor file for bsp.c...
compiling bsp.c...
creating preprocessor file for bsp_int.c...
compiling bsp_int.c...
creating preprocessor file for bsp_periph.c...
compiling bsp_periph.c...
assembling cstartup.s...
creating preprocessor file for misc.c...
compiling misc.c...
creating preprocessor file for stm32f4xx_adc.c...
compiling stm32f4xx_adc.c...
creating preprocessor file for stm32f4xx_can.c...
compiling stm32f4xx_can.c...
creating preprocessor file for stm32f4xx_crc.c...
compiling stm32f4xx_crc.c...
creating preprocessor file for stm32f4xx_cryp.c...
compiling stm32f4xx_cryp.c...
creating preprocessor file for stm32f4xx_cryp_aes.c...
compiling stm32f4xx_cryp_aes.c...
creating preprocessor file for stm32f4xx_cryp_des.c...
compiling stm32f4xx_cryp_des.c...
creating preprocessor file for stm32f4xx_cryp_tdes.c...
compiling stm32f4xx_cryp_tdes.c...
creating preprocessor file for stm32f4xx_dac.c...
compiling stm32f4xx_dac.c...
creating preprocessor file for stm32f4xx_dbgmcu.c...
compiling stm32f4xx_dbgmcu.c...
creating preprocessor file for stm32f4xx_dcmi.c...
compiling stm32f4xx_dcmi.c...
creating preprocessor file for stm32f4xx_dma.c...
compiling stm32f4xx_dma.c...
creating preprocessor file for stm32f4xx_exti.c...
compiling stm32f4xx_exti.c...
creating preprocessor file for stm32f4xx_flash.c...
compiling stm32f4xx_flash.c...
creating preprocessor file for stm32f4xx_fsmc.c...
compiling stm32f4xx_fsmc.c...
creating preprocessor file for stm32f4xx_gpio.c...
compiling stm32f4xx_gpio.c...
creating preprocessor file for stm32f4xx_hash.c...
compiling stm32f4xx_hash.c...
creating preprocessor file for stm32f4xx_hash_md5.c...
compiling stm32f4xx_hash_md5.c...
creating preprocessor file for stm32f4xx_hash_sha1.c...
compiling stm32f4xx_hash_sha1.c...
creating preprocessor file for stm32f4xx_i2c.c...
compiling stm32f4xx_i2c.c...
creating preprocessor file for stm32f4xx_iwdg.c...
compiling stm32f4xx_iwdg.c...
creating preprocessor file for stm32f4xx_pwr.c...
compiling stm32f4xx_pwr.c...
creating preprocessor file for stm32f4xx_rcc.c...
compiling stm32f4xx_rcc.c...
creating preprocessor file for stm32f4xx_rng.c...
compiling stm32f4xx_rng.c...
creating preprocessor file for stm32f4xx_rtc.c...
compiling stm32f4xx_rtc.c...
creating preprocessor file for stm32f4xx_sdio.c...
compiling stm32f4xx_sdio.c...
creating preprocessor file for stm32f4xx_spi.c...
compiling stm32f4xx_spi.c...
creating preprocessor file for stm32f4xx_syscfg.c...
compiling stm32f4xx_syscfg.c...
creating preprocessor file for stm32f4xx_tim.c...
compiling stm32f4xx_tim.c...
creating preprocessor file for stm32f4xx_usart.c...
compiling stm32f4xx_usart.c...
creating preprocessor file for stm32f4xx_wwdg.c...
compiling stm32f4xx_wwdg.c...
creating preprocessor file for cpu_core.c...
compiling cpu_core.c...
creating preprocessor file for cpu_c.c...
compiling cpu_c.c...
assembling cpu_a.asm...
creating preprocessor file for lib_ascii.c...
compiling lib_ascii.c...
creating preprocessor file for lib_math.c...
compiling lib_math.c...
creating preprocessor file for lib_mem.c...
compiling lib_mem.c...
creating preprocessor file for lib_str.c...
compiling lib_str.c...
assembling lib_mem_a.asm...
creating preprocessor file for os_cfg_app.c...
compiling os_cfg_app.c...
creating preprocessor file for os_core.c...
compiling os_core.c...
creating preprocessor file for os_dbg.c...
compiling os_dbg.c...
creating preprocessor file for os_flag.c...
compiling os_flag.c...
creating preprocessor file for os_int.c...
compiling os_int.c...
creating preprocessor file for os_mem.c...
compiling os_mem.c...
creating preprocessor file for os_msg.c...
compiling os_msg.c...
creating preprocessor file for os_mutex.c...
compiling os_mutex.c...
creating preprocessor file for os_pend_multi.c...
compiling os_pend_multi.c...
creating preprocessor file for os_prio.c...
compiling os_prio.c...
creating preprocessor file for os_q.c...
compiling os_q.c...
creating preprocessor file for os_sem.c...
compiling os_sem.c...
creating preprocessor file for os_stat.c...
compiling os_stat.c...
creating preprocessor file for os_task.c...
compiling os_task.c...
creating preprocessor file for os_tick.c...
compiling os_tick.c...
creating preprocessor file for os_time.c...
compiling os_time.c...
creating preprocessor file for os_tmr.c...
compiling os_tmr.c...
creating preprocessor file for os_var.c...
compiling os_var.c...
assembling os_cpu_a.asm...
creating preprocessor file for os_cpu_c.c...
compiling os_cpu_c.c...
linking...
Program Size: Code=17852 RO-data=932 RW-data=236 ZI-data=12492  
FromELF: creating hex file...
".\Obj\XLong.axf" - 0 Error(s), 10 Warning(s).

<h2>Collection of Component include folders:</h2>
  C:\Users\V200\Desktop\XLong\XLong\OS\KeilMDKPrj\RTE
  d:\Keil_v5\ARM\PACK\Keil\STM32F4xx_DFP\1.0.8\Device\Include

<h2>Collection of Component Files used:</h2>
