Component: ARM Compiler 5.05 (build 41) Tool: armlink [4d0eb9]

==============================================================================

Section Cross References

    app.o(i.AppTaskCreate) refers to os_task.o(i.OSTaskCreate) for OSTaskCreate
    app.o(i.AppTaskCreate) refers to app.o(.bss) for App_TaskEq0FpStk
    app.o(i.AppTaskCreate) refers to app.o(i.App_TaskEq0Fp) for App_TaskEq0Fp
    app.o(i.AppTaskStart) refers to bsp.o(i.BSP_Init) for BSP_Init
    app.o(i.AppTaskStart) refers to bsp.o(i.BSP_XLong_IOAllocate) for BSP_XLong_IOAllocate
    app.o(i.AppTaskStart) refers to pwm.o(i.BSP_XLong_PWMInit) for BSP_XLong_PWMInit
    app.o(i.AppTaskStart) refers to bsp.o(i.BSP_Tick_Init) for BSP_Tick_Init
    app.o(i.AppTaskStart) refers to os_stat.o(i.OSStatTaskCPUUsageInit) for OSStatTaskCPUUsageInit
    app.o(i.AppTaskStart) refers to app.o(i.AppObjCreate) for AppObjCreate
    app.o(i.AppTaskStart) refers to app.o(i.AppTaskCreate) for AppTaskCreate
    app.o(i.AppTaskStart) refers to bsp.o(i.BSP_LED_Toggle) for BSP_LED_Toggle
    app.o(i.AppTaskStart) refers to os_time.o(i.OSTimeDlyHMSM) for OSTimeDlyHMSM
    app.o(i.App_TaskEq0Fp) refers to f2d.o(.text) for __aeabi_f2d
    app.o(i.App_TaskEq0Fp) refers to dmul.o(.text) for __aeabi_dmul
    app.o(i.App_TaskEq0Fp) refers to d2f.o(.text) for __aeabi_d2f
    app.o(i.App_TaskEq0Fp) refers to ddiv.o(.text) for __aeabi_ddiv
    app.o(i.App_TaskEq0Fp) refers to cos.o(i.__hardfp_cos) for __hardfp_cos
    app.o(i.App_TaskEq0Fp) refers to sin.o(i.__hardfp_sin) for __hardfp_sin
    app.o(i.App_TaskEq0Fp) refers to dadd.o(.text) for __aeabi_dsub
    app.o(i.App_TaskEq0Fp) refers to exp.o(i.__hardfp_exp) for __hardfp_exp
    app.o(i.App_TaskEq0Fp) refers to cdrcmple.o(.text) for __aeabi_cdrcmple
    app.o(i.App_TaskEq0Fp) refers to cdcmple.o(.text) for __aeabi_cdcmple
    app.o(i.App_TaskEq0Fp) refers to lib_math.o(i.Math_Rand) for Math_Rand
    app.o(i.main) refers to bsp_int.o(i.BSP_IntDisAll) for BSP_IntDisAll
    app.o(i.main) refers to cpu_core.o(i.CPU_Init) for CPU_Init
    app.o(i.main) refers to lib_mem.o(i.Mem_Init) for Mem_Init
    app.o(i.main) refers to lib_math.o(i.Math_Init) for Math_Init
    app.o(i.main) refers to os_core.o(i.OSInit) for OSInit
    app.o(i.main) refers to os_task.o(i.OSTaskCreate) for OSTaskCreate
    app.o(i.main) refers to os_core.o(i.OSStart) for OSStart
    app.o(i.main) refers to app.o(.bss) for AppTaskStartStk
    app.o(i.main) refers to app.o(i.AppTaskStart) for AppTaskStart
    os_app_hooks.o(i.App_OS_ClrAllHooks) refers to cpu_a.o(.text) for CPU_SR_Save
    os_app_hooks.o(i.App_OS_ClrAllHooks) refers to os_var.o(.data) for OS_AppTaskCreateHookPtr
    os_app_hooks.o(i.App_OS_SetAllHooks) refers to cpu_a.o(.text) for CPU_SR_Save
    os_app_hooks.o(i.App_OS_SetAllHooks) refers to os_app_hooks.o(i.App_OS_TaskCreateHook) for App_OS_TaskCreateHook
    os_app_hooks.o(i.App_OS_SetAllHooks) refers to os_var.o(.data) for OS_AppTaskCreateHookPtr
    os_app_hooks.o(i.App_OS_SetAllHooks) refers to os_app_hooks.o(i.App_OS_TaskDelHook) for App_OS_TaskDelHook
    os_app_hooks.o(i.App_OS_SetAllHooks) refers to os_app_hooks.o(i.App_OS_TaskReturnHook) for App_OS_TaskReturnHook
    os_app_hooks.o(i.App_OS_SetAllHooks) refers to os_app_hooks.o(i.App_OS_IdleTaskHook) for App_OS_IdleTaskHook
    os_app_hooks.o(i.App_OS_SetAllHooks) refers to os_app_hooks.o(i.App_OS_StatTaskHook) for App_OS_StatTaskHook
    os_app_hooks.o(i.App_OS_SetAllHooks) refers to os_app_hooks.o(i.App_OS_TaskSwHook) for App_OS_TaskSwHook
    os_app_hooks.o(i.App_OS_SetAllHooks) refers to os_app_hooks.o(i.App_OS_TimeTickHook) for App_OS_TimeTickHook
    pwm.o(i.BSP_XLong_PWMInit) refers to stm32f4xx_tim.o(i.TIM_TimeBaseInit) for TIM_TimeBaseInit
    pwm.o(i.BSP_XLong_PWMInit) refers to stm32f4xx_tim.o(i.TIM_OC1Init) for TIM_OC1Init
    pwm.o(i.BSP_XLong_PWMInit) refers to stm32f4xx_tim.o(i.TIM_OC2Init) for TIM_OC2Init
    pwm.o(i.BSP_XLong_PWMInit) refers to stm32f4xx_tim.o(i.TIM_OC3Init) for TIM_OC3Init
    pwm.o(i.BSP_XLong_PWMInit) refers to stm32f4xx_tim.o(i.TIM_OC4Init) for TIM_OC4Init
    pwm.o(i.BSP_XLong_PWMInit) refers to stm32f4xx_tim.o(i.TIM_OC1PreloadConfig) for TIM_OC1PreloadConfig
    pwm.o(i.BSP_XLong_PWMInit) refers to stm32f4xx_tim.o(i.TIM_ARRPreloadConfig) for TIM_ARRPreloadConfig
    pwm.o(i.BSP_XLong_PWMInit) refers to stm32f4xx_tim.o(i.TIM_Cmd) for TIM_Cmd
    pwm.o(i.BSP_XLong_PWMInit) refers to stm32f4xx_tim.o(i.TIM_CtrlPWMOutputs) for TIM_CtrlPWMOutputs
    pwm.o(i.BSP_XLong_PWMInit) refers to pwm.o(i.BSP_XLong_PWMRefresh) for BSP_XLong_PWMRefresh
    pwm.o(i.BSP_XLong_PWMInit) refers to stm32f4xx_tim.o(i.TIM_SetCompare3) for TIM_SetCompare3
    pwm.o(i.BSP_XLong_PWMInit) refers to stm32f4xx_tim.o(i.TIM_SetCompare4) for TIM_SetCompare4
    pwm.o(i.BSP_XLong_PWMInit) refers to stm32f4xx_tim.o(i.TIM_SetCompare1) for TIM_SetCompare1
    pwm.o(i.BSP_XLong_PWMInit) refers to stm32f4xx_tim.o(i.TIM_SetCompare2) for TIM_SetCompare2
[...]
    i.TIM_ARRPreloadConfig                   0x080056ec   Section        0  stm32f4xx_tim.o(i.TIM_ARRPreloadConfig)
    i.TIM_Cmd                                0x08005704   Section        0  stm32f4xx_tim.o(i.TIM_Cmd)
    i.TIM_CtrlPWMOutputs                     0x0800571c   Section        0  stm32f4xx_tim.o(i.TIM_CtrlPWMOutputs)
    i.TIM_OC1Init                            0x0800573c   Section        0  stm32f4xx_tim.o(i.TIM_OC1Init)
    i.TIM_OC1PreloadConfig                   0x080057b8   Section        0  stm32f4xx_tim.o(i.TIM_OC1PreloadConfig)
    i.TIM_OC2Init                            0x080057cc   Section        0  stm32f4xx_tim.o(i.TIM_OC2Init)
    i.TIM_OC3Init                            0x08005870   Section        0  stm32f4xx_tim.o(i.TIM_OC3Init)
    i.TIM_OC4Init                            0x08005910   Section        0  stm32f4xx_tim.o(i.TIM_OC4Init)
    i.TIM_SetCompare1                        0x08005988   Section        0  stm32f4xx_tim.o(i.TIM_SetCompare1)
    i.TIM_SetCompare2                        0x0800598c   Section        0  stm32f4xx_tim.o(i.TIM_SetCompare2)
    i.TIM_SetCompare3                        0x08005990   Section        0  stm32f4xx_tim.o(i.TIM_SetCompare3)
    i.TIM_SetCompare4                        0x08005994   Section        0  stm32f4xx_tim.o(i.TIM_SetCompare4)
    i.TIM_TimeBaseInit                       0x08005998   Section        0  stm32f4xx_tim.o(i.TIM_TimeBaseInit)
    i.__ARM_fpclassify                       0x08005a1c   Section        0  fpclassify.o(i.__ARM_fpclassify)
    i.__hardfp_cos                           0x08005a50   Section        0  cos.o(i.__hardfp_cos)
    i.__hardfp_exp                           0x08005b18   Section        0  exp.o(i.__hardfp_exp)
    i.__hardfp_sin                           0x08005e70   Section        0  sin.o(i.__hardfp_sin)
    i.__ieee754_rem_pio2                     0x08005f38   Section        0  rred.o(i.__ieee754_rem_pio2)
    i.__kernel_cos                           0x08006370   Section        0  cos_i.o(i.__kernel_cos)
    i.__kernel_poly                          0x080064e0   Section        0  poly.o(i.__kernel_poly)
    i.__kernel_sin                           0x080065d8   Section        0  sin_i.o(i.__kernel_sin)
    i.__mathlib_dbl_infnan                   0x08006708   Section        0  dunder.o(i.__mathlib_dbl_infnan)
    i.__mathlib_dbl_invalid                  0x08006720   Section        0  dunder.o(i.__mathlib_dbl_invalid)
    i.__mathlib_dbl_overflow                 0x08006740   Section        0  dunder.o(i.__mathlib_dbl_overflow)
    i.__mathlib_dbl_underflow                0x08006760   Section        0  dunder.o(i.__mathlib_dbl_underflow)
    i.__scatterload_copy                     0x08006780   Section       14  handlers.o(i.__scatterload_copy)
    i.__scatterload_null                     0x0800678e   Section        2  handlers.o(i.__scatterload_null)
    i.__scatterload_zeroinit                 0x08006790   Section       14  handlers.o(i.__scatterload_zeroinit)
    i.__set_errno                            0x080067a0   Section        0  errno.o(i.__set_errno)
    i.fabs                                   0x080067ac   Section        0  fabs.o(i.fabs)
    i.main                                   0x080067c4   Section        0  app.o(i.main)
    .constdata                               0x08006838   Section      148  os_cfg_app.o(.constdata)
    .constdata                               0x080068cc   Section      364  os_dbg.o(.constdata)
    .constdata                               0x08006a38   Section       88  exp.o(.constdata)
    halF                                     0x08006a38   Data          16  exp.o(.constdata)
    ln2HI                                    0x08006a48   Data          16  exp.o(.constdata)
    ln2LO                                    0x08006a58   Data          16  exp.o(.constdata)
    P                                        0x08006a68   Data          40  exp.o(.constdata)
    .constdata                               0x08006a90   Section       48  cos_i.o(.constdata)
    C                                        0x08006a90   Data          48  cos_i.o(.constdata)
    .constdata                               0x08006ac0   Section      200  rred.o(.constdata)
    pio2s                                    0x08006ac0   Data          48  rred.o(.constdata)
    twooverpi                                0x08006af0   Data         152  rred.o(.constdata)
    .constdata                               0x08006b88   Section       40  sin_i.o(.constdata)
    S                                        0x08006b88   Data          40  sin_i.o(.constdata)
    .data                                    0x20000000   Section      150  pwm.o(.data)
    .data                                    0x20000096   Section       16  stm32f4xx_rcc.o(.data)
    APBAHBPrescTable                         0x20000096   Data          16  stm32f4xx_rcc.o(.data)
    .data                                    0x200000a8   Section        4  cpu_core.o(.data)
    .data                                    0x200000ac   Section        4  lib_math.o(.data)
    .data                                    0x200000b0   Section        4  lib_mem.o(.data)
    .data                                    0x200000b4   Section        8  os_prio.o(.data)
    .data                                    0x200000bc   Section      196  os_var.o(.data)
    .data                                    0x20000180   Section        4  os_cpu_c.o(.data)
    .data                                    0x20000184   Section        4  errno.o(.data)
    _errno                                   0x20000184   Data           4  errno.o(.data)
    .bss                                     0x20000188   Section     2944  app.o(.bss)
    AppTaskStartTCB                          0x20000188   Data         192  app.o(.bss)
    AppTaskStartStk                          0x20000248   Data         512  app.o(.bss)
    App_TaskEq0FpTCB                         0x20000448   Data         192  app.o(.bss)
    App_TaskEq0FpStk                         0x20000508   Data        2048  app.o(.bss)
    .bss                                     0x20000d08   Section       64  pwm.o(.bss)
    .bss                                     0x20000d48   Section      364  bsp_int.o(.bss)
    BSP_IntVectTbl                           0x20000d48   Data         364  bsp_int.o(.bss)
    .bss                                     0x20000eb4   Section       16  cpu_core.o(.bss)
    .bss                                     0x20000ec4   Section     3092  lib_mem.o(.bss)
    .bss                                     0x20001ad8   Section     3456  os_cfg_app.o(.bss)
    .bss                                     0x20002858   Section     1596  os_var.o(.bss)
    STACK                                    0x20002e98   Section     1024  cstartup.o(STACK)

    Global Symbols

    Symbol Name                              Value     Ov Type        Size  Object(Section)

    BuildAttributes$$THM_ISAv4$E$P$D$K$B$S$7EM$VFPi3$EXTD16$VFPS$VFMA$PE$A:L22UL41UL21$X:L11$S22US41US21$IEEE1$IW$USESV6$~STKCKD$USESV7$~SHL$OTIME$ROPI$IEEEX$EBA8$MICROLIB$REQ8$PRES8$EABIv2 0x00000000   Number         0  anon$$obj.o ABSOLUTE
    __ARM_use_no_argv                        0x00000000   Number         0  app.o ABSOLUTE
    __cpp_initialize__aeabi_                  - Undefined Weak Reference
    __cxa_finalize                            - Undefined Weak Reference
    _clock_init                               - Undefined Weak Reference
    _microlib_exit                            - Undefined Weak Reference
    __Vectors                                0x08000000   Data           4  cstartup.o(RESET)
    __main                                   0x080001ad   Thumb Code     0  entry.o(.ARM.Collect$$$$00000000)
    _main_stk                                0x080001ad   Thumb Code     0  entry2.o(.ARM.Collect$$$$00000001)
    _main_scatterload                        0x080001b1   Thumb Code     0  entry5.o(.ARM.Collect$$$$00000004)
    __main_after_scatterload                 0x080001b5   Thumb Code     0  entry5.o(.ARM.Collect$$$$00000004)
    _main_clock                              0x080001b5   Thumb Code     0  entry7b.o(.ARM.Collect$$$$00000008)
    _main_cpp_init                           0x080001b5   Thumb Code     0  entry8b.o(.ARM.Collect$$$$0000000A)
    _main_init                               0x080001b5   Thumb Code     0  entry9a.o(.ARM.Collect$$$$0000000B)
    __rt_final_cpp                           0x080001bd   Thumb Code     0  entry10a.o(.ARM.Collect$$$$0000000D)
    __rt_final_exit                          0x080001bd   Thumb Code     0  entry11a.o(.ARM.Collect$$$$0000000F)
    Reset_Handler                            0x080001c1   Thumb Code    36  cstartup.o(.text)
    App_NMI_ISR                              0x080001e5   Thumb Code     2  cstartup.o(.text)
    App_Fault_ISR                            0x080001e7   Thumb Code     2  cstartup.o(.text)
    App_MemFault_ISR                         0x080001e9   Thumb Code     2  cstartup.o(.text)
    App_BusFault_ISR                         0x080001eb   Thumb Code     2  cstartup.o(.text)
    App_UsageFault_ISR                       0x080001ed   Thumb Code     2  cstartup.o(.text)
    App_Spurious_ISR                         0x080001ef   Thumb Code     2  cstartup.o(.text)
    App_Reserved_ISR                         0x080001f1   Thumb Code     2  cstartup.o(.text)
    CPU_IntDis                               0x08000201   Thumb Code     0  cpu_a.o(.text)
    CPU_IntEn                                0x08000205   Thumb Code     0  cpu_a.o(.text)
    CPU_SR_Save                              0x08000209   Thumb Code     0  cpu_a.o(.text)
    CPU_SR_Restore                           0x08000211   Thumb Code     0  cpu_a.o(.text)
    CPU_WaitForInt                           0x08000217   Thumb Code     0  cpu_a.o(.text)
    CPU_WaitForExcept                        0x0800021b   Thumb Code     0  cpu_a.o(.text)
    CPU_CntLeadZeros                         0x0800021f   Thumb Code     0  cpu_a.o(.text)
    CPU_CntTrailZeros                        0x08000225   Thumb Code     0  cpu_a.o(.text)
    CPU_RevBits                              0x0800022f   Thumb Code     0  cpu_a.o(.text)
    __aeabi_dadd                             0x08000235   Thumb Code   322  dadd.o(.text)
    __aeabi_dsub                             0x08000377   Thumb Code     6  dadd.o(.text)
    __aeabi_drsub                            0x0800037d   Thumb Code     6  dadd.o(.text)
    __aeabi_dmul                             0x08000383   Thumb Code   228  dmul.o(.text)
    __aeabi_ddiv                             0x08000467   Thumb Code   222  ddiv.o(.text)
    __aeabi_f2d                              0x08000545   Thumb Code    38  f2d.o(.text)
    __aeabi_cdcmpeq                          0x0800056d   Thumb Code     0  cdcmple.o(.text)
    __aeabi_cdcmple                          0x0800056d   Thumb Code    48  cdcmple.o(.text)
    __aeabi_cdrcmple                         0x0800059d   Thumb Code    48  cdrcmple.o(.text)
    __aeabi_d2f                              0x080005cd   Thumb Code    56  d2f.o(.text)
    __aeabi_llsl                             0x08000605   Thumb Code    30  llshl.o(.text)
    _ll_shift_l                              0x08000605   Thumb Code     0  llshl.o(.text)
    __aeabi_llsr                             0x08000623   Thumb Code    32  llushr.o(.text)
    _ll_ushift_r                             0x08000623   Thumb Code     0  llushr.o(.text)
    __aeabi_lasr                             0x08000643   Thumb Code    36  llsshr.o(.text)
    _ll_sshift_r                             0x08000643   Thumb Code     0  llsshr.o(.text)
    __I$use$fp                               0x08000667   Thumb Code     0  iusefp.o(.text)
    _float_round                             0x08000667   Thumb Code    18  fepilogue.o(.text)
    _float_epilogue                          0x08000679   Thumb Code    92  fepilogue.o(.text)
    _double_round                            0x080006d5   Thumb Code    30  depilogue.o(.text)
    _double_epilogue                         0x080006f3   Thumb Code   156  depilogue.o(.text)
    __aeabi_i2d                              0x0800078f   Thumb Code    34  dflti.o(.text)
    __aeabi_d2iz                             0x080007b1   Thumb Code    62  dfixi.o(.text)
    __scatterload                            0x080007f1   Thumb Code    28  init.o(.text)
    __scatterload_rt2                        0x080007f1   Thumb Code     0  init.o(.text)
    __aeabi_ui2d                             0x08000815   Thumb Code    26  dfltui.o(.text)
    __decompress                             0x0800082f   Thumb Code     0  __dczerorl2.o(.text)
    __decompress1                            0x0800082f   Thumb Code    86  __dczerorl2.o(.text)
    OS_CPU_FP_Reg_Push                       0x08000885   Thumb Code     0  os_cpu_a.o(CODE)
    OS_CPU_FP_Reg_Pop                        0x0800089f   Thumb Code     0  os_cpu_a.o(CODE)
    OSStartHighRdy                           0x080008b1   Thumb Code     0  os_cpu_a.o(CODE)
    OSCtxSw                                  0x08000921   Thumb Code     0  os_cpu_a.o(CODE)
    OSIntCtxSw                               0x0800092b   Thumb Code     0  os_cpu_a.o(CODE)
    OS_CPU_PendSVHandler                     0x08000935   Thumb Code     0  os_cpu_a.o(CODE)
    BSP_CPU_ClkFreq                          0x08000dd9   Thumb Code    14  bsp.o(i.BSP_CPU_ClkFreq)
    BSP_Init                                 0x08000de9   Thumb Code   264  bsp.o(i.BSP_Init)
    BSP_IntDisAll                            0x08000f05   Thumb Code     8  bsp_int.o(i.BSP_IntDisAll)
    BSP_IntHandlerADC                        0x08000f4d   Thumb Code    10  bsp_int.o(i.BSP_IntHandlerADC)
    BSP_IntHandlerCAN1_RX0                   0x08000f57   Thumb Code    10  bsp_int.o(i.BSP_IntHandlerCAN1_RX0)
    BSP_IntHandlerCAN1_RX1                   0x08000f61   Thumb Code    10  bsp_int.o(i.BSP_IntHandlerCAN1_RX1)
    BSP_IntHandlerCAN1_SCE                   0x08000f6b   Thumb Code    10  bsp_int.o(i.BSP_IntHandlerCAN1_SCE)
    BSP_IntHandlerCAN1_TX                    0x08000f75   Thumb Code    10  bsp_int.o(i.BSP_IntHandlerCAN1_TX)
    BSP_IntHandlerCAN2_RX0                   0x08000f7f   Thumb Code    10  bsp_int.o(i.BSP_IntHandlerCAN2_RX0)
    BSP_IntHandlerCAN2_RX1                   0x08000f89   Thumb Code    10  bsp_int.o(i.BSP_IntHandlerCAN2_RX1)
    BSP_IntHandlerCAN2_SCE                   0x08000f93   Thumb Code    10  bsp_int.o(i.BSP_IntHandlerCAN2_SCE)
    BSP_IntHandlerCAN2_TX                    0x08000f9d   Thumb Code    10  bsp_int.o(i.BSP_IntHandlerCAN2_TX)
    BSP_IntHandlerCRYP                       0x08000fa7   Thumb Code    10  bsp_int.o(i.BSP_IntHandlerCRYP)
    BSP_IntHandlerDCMI                       0x08000fb1   Thumb Code    10  bsp_int.o(i.BSP_IntHandlerDCMI)
    BSP_IntHandlerDMA1_CH0                   0x08000fbb   Thumb Code    10  bsp_int.o(i.BSP_IntHandlerDMA1_CH0)
    BSP_IntHandlerDMA1_CH1                   0x08000fc5   Thumb Code    10  bsp_int.o(i.BSP_IntHandlerDMA1_CH1)
    BSP_IntHandlerDMA1_CH2                   0x08000fcf   Thumb Code    10  bsp_int.o(i.BSP_IntHandlerDMA1_CH2)
    BSP_IntHandlerDMA1_CH3                   0x08000fd9   Thumb Code    10  bsp_int.o(i.BSP_IntHandlerDMA1_CH3)
    BSP_IntHandlerDMA1_CH4                   0x08000fe3   Thumb Code    10  bsp_int.o(i.BSP_IntHandlerDMA1_CH4)
    BSP_IntHandlerDMA1_CH5                   0x08000fed   Thumb Code    10  bsp_int.o(i.BSP_IntHandlerDMA1_CH5)
    BSP_IntHandlerDMA1_CH6                   0x08000ff7   Thumb Code    10  bsp_int.o(i.BSP_IntHandlerDMA1_CH6)
    BSP_IntHandlerDMA1_STREAM7               0x08001001   Thumb Code    10  bsp_int.o(i.BSP_IntHandlerDMA1_STREAM7)
    BSP_IntHandlerDMA2D                      0x0800100b   Thumb Code    10  bsp_int.o(i.BSP_IntHandlerDMA2D)
    BSP_IntHandlerDMA2_CH0                   0x08001015   Thumb Code    10  bsp_int.o(i.BSP_IntHandlerDMA2_CH0)
    BSP_IntHandlerDMA2_CH1                   0x0800101f   Thumb Code    10  bsp_int.o(i.BSP_IntHandlerDMA2_CH1)
    BSP_IntHandlerDMA2_CH2                   0x08001029   Thumb Code    10  bsp_int.o(i.BSP_IntHandlerDMA2_CH2)
    BSP_IntHandlerDMA2_CH3                   0x08001033   Thumb Code    10  bsp_int.o(i.BSP_IntHandlerDMA2_CH3)
    BSP_IntHandlerDMA2_CH4                   0x0800103d   Thumb Code    10  bsp_int.o(i.BSP_IntHandlerDMA2_CH4)
    BSP_IntHandlerDMA2_CH5                   0x08001047   Thumb Code    10  bsp_int.o(i.BSP_IntHandlerDMA2_CH5)
    BSP_IntHandlerDMA2_CH6                   0x08001051   Thumb Code    10  bsp_int.o(i.BSP_IntHandlerDMA2_CH6)
    BSP_IntHandlerDMA2_CH7                   0x0800105b   Thumb Code    10  bsp_int.o(i.BSP_IntHandlerDMA2_CH7)
    BSP_IntHandlerETH                        0x08001067   Thumb Code    10  bsp_int.o(i.BSP_IntHandlerETH)
    BSP_IntHandlerETHWakeup                  0x08001071   Thumb Code    10  bsp_int.o(i.BSP_IntHandlerETHWakeup)
    BSP_IntHandlerEXTI0                      0x0800107b   Thumb Code    10  bsp_int.o(i.BSP_IntHandlerEXTI0)
    BSP_IntHandlerEXTI1                      0x08001085   Thumb Code    10  bsp_int.o(i.BSP_IntHandlerEXTI1)
    BSP_IntHandlerEXTI15_10                  0x0800108f   Thumb Code    10  bsp_int.o(i.BSP_IntHandlerEXTI15_10)
    BSP_IntHandlerEXTI2                      0x08001099   Thumb Code    10  bsp_int.o(i.BSP_IntHandlerEXTI2)
    BSP_IntHandlerEXTI3                      0x080010a3   Thumb Code    10  bsp_int.o(i.BSP_IntHandlerEXTI3)
    BSP_IntHandlerEXTI4                      0x080010ad   Thumb Code    10  bsp_int.o(i.BSP_IntHandlerEXTI4)
    BSP_IntHandlerEXTI9_5                    0x080010b7   Thumb Code    10  bsp_int.o(i.BSP_IntHandlerEXTI9_5)
    BSP_IntHandlerFLASH                      0x080010c1   Thumb Code    10  bsp_int.o(i.BSP_IntHandlerFLASH)
    BSP_IntHandlerFPU                        0x080010cb   Thumb Code    10  bsp_int.o(i.BSP_IntHandlerFPU)
    BSP_IntHandlerFSMC                       0x080010d5   Thumb Code    10  bsp_int.o(i.BSP_IntHandlerFSMC)
    BSP_IntHandlerHASH_RNG                   0x080010df   Thumb Code    10  bsp_int.o(i.BSP_IntHandlerHASH_RNG)
    BSP_IntHandlerI2C1_ER                    0x080010e9   Thumb Code    10  bsp_int.o(i.BSP_IntHandlerI2C1_ER)
    BSP_IntHandlerI2C1_EV                    0x080010f3   Thumb Code    10  bsp_int.o(i.BSP_IntHandlerI2C1_EV)
    BSP_IntHandlerI2C2_ER                    0x080010fd   Thumb Code    10  bsp_int.o(i.BSP_IntHandlerI2C2_ER)
    BSP_IntHandlerI2C2_EV                    0x08001107   Thumb Code    10  bsp_int.o(i.BSP_IntHandlerI2C2_EV)
    BSP_IntHandlerI2C3_ER                    0x08001111   Thumb Code    10  bsp_int.o(i.BSP_IntHandlerI2C3_ER)
    BSP_IntHandlerI2C3_EV                    0x0800111b   Thumb Code    10  bsp_int.o(i.BSP_IntHandlerI2C3_EV)
    BSP_IntHandlerLTDC                       0x08001125   Thumb Code    10  bsp_int.o(i.BSP_IntHandlerLTDC)
    BSP_IntHandlerLTDC_ER                    0x0800112f   Thumb Code    10  bsp_int.o(i.BSP_IntHandlerLTDC_ER)
    BSP_IntHandlerOTG_FS                     0x08001139   Thumb Code    10  bsp_int.o(i.BSP_IntHandlerOTG_FS)
    BSP_IntHandlerOTG_FS_WKUP                0x08001143   Thumb Code    10  bsp_int.o(i.BSP_IntHandlerOTG_FS_WKUP)
    BSP_IntHandlerOTG_HS                     0x0800114d   Thumb Code    10  bsp_int.o(i.BSP_IntHandlerOTG_HS)
    BSP_IntHandlerOTG_HS_EP1_IN              0x08001157   Thumb Code    10  bsp_int.o(i.BSP_IntHandlerOTG_HS_EP1_IN)
    BSP_IntHandlerOTG_HS_EP1_OUT             0x08001161   Thumb Code    10  bsp_int.o(i.BSP_IntHandlerOTG_HS_EP1_OUT)
    BSP_IntHandlerOTG_HS_WKUP                0x0800116b   Thumb Code    10  bsp_int.o(i.BSP_IntHandlerOTG_HS_WKUP)
    BSP_IntHandlerPVD                        0x08001175   Thumb Code    10  bsp_int.o(i.BSP_IntHandlerPVD)
    BSP_IntHandlerRCC                        0x0800117f   Thumb Code    10  bsp_int.o(i.BSP_IntHandlerRCC)
    BSP_IntHandlerRTCAlarm                   0x08001189   Thumb Code    10  bsp_int.o(i.BSP_IntHandlerRTCAlarm)
    BSP_IntHandlerRTC_WKUP                   0x08001193   Thumb Code    10  bsp_int.o(i.BSP_IntHandlerRTC_WKUP)
    BSP_IntHandlerSAI1                       0x0800119d   Thumb Code    10  bsp_int.o(i.BSP_IntHandlerSAI1)
    BSP_IntHandlerSDIO                       0x080011a7   Thumb Code    10  bsp_int.o(i.BSP_IntHandlerSDIO)
    BSP_IntHandlerSPI1                       0x080011b1   Thumb Code    10  bsp_int.o(i.BSP_IntHandlerSPI1)
    BSP_IntHandlerSPI2                       0x080011bb   Thumb Code    10  bsp_int.o(i.BSP_IntHandlerSPI2)
    BSP_IntHandlerSPI3                       0x080011c5   Thumb Code    10  bsp_int.o(i.BSP_IntHandlerSPI3)
    BSP_IntHandlerSPI4                       0x080011cf   Thumb Code    10  bsp_int.o(i.BSP_IntHandlerSPI4)
    BSP_IntHandlerSPI5                       0x080011d9   Thumb Code    10  bsp_int.o(i.BSP_IntHandlerSPI5)
    BSP_IntHandlerSPI6                       0x080011e3   Thumb Code    10  bsp_int.o(i.BSP_IntHandlerSPI6)
    BSP_IntHandlerTAMP_STAMP                 0x080011ed   Thumb Code    10  bsp_int.o(i.BSP_IntHandlerTAMP_STAMP)
    BSP_IntHandlerTIM1_BRK_TIM9              0x080011f7   Thumb Code    10  bsp_int.o(i.BSP_IntHandlerTIM1_BRK_TIM9)
    BSP_IntHandlerTIM1_CC                    0x08001201   Thumb Code    10  bsp_int.o(i.BSP_IntHandlerTIM1_CC)
    BSP_IntHandlerTIM1_TRG_COM_TIM11         0x0800120b   Thumb Code    10  bsp_int.o(i.BSP_IntHandlerTIM1_TRG_COM_TIM11)
    BSP_IntHandlerTIM1_UP_TIM10              0x08001215   Thumb Code    10  bsp_int.o(i.BSP_IntHandlerTIM1_UP_TIM10)
    BSP_IntHandlerTIM2                       0x0800121f   Thumb Code    10  bsp_int.o(i.BSP_IntHandlerTIM2)
    BSP_IntHandlerTIM3                       0x08001229   Thumb Code    10  bsp_int.o(i.BSP_IntHandlerTIM3)
    BSP_IntHandlerTIM4                       0x08001233   Thumb Code    10  bsp_int.o(i.BSP_IntHandlerTIM4)
    BSP_IntHandlerTIM5                       0x0800123d   Thumb Code    10  bsp_int.o(i.BSP_IntHandlerTIM5)
    BSP_IntHandlerTIM6_DAC                   0x08001247   Thumb Code    10  bsp_int.o(i.BSP_IntHandlerTIM6_DAC)
    BSP_IntHandlerTIM7                       0x08001251   Thumb Code    10  bsp_int.o(i.BSP_IntHandlerTIM7)
    BSP_IntHandlerTIM8_BRK_TIM12             0x0800125b   Thumb Code    10  bsp_int.o(i.BSP_IntHandlerTIM8_BRK_TIM12)
    BSP_IntHandlerTIM8_CC                    0x08001265   Thumb Code    10  bsp_int.o(i.BSP_IntHandlerTIM8_CC)
    BSP_IntHandlerTIM8_TRG_COM_TIM14         0x0800126f   Thumb Code    10  bsp_int.o(i.BSP_IntHandlerTIM8_TRG_COM_TIM14)
    BSP_IntHandlerTIM8_UP_TIM13              0x08001279   Thumb Code    10  bsp_int.o(i.BSP_IntHandlerTIM8_UP_TIM13)
    BSP_IntHandlerUART7                      0x08001283   Thumb Code    10  bsp_int.o(i.BSP_IntHandlerUART7)
    BSP_IntHandlerUART8                      0x0800128d   Thumb Code    10  bsp_int.o(i.BSP_IntHandlerUART8)
    BSP_IntHandlerUSART1                     0x08001297   Thumb Code    10  bsp_int.o(i.BSP_IntHandlerUSART1)
    BSP_IntHandlerUSART2                     0x080012a1   Thumb Code    10  bsp_int.o(i.BSP_IntHandlerUSART2)
    BSP_IntHandlerUSART3                     0x080012ab   Thumb Code    10  bsp_int.o(i.BSP_IntHandlerUSART3)
    BSP_IntHandlerUSART4                     0x080012b5   Thumb Code    10  bsp_int.o(i.BSP_IntHandlerUSART4)
    BSP_IntHandlerUSART5                     0x080012bf   Thumb Code    10  bsp_int.o(i.BSP_IntHandlerUSART5)
    BSP_IntHandlerUSART6                     0x080012c9   Thumb Code    10  bsp_int.o(i.BSP_IntHandlerUSART6)
    BSP_IntHandlerWWDG                       0x080012d3   Thumb Code    10  bsp_int.o(i.BSP_IntHandlerWWDG)
    BSP_IntInit                              0x080012dd   Thumb Code    22  bsp_int.o(i.BSP_IntInit)
    BSP_IntVectSet                           0x080012f9   Thumb Code    48  bsp_int.o(i.BSP_IntVectSet)
    BSP_LED_Toggle                           0x0800132d   Thumb Code    72  bsp.o(i.BSP_LED_Toggle)
    BSP_PeriphEn                             0x08001379   Thumb Code   428  bsp_periph.o(i.BSP_PeriphEn)
    BSP_Tick_Init                            0x08001529   Thumb Code    24  bsp.o(i.BSP_Tick_Init)
    BSP_XLong_IOAllocate                     0x08001545   Thumb Code  1268  bsp.o(i.BSP_XLong_IOAllocate)
    BSP_XLong_PWMInit                        0x08001a3d   Thumb Code   968  pwm.o(i.BSP_XLong_PWMInit)
    BSP_XLong_PWMRefresh                     0x08001e2d   Thumb Code   624  pwm.o(i.BSP_XLong_PWMRefresh)
    CPU_Init                                 0x080020ad   Thumb Code    12  cpu_core.o(i.CPU_Init)
    CPU_NameClr                              0x080020b9   Thumb Code    42  cpu_core.o(i.CPU_NameClr)
    CPU_SW_Exception                         0x080020f1   Thumb Code     4  cpu_core.o(i.CPU_SW_Exception)
    CPU_TS_TmrFreqSet                        0x08002109   Thumb Code     6  cpu_core.o(i.CPU_TS_TmrFreqSet)
    CPU_TS_TmrInit                           0x08002115   Thumb Code    44  bsp.o(i.CPU_TS_TmrInit)
    CPU_TS_TmrRd                             0x08002149   Thumb Code     6  bsp.o(i.CPU_TS_TmrRd)
    GPIO_Init                                0x08002155   Thumb Code   144  stm32f4xx_gpio.o(i.GPIO_Init)
    GPIO_PinAFConfig                         0x080021e5   Thumb Code    70  stm32f4xx_gpio.o(i.GPIO_PinAFConfig)
    GPIO_ResetBits                           0x0800222b   Thumb Code     4  stm32f4xx_gpio.o(i.GPIO_ResetBits)
    GPIO_SetBits                             0x0800222f   Thumb Code     4  stm32f4xx_gpio.o(i.GPIO_SetBits)
    Math_Init                                0x08002233   Thumb Code    10  lib_math.o(i.Math_Init)
    Math_Rand                                0x0800223d   Thumb Code    52  lib_math.o(i.Math_Rand)
    Math_RandSeed                            0x08002275   Thumb Code    18  lib_math.o(i.Math_RandSeed)
    Math_RandSetSeed                         0x0800228d   Thumb Code    40  lib_math.o(i.Math_RandSetSeed)
    Mem_Clr                                  0x080022b9   Thumb Code    18  lib_mem.o(i.Mem_Clr)
    Mem_Init                                 0x080022cd   Thumb Code    54  lib_mem.o(i.Mem_Init)
    Mem_SegCreate                            0x08002319   Thumb Code    74  lib_mem.o(i.Mem_SegCreate)
    Mem_Set                                  0x08002385   Thumb Code    84  lib_mem.o(i.Mem_Set)
    OSCfg_Init                               0x080023d9   Thumb Code     2  os_cfg_app.o(i.OSCfg_Init)
    OSIdleTaskHook                           0x080023dd   Thumb Code    16  os_cpu_c.o(i.OSIdleTaskHook)
    OSInit                                   0x080023f1   Thumb Code   270  os_core.o(i.OSInit)
    OSInitHook                               0x08002555   Thumb Code    28  os_cpu_c.o(i.OSInitHook)
    OSIntEnter                               0x0800257d   Thumb Code    34  os_core.o(i.OSIntEnter)
    OSIntExit                                0x080025a9   Thumb Code   188  os_core.o(i.OSIntExit)
    OSMutexCreate                            0x08002685   Thumb Code   102  os_mutex.o(i.OSMutexCreate)
    OSMutexPend                              0x080026f5   Thumb Code   450  os_mutex.o(i.OSMutexPend)
    OSMutexPost                              0x080028c5   Thumb Code   384  os_mutex.o(i.OSMutexPost)
    OSSched                                  0x08002a51   Thumb Code   134  os_core.o(i.OSSched)
    OSSchedLock                              0x08002af5   Thumb Code    88  os_core.o(i.OSSchedLock)
    OSSchedUnlock                            0x08002b55   Thumb Code   120  os_core.o(i.OSSchedUnlock)
    OSStart                                  0x08002bd5   Thumb Code    78  os_core.o(i.OSStart)
    OSStatReset                              0x08002c3d   Thumb Code   262  os_stat.o(i.OSStatReset)
    OSStatTaskCPUUsageInit                   0x08002d65   Thumb Code   212  os_stat.o(i.OSStatTaskCPUUsageInit)
    OSStatTaskHook                           0x08002e55   Thumb Code    16  os_cpu_c.o(i.OSStatTaskHook)
    OSTaskCreate                             0x08002e69   Thumb Code   382  os_task.o(i.OSTaskCreate)
    OSTaskCreateHook                         0x08002ff9   Thumb Code    20  os_cpu_c.o(i.OSTaskCreateHook)
    OSTaskDel                                0x08003011   Thumb Code   380  os_task.o(i.OSTaskDel)
    OSTaskDelHook                            0x08003199   Thumb Code    20  os_cpu_c.o(i.OSTaskDelHook)
    OSTaskResume                             0x080031b1   Thumb Code    80  os_task.o(i.OSTaskResume)
    OSTaskReturnHook                         0x08003205   Thumb Code    20  os_cpu_c.o(i.OSTaskReturnHook)
    OSTaskSemPend                            0x0800321d   Thumb Code   446  os_task.o(i.OSTaskSemPend)
    OSTaskSemPost                            0x080033e5   Thumb Code    62  os_task.o(i.OSTaskSemPost)
    OSTaskStkChk                             0x08003425   Thumb Code   188  os_task.o(i.OSTaskStkChk)
    OSTaskStkInit                            0x080034e5   Thumb Code   600  os_cpu_c.o(i.OSTaskStkInit)
    OSTaskSuspend                            0x080037a9   Thumb Code    32  os_task.o(i.OSTaskSuspend)
    OSTaskSwHook                             0x080037cd   Thumb Code   168  os_cpu_c.o(i.OSTaskSwHook)
    OSTimeDly                                0x08003885   Thumb Code   156  os_time.o(i.OSTimeDly)
    OSTimeDlyHMSM                            0x08003929   Thumb Code   382  os_time.o(i.OSTimeDlyHMSM)
    OSTimeTick                               0x08003ab5   Thumb Code    50  os_time.o(i.OSTimeTick)
    OSTimeTickHook                           0x08003af9   Thumb Code    16  os_cpu_c.o(i.OSTimeTickHook)
    OS_CPU_SysTickHandler                    0x08003b0d   Thumb Code    52  os_cpu_c.o(i.OS_CPU_SysTickHandler)
    OS_CPU_SysTickInit                       0x08003b45   Thumb Code    44  os_cpu_c.o(i.OS_CPU_SysTickInit)
    OS_Dbg_Init                              0x08003b75   Thumb Code   146  os_dbg.o(i.OS_Dbg_Init)
    OS_FlagInit                              0x08003d1d   Thumb Code    14  os_flag.o(i.OS_FlagInit)
    OS_IdleTask                              0x08003d35   Thumb Code    58  os_core.o(i.OS_IdleTask)
    OS_IdleTaskInit                          0x08003d79   Thumb Code    66  os_core.o(i.OS_IdleTaskInit)
    OS_MemInit                               0x08003de9   Thumb Code    14  os_mem.o(i.OS_MemInit)
    OS_MsgPoolInit                           0x08003e01   Thumb Code   110  os_msg.o(i.OS_MsgPoolInit)
    OS_MsgQFreeAll                           0x08003e7d   Thumb Code    62  os_msg.o(i.OS_MsgQFreeAll)
    OS_MsgQInit                              0x08003ec1   Thumb Code    14  os_msg.o(i.OS_MsgQInit)
    OS_MutexDbgListAdd                       0x08003ed1   Thumb Code    38  os_mutex.o(i.OS_MutexDbgListAdd)
    OS_MutexGrpAdd                           0x08003f01   Thumb Code     8  os_mutex.o(i.OS_MutexGrpAdd)
    OS_MutexGrpPostAll                       0x08003f09   Thumb Code    96  os_mutex.o(i.OS_MutexGrpPostAll)
    OS_MutexGrpPrioFindHighest               0x08003f69   Thumb Code    44  os_mutex.o(i.OS_MutexGrpPrioFindHighest)
    OS_MutexGrpRemove                        0x08003f95   Thumb Code    28  os_mutex.o(i.OS_MutexGrpRemove)
    OS_MutexInit                             0x08003fb1   Thumb Code    14  os_mutex.o(i.OS_MutexInit)
    OS_Pend                                  0x08003fc9   Thumb Code   100  os_core.o(i.OS_Pend)
    OS_PendDataInit                          0x08004031   Thumb Code    40  os_core.o(i.OS_PendDataInit)
    OS_PendDbgNameAdd                        0x08004059   Thumb Code    66  os_core.o(i.OS_PendDbgNameAdd)
    OS_PendDbgNameRemove                     0x080040b5   Thumb Code    30  os_core.o(i.OS_PendDbgNameRemove)
    OS_PendListChangePrio                    0x080040d9   Thumb Code    58  os_core.o(i.OS_PendListChangePrio)
    OS_PendListInit                          0x08004113   Thumb Code    10  os_core.o(i.OS_PendListInit)
    OS_PendListInsertPrio                    0x0800411d   Thumb Code   102  os_core.o(i.OS_PendListInsertPrio)
    OS_PendListRemove                        0x08004183   Thumb Code    52  os_core.o(i.OS_PendListRemove)
    OS_PendListRemove1                       0x080041b7   Thumb Code    66  os_core.o(i.OS_PendListRemove1)
    OS_Post                                  0x080041f9   Thumb Code   214  os_core.o(i.OS_Post)
    OS_Post1                                 0x080042cf   Thumb Code    44  os_core.o(i.OS_Post1)
    OS_PrioGetHighest                        0x080042fd   Thumb Code    36  os_prio.o(i.OS_PrioGetHighest)
    OS_PrioInit                              0x08004325   Thumb Code    20  os_prio.o(i.OS_PrioInit)
    OS_PrioInsert                            0x0800433d   Thumb Code    32  os_prio.o(i.OS_PrioInsert)
    OS_PrioRemove                            0x08004361   Thumb Code    32  os_prio.o(i.OS_PrioRemove)
    OS_QInit                                 0x08004385   Thumb Code    14  os_q.o(i.OS_QInit)
    OS_RdyListInit                           0x0800439d   Thumb Code    32  os_core.o(i.OS_RdyListInit)
    OS_RdyListInsert                         0x080043c1   Thumb Code    40  os_core.o(i.OS_RdyListInsert)
    OS_RdyListInsertHead                     0x080043ed   Thumb Code    58  os_core.o(i.OS_RdyListInsertHead)
    OS_RdyListInsertTail                     0x0800442d   Thumb Code    56  os_core.o(i.OS_RdyListInsertTail)
    OS_RdyListRemove                         0x08004469   Thumb Code    86  os_core.o(i.OS_RdyListRemove)
    OS_SchedLockTimeMeasStart                0x080044c5   Thumb Code    20  os_core.o(i.OS_SchedLockTimeMeasStart)
    OS_SchedLockTimeMeasStop                 0x080044e1   Thumb Code    44  os_core.o(i.OS_SchedLockTimeMeasStop)
    OS_SemInit                               0x0800451d   Thumb Code    14  os_sem.o(i.OS_SemInit)
    OS_StatTask                              0x08004535   Thumb Code   684  os_stat.o(i.OS_StatTask)
    OS_StatTaskInit                          0x0800481d   Thumb Code   136  os_stat.o(i.OS_StatTaskInit)
    OS_TaskBlock                             0x080048e9   Thumb Code    40  os_core.o(i.OS_TaskBlock)
    OS_TaskChangePrio                        0x08004915   Thumb Code   232  os_task.o(i.OS_TaskChangePrio)
    OS_TaskDbgListAdd                        0x08004a01   Thumb Code    42  os_task.o(i.OS_TaskDbgListAdd)
    OS_TaskDbgListRemove                     0x08004a31   Thumb Code    64  os_task.o(i.OS_TaskDbgListRemove)
    OS_TaskInit                              0x08004a75   Thumb Code    18  os_task.o(i.OS_TaskInit)
    OS_TaskInitTCB                           0x08004a95   Thumb Code   176  os_task.o(i.OS_TaskInitTCB)
    OS_TaskResume                            0x08004b51   Thumb Code   256  os_task.o(i.OS_TaskResume)
    OS_TaskReturn                            0x08004c51   Thumb Code    20  os_task.o(i.OS_TaskReturn)
    OS_TaskSemPost                           0x08004c69   Thumb Code   448  os_task.o(i.OS_TaskSemPost)
    OS_TaskSuspend                           0x08004e2d   Thumb Code   272  os_task.o(i.OS_TaskSuspend)
    OS_TickListInsert                        0x08004f45   Thumb Code   134  os_tick.o(i.OS_TickListInsert)
    OS_TickListInsertDly                     0x08004fcd   Thumb Code   180  os_tick.o(i.OS_TickListInsertDly)
    OS_TickListRemove                        0x08005089   Thumb Code    88  os_tick.o(i.OS_TickListRemove)
    OS_TickListResetPeak                     0x080050e1   Thumb Code     2  os_tick.o(i.OS_TickListResetPeak)
    OS_TickTask                              0x08005291   Thumb Code    90  os_tick.o(i.OS_TickTask)
    OS_TickTaskInit                          0x080052f5   Thumb Code   140  os_tick.o(i.OS_TickTaskInit)
    OS_TmrInit                               0x080053bd   Thumb Code   200  os_tmr.o(i.OS_TmrInit)
    OS_TmrResetPeak                          0x08005509   Thumb Code     2  os_tmr.o(i.OS_TmrResetPeak)
    OS_TmrTask                               0x0800550d   Thumb Code   134  os_tmr.o(i.OS_TmrTask)
    OS_TmrUnlink                             0x080055a1   Thumb Code    58  os_tmr.o(i.OS_TmrUnlink)
    RCC_GetClocksFreq                        0x080055f9   Thumb Code   214  stm32f4xx_rcc.o(i.RCC_GetClocksFreq)
    RCC_TIMCLKPresConfig                     0x080056e1   Thumb Code     6  stm32f4xx_rcc.o(i.RCC_TIMCLKPresConfig)
    TIM_ARRPreloadConfig                     0x080056ed   Thumb Code    24  stm32f4xx_tim.o(i.TIM_ARRPreloadConfig)
    TIM_Cmd                                  0x08005705   Thumb Code    24  stm32f4xx_tim.o(i.TIM_Cmd)
    TIM_CtrlPWMOutputs                       0x0800571d   Thumb Code    30  stm32f4xx_tim.o(i.TIM_CtrlPWMOutputs)
    TIM_OC1Init                              0x0800573d   Thumb Code   114  stm32f4xx_tim.o(i.TIM_OC1Init)
    TIM_OC1PreloadConfig                     0x080057b9   Thumb Code    18  stm32f4xx_tim.o(i.TIM_OC1PreloadConfig)
    TIM_OC2Init                              0x080057cd   Thumb Code   154  stm32f4xx_tim.o(i.TIM_OC2Init)
    TIM_OC3Init                              0x08005871   Thumb Code   150  stm32f4xx_tim.o(i.TIM_OC3Init)
    TIM_OC4Init                              0x08005911   Thumb Code   112  stm32f4xx_tim.o(i.TIM_OC4Init)
    TIM_SetCompare1                          0x08005989   Thumb Code     4  stm32f4xx_tim.o(i.TIM_SetCompare1)
    TIM_SetCompare2                          0x0800598d   Thumb Code     4  stm32f4xx_tim.o(i.TIM_SetCompare2)
    TIM_SetCompare3                          0x08005991   Thumb Code     4  stm32f4xx_tim.o(i.TIM_SetCompare3)
    TIM_SetCompare4                          0x08005995   Thumb Code     4  stm32f4xx_tim.o(i.TIM_SetCompare4)
    TIM_TimeBaseInit                         0x08005999   Thumb Code   104  stm32f4xx_tim.o(i.TIM_TimeBaseInit)
    __ARM_fpclassify                         0x08005a1d   Thumb Code    48  fpclassify.o(i.__ARM_fpclassify)
    __hardfp_cos                             0x08005a51   Thumb Code   180  cos.o(i.__hardfp_cos)
    __hardfp_exp                             0x08005b19   Thumb Code   714  exp.o(i.__hardfp_exp)
    __hardfp_sin                             0x08005e71   Thumb Code   180  sin.o(i.__hardfp_sin)
    __ieee754_rem_pio2                       0x08005f39   Thumb Code   938  rred.o(i.__ieee754_rem_pio2)
    __kernel_cos                             0x08006371   Thumb Code   322  cos_i.o(i.__kernel_cos)
    __kernel_poly                            0x080064e1   Thumb Code   248  poly.o(i.__kernel_poly)
    __kernel_sin                             0x080065d9   Thumb Code   280  sin_i.o(i.__kernel_sin)
    __mathlib_dbl_infnan                     0x08006709   Thumb Code    20  dunder.o(i.__mathlib_dbl_infnan)
    __mathlib_dbl_invalid                    0x08006721   Thumb Code    24  dunder.o(i.__mathlib_dbl_invalid)
    __mathlib_dbl_overflow                   0x08006741   Thumb Code    24  dunder.o(i.__mathlib_dbl_overflow)
    __mathlib_dbl_underflow                  0x08006761   Thumb Code    24  dunder.o(i.__mathlib_dbl_underflow)
    __scatterload_copy                       0x08006781   Thumb Code    14  handlers.o(i.__scatterload_copy)
    __scatterload_null                       0x0800678f   Thumb Code     2  handlers.o(i.__scatterload_null)
    __scatterload_zeroinit                   0x08006791   Thumb Code    14  handlers.o(i.__scatterload_zeroinit)
    __set_errno                              0x080067a1   Thumb Code     6  errno.o(i.__set_errno)
    fabs                                     0x080067ad   Thumb Code    24  fabs.o(i.fabs)
    main                                     0x080067c5   Thumb Code    86  app.o(i.main)
    OSCfg_IdleTaskStkBasePtr                 0x08006838   Data           4  os_cfg_app.o(.constdata)
    OSCfg_IdleTaskStkLimit                   0x0800683c   Data           4  os_cfg_app.o(.constdata)
    OSCfg_IdleTaskStkSize                    0x08006840   Data           4  os_cfg_app.o(.constdata)
    OSCfg_IdleTaskStkSizeRAM                 0x08006844   Data           4  os_cfg_app.o(.constdata)
    OSCfg_IntQBasePtr                        0x08006848   Data           4  os_cfg_app.o(.constdata)
    OSCfg_IntQSize                           0x0800684c   Data           2  os_cfg_app.o(.constdata)
    OSCfg_IntQSizeRAM                        0x08006850   Data           4  os_cfg_app.o(.constdata)
    OSCfg_IntQTaskStkBasePtr                 0x08006854   Data           4  os_cfg_app.o(.constdata)
    OSCfg_IntQTaskStkLimit                   0x08006858   Data           4  os_cfg_app.o(.constdata)
    OSCfg_IntQTaskStkSize                    0x0800685c   Data           4  os_cfg_app.o(.constdata)
    OSCfg_IntQTaskStkSizeRAM                 0x08006860   Data           4  os_cfg_app.o(.constdata)
    OSCfg_ISRStkBasePtr                      0x08006864   Data           4  os_cfg_app.o(.constdata)
    OSCfg_ISRStkSize                         0x08006868   Data           4  os_cfg_app.o(.constdata)
    OSCfg_ISRStkSizeRAM                      0x0800686c   Data           4  os_cfg_app.o(.constdata)
    OSCfg_MsgPoolSize                        0x08006870   Data           2  os_cfg_app.o(.constdata)
    OSCfg_MsgPoolSizeRAM                     0x08006874   Data           4  os_cfg_app.o(.constdata)
    OSCfg_MsgPoolBasePtr                     0x08006878   Data           4  os_cfg_app.o(.constdata)
    OSCfg_StatTaskPrio                       0x0800687c   Data           1  os_cfg_app.o(.constdata)
    OSCfg_StatTaskRate_Hz                    0x08006880   Data           4  os_cfg_app.o(.constdata)
    OSCfg_StatTaskStkBasePtr                 0x08006884   Data           4  os_cfg_app.o(.constdata)
    OSCfg_StatTaskStkLimit                   0x08006888   Data           4  os_cfg_app.o(.constdata)
    OSCfg_StatTaskStkSize                    0x0800688c   Data           4  os_cfg_app.o(.constdata)
    OSCfg_StatTaskStkSizeRAM                 0x08006890   Data           4  os_cfg_app.o(.constdata)
    OSCfg_StkSizeMin                         0x08006894   Data           4  os_cfg_app.o(.constdata)
    OSCfg_TickRate_Hz                        0x08006898   Data           4  os_cfg_app.o(.constdata)
    OSCfg_TickTaskPrio                       0x0800689c   Data           1  os_cfg_app.o(.constdata)
    OSCfg_TickTaskStkBasePtr                 0x080068a0   Data           4  os_cfg_app.o(.constdata)
    OSCfg_TickTaskStkLimit                   0x080068a4   Data           4  os_cfg_app.o(.constdata)
    OSCfg_TickTaskStkSize                    0x080068a8   Data           4  os_cfg_app.o(.constdata)
    OSCfg_TickTaskStkSizeRAM                 0x080068ac   Data           4  os_cfg_app.o(.constdata)
    OSCfg_TmrTaskPrio                        0x080068b0   Data           1  os_cfg_app.o(.constdata)
    OSCfg_TmrTaskRate_Hz                     0x080068b4   Data           4  os_cfg_app.o(.constdata)
    OSCfg_TmrTaskStkBasePtr                  0x080068b8   Data           4  os_cfg_app.o(.constdata)
    OSCfg_TmrTaskStkLimit                    0x080068bc   Data           4  os_cfg_app.o(.constdata)
    OSCfg_TmrTaskStkSize                     0x080068c0   Data           4  os_cfg_app.o(.constdata)
    OSCfg_TmrTaskStkSizeRAM                  0x080068c4   Data           4  os_cfg_app.o(.constdata)
    OSCfg_DataSizeRAM                        0x080068c8   Data           4  os_cfg_app.o(.constdata)
    OSDbg_DbgEn                              0x080068cc   Data           1  os_dbg.o(.constdata)
    OSDbg_ArgChkEn                           0x080068cd   Data           1  os_dbg.o(.constdata)
    OSDbg_AppHooksEn                         0x080068ce   Data           1  os_dbg.o(.constdata)
    OSDbg_EndiannessTest                     0x080068d0   Data           4  os_dbg.o(.constdata)
    OSDbg_CalledFromISRChkEn                 0x080068d4   Data           1  os_dbg.o(.constdata)
    OSDbg_FlagEn                             0x080068d5   Data           1  os_dbg.o(.constdata)
    OSDbg_FlagGrp                            0x080068d8   Data          40  os_dbg.o(.constdata)
    OSDbg_FlagDelEn                          0x08006900   Data           1  os_dbg.o(.constdata)
    OSDbg_FlagModeClrEn                      0x08006901   Data           1  os_dbg.o(.constdata)
    OSDbg_FlagPendAbortEn                    0x08006902   Data           1  os_dbg.o(.constdata)
    OSDbg_FlagGrpSize                        0x08006904   Data           2  os_dbg.o(.constdata)
    OSDbg_FlagWidth                          0x08006906   Data           2  os_dbg.o(.constdata)
    OSDbg_IntQ                               0x08006908   Data           2  os_dbg.o(.constdata)
    OSDbg_ISRPostDeferredEn                  0x0800690a   Data           1  os_dbg.o(.constdata)
    OSDbg_Mem                                0x0800690c   Data          32  os_dbg.o(.constdata)
    OSDbg_MemEn                              0x0800692c   Data           1  os_dbg.o(.constdata)
    OSDbg_MemSize                            0x0800692e   Data           2  os_dbg.o(.constdata)
    OSDbg_MsgEn                              0x08006930   Data           1  os_dbg.o(.constdata)
    OSDbg_MsgSize                            0x08006932   Data           2  os_dbg.o(.constdata)
    OSDbg_MsgPoolSize                        0x08006934   Data           2  os_dbg.o(.constdata)
    OSDbg_MsgQSize                           0x08006936   Data           2  os_dbg.o(.constdata)
    OSDbg_Mutex                              0x08006938   Data          48  os_dbg.o(.constdata)
    OSDbg_MutexEn                            0x08006968   Data           1  os_dbg.o(.constdata)
    OSDbg_MutexDelEn                         0x08006969   Data           1  os_dbg.o(.constdata)
    OSDbg_MutexPendAbortEn                   0x0800696a   Data           1  os_dbg.o(.constdata)
    OSDbg_MutexSize                          0x0800696c   Data           2  os_dbg.o(.constdata)
    OSDbg_ObjTypeChkEn                       0x0800696e   Data           1  os_dbg.o(.constdata)
    OSDbg_PendMultiEn                        0x0800696f   Data           1  os_dbg.o(.constdata)
    OSDbg_PendDataSize                       0x08006970   Data           2  os_dbg.o(.constdata)
    OSDbg_PendListSize                       0x08006972   Data           2  os_dbg.o(.constdata)
    OSDbg_PendObjSize                        0x08006974   Data           2  os_dbg.o(.constdata)
    OSDbg_PrioMax                            0x08006976   Data           2  os_dbg.o(.constdata)
    OSDbg_PrioTblSize                        0x08006978   Data           2  os_dbg.o(.constdata)
    OSDbg_PtrSize                            0x0800697a   Data           2  os_dbg.o(.constdata)
    OSDbg_Q                                  0x0800697c   Data          48  os_dbg.o(.constdata)
    OSDbg_QEn                                0x080069ac   Data           1  os_dbg.o(.constdata)
    OSDbg_QDelEn                             0x080069ad   Data           1  os_dbg.o(.constdata)
    OSDbg_QFlushEn                           0x080069ae   Data           1  os_dbg.o(.constdata)
    OSDbg_QPendAbortEn                       0x080069af   Data           1  os_dbg.o(.constdata)
    OSDbg_QSize                              0x080069b0   Data           2  os_dbg.o(.constdata)
    OSDbg_SchedRoundRobinEn                  0x080069b2   Data           1  os_dbg.o(.constdata)
    OSDbg_Sem                                0x080069b4   Data          40  os_dbg.o(.constdata)
    OSDbg_SemEn                              0x080069dc   Data           1  os_dbg.o(.constdata)
    OSDbg_SemDelEn                           0x080069dd   Data           1  os_dbg.o(.constdata)
    OSDbg_SemPendAbortEn                     0x080069de   Data           1  os_dbg.o(.constdata)
    OSDbg_SemSetEn                           0x080069df   Data           1  os_dbg.o(.constdata)
    OSDbg_SemSize                            0x080069e0   Data           2  os_dbg.o(.constdata)
    OSDbg_RdyList                            0x080069e2   Data           2  os_dbg.o(.constdata)
    OSDbg_RdyListSize                        0x080069e4   Data           4  os_dbg.o(.constdata)
    OSDbg_StkWidth                           0x080069e8   Data           1  os_dbg.o(.constdata)
    OSDbg_StatTaskEn                         0x080069e9   Data           1  os_dbg.o(.constdata)
    OSDbg_StatTaskStkChkEn                   0x080069ea   Data           1  os_dbg.o(.constdata)
    OSDbg_TaskChangePrioEn                   0x080069eb   Data           1  os_dbg.o(.constdata)
    OSDbg_TaskDelEn                          0x080069ec   Data           1  os_dbg.o(.constdata)
    OSDbg_TaskQEn                            0x080069ed   Data           1  os_dbg.o(.constdata)
    OSDbg_TaskQPendAbortEn                   0x080069ee   Data           1  os_dbg.o(.constdata)
    OSDbg_TaskProfileEn                      0x080069ef   Data           1  os_dbg.o(.constdata)
    OSDbg_TaskRegTblSize                     0x080069f0   Data           2  os_dbg.o(.constdata)
    OSDbg_TaskSemPendAbortEn                 0x080069f2   Data           1  os_dbg.o(.constdata)
    OSDbg_TaskSuspendEn                      0x080069f3   Data           1  os_dbg.o(.constdata)
    OSDbg_TCBSize                            0x080069f4   Data           2  os_dbg.o(.constdata)
    OSDbg_TickListSize                       0x080069f6   Data           2  os_dbg.o(.constdata)
    OSDbg_TimeDlyHMSMEn                      0x080069f8   Data           1  os_dbg.o(.constdata)
    OSDbg_TimeDlyResumeEn                    0x080069f9   Data           1  os_dbg.o(.constdata)
    OSDbg_TLS_TblSize                        0x080069fa   Data           2  os_dbg.o(.constdata)
    OSDbg_Tmr                                0x080069fc   Data          48  os_dbg.o(.constdata)
    OSDbg_TmrEn                              0x08006a2c   Data           1  os_dbg.o(.constdata)
    OSDbg_TmrDelEn                           0x08006a2d   Data           1  os_dbg.o(.constdata)
    OSDbg_TmrSize                            0x08006a2e   Data           2  os_dbg.o(.constdata)
    OSDbg_VersionNbr                         0x08006a30   Data           2  os_dbg.o(.constdata)
    OSDbg_DataSize                           0x08006a34   Data           4  os_dbg.o(.constdata)
    Region$$Table$$Base                      0x08006bb0   Number         0  anon$$obj.o(Region$$Table)
    Region$$Table$$Limit                     0x08006bd0   Number         0  anon$$obj.o(Region$$Table)
    BSP_XLongPWM_GroupPara                   0x20000000   Data          54  pwm.o(.data)
    BSP_XLongPWM_MultiPara                   0x20000036   Data          96  pwm.o(.data)
    CPU_TS_TmrFreq_Hz                        0x200000a8   Data           4  cpu_core.o(.data)
    Math_RandSeedCur                         0x200000ac   Data           4  lib_math.o(.data)
    Mem_SegHeadPtr                           0x200000b0   Data           4  lib_mem.o(.data)
    OSPrioTbl                                0x200000b4   Data           8  os_prio.o(.data)
    OS_AppTaskCreateHookPtr                  0x200000bc   Data           4  os_var.o(.data)
    OS_AppTaskDelHookPtr                     0x200000c0   Data           4  os_var.o(.data)
    OS_AppTaskReturnHookPtr                  0x200000c4   Data           4  os_var.o(.data)
    OS_AppIdleTaskHookPtr                    0x200000c8   Data           4  os_var.o(.data)
    OS_AppStatTaskHookPtr                    0x200000cc   Data           4  os_var.o(.data)
    OS_AppTaskSwHookPtr                      0x200000d0   Data           4  os_var.o(.data)
    OS_AppTimeTickHookPtr                    0x200000d4   Data           4  os_var.o(.data)
    OSIdleTaskCtr                            0x200000d8   Data           4  os_var.o(.data)
    OSIntNestingCtr                          0x200000dc   Data           1  os_var.o(.data)
    OSRunning                                0x200000dd   Data           1  os_var.o(.data)
    OSFlagDbgListPtr                         0x200000e0   Data           4  os_var.o(.data)
    OSFlagQty                                0x200000e4   Data           2  os_var.o(.data)
    OSMemDbgListPtr                          0x200000e8   Data           4  os_var.o(.data)
    OSMemQty                                 0x200000ec   Data           2  os_var.o(.data)
    OSMutexDbgListPtr                        0x200000f0   Data           4  os_var.o(.data)
    OSMutexQty                               0x200000f4   Data           2  os_var.o(.data)
    OSPrioCur                                0x200000f6   Data           1  os_var.o(.data)
    OSPrioHighRdy                            0x200000f7   Data           1  os_var.o(.data)
    OSPrioSaved                              0x200000f8   Data           1  os_var.o(.data)
    OSQDbgListPtr                            0x200000fc   Data           4  os_var.o(.data)
    OSQQty                                   0x20000100   Data           2  os_var.o(.data)
    OSSchedLockTimeBegin                     0x20000104   Data           4  os_var.o(.data)
    OSSchedLockTimeMax                       0x20000108   Data           4  os_var.o(.data)
    OSSchedLockTimeMaxCur                    0x2000010c   Data           4  os_var.o(.data)
    OSSchedLockNestingCtr                    0x20000110   Data           1  os_var.o(.data)
    OSSemDbgListPtr                          0x20000114   Data           4  os_var.o(.data)
    OSSemQty                                 0x20000118   Data           2  os_var.o(.data)
    OSStatResetFlag                          0x2000011a   Data           1  os_var.o(.data)
    OSStatTaskCPUUsage                       0x2000011c   Data           2  os_var.o(.data)
    OSStatTaskCPUUsageMax                    0x2000011e   Data           2  os_var.o(.data)
    OSStatTaskCtr                            0x20000120   Data           4  os_var.o(.data)
    OSStatTaskCtrMax                         0x20000124   Data           4  os_var.o(.data)
    OSStatTaskCtrRun                         0x20000128   Data           4  os_var.o(.data)
    OSStatTaskRdy                            0x2000012c   Data           1  os_var.o(.data)
    OSStatTaskTimeMax                        0x20000130   Data           4  os_var.o(.data)
    OSTaskCtxSwCtr                           0x20000134   Data           4  os_var.o(.data)
    OSTaskDbgListPtr                         0x20000138   Data           4  os_var.o(.data)
    OSTaskQty                                0x2000013c   Data           2  os_var.o(.data)
    OSTaskRegNextAvailID                     0x2000013e   Data           1  os_var.o(.data)
    OSTickCtr                                0x20000140   Data           4  os_var.o(.data)
    OSTickTaskTimeMax                        0x20000144   Data           4  os_var.o(.data)
    OSTickListDly                            0x20000148   Data           8  os_var.o(.data)
    OSTickListTimeout                        0x20000150   Data           8  os_var.o(.data)
    OSTmrDbgListPtr                          0x20000158   Data           4  os_var.o(.data)
    OSTmrListEntries                         0x2000015c   Data           2  os_var.o(.data)
    OSTmrListPtr                             0x20000160   Data           4  os_var.o(.data)
    OSTmrQty                                 0x20000164   Data           2  os_var.o(.data)
    OSTmrTaskTimeMax                         0x20000168   Data           4  os_var.o(.data)
    OSTmrTickCtr                             0x2000016c   Data           4  os_var.o(.data)
    OSTmrUpdateCnt                           0x20000170   Data           4  os_var.o(.data)
    OSTmrUpdateCtr                           0x20000174   Data           4  os_var.o(.data)
    OSTCBCurPtr                              0x20000178   Data           4  os_var.o(.data)
    OSTCBHighRdyPtr                          0x2000017c   Data           4  os_var.o(.data)
    OS_CPU_ExceptStkBase                     0x20000180   Data           4  os_cpu_c.o(.data)
    BSP_XLongPWM_ChValue                     0x20000d08   Data          64  pwm.o(.bss)
    CPU_Name                                 0x20000eb4   Data          16  cpu_core.o(.bss)
    Mem_Heap                                 0x20000ec4   Data        3072  lib_mem.o(.bss)
    Mem_SegHeap                              0x20001ac4   Data          20  lib_mem.o(.bss)
    OSCfg_IdleTaskStk                        0x20001ad8   Data         256  os_cfg_app.o(.bss)
    OSCfg_ISRStk                             0x20001bd8   Data         400  os_cfg_app.o(.bss)
    OSCfg_MsgPool                            0x20001d68   Data        1600  os_cfg_app.o(.bss)
    OSCfg_StatTaskStk                        0x200023a8   Data         400  os_cfg_app.o(.bss)
    OSCfg_TickTaskStk                        0x20002538   Data         400  os_cfg_app.o(.bss)
    OSCfg_TmrTaskStk                         0x200026c8   Data         400  os_cfg_app.o(.bss)
    OSIdleTaskTCB                            0x20002858   Data         192  os_var.o(.bss)
    OSMsgPool                                0x20002918   Data          12  os_var.o(.bss)
    OSRdyList                                0x20002924   Data         768  os_var.o(.bss)
    OSStatTaskTCB                            0x20002c24   Data         192  os_var.o(.bss)
    OSTickTaskTCB                            0x20002ce4   Data         192  os_var.o(.bss)
    OSTmrMutex                               0x20002da4   Data          48  os_var.o(.bss)
    OSTmrTaskTCB                             0x20002dd4   Data         192  os_var.o(.bss)
    __initial_sp                             0x20003298   Data           0  cstartup.o(STACK)



==============================================================================

Memory Map of the image

  Image Entry point : 0x080001ad

  Load Region LR_IROM1 (Base: 0x08000000, Size: 0x00006d58, Max: 0x00200000, ABSOLUTE, COMPRESSED[0x00006c10])

    Execution Region ER_IROM1 (Base: 0x08000000, Size: 0x00006bd0, Max: 0x00200000, ABSOLUTE)

    Base Addr    Size         Type   Attr      Idx    E Section Name        Object

    0x08000000   0x000001ac   Data   RO         1093    RESET               cstartup.o
    0x080001ac   0x00000000   Code   RO         7876  * .ARM.Collect$$$$00000000  mc_w.l(entry.o)
    0x080001ac   0x00000004   Code   RO         7928    .ARM.Collect$$$$00000001  mc_w.l(entry2.o)
    0x080001b0   0x00000004   Code   RO         7931    .ARM.Collect$$$$00000004  mc_w.l(entry5.o)
    0x080001b4   0x00000000   Code   RO         7933    .ARM.Collect$$$$00000008  mc_w.l(entry7b.o)
    0x080001b4   0x00000000   Code   RO         7935    .ARM.Collect$$$$0000000A  mc_w.l(entry8b.o)
    0x080001b4   0x00000008   Code   RO         7936    .ARM.Collect$$$$0000000B  mc_w.l(entry9a.o)
    0x080001bc   0x00000000   Code   RO         7938    .ARM.Collect$$$$0000000D  mc_w.l(entry10a.o)
    0x080001bc   0x00000000   Code   RO         7940    .ARM.Collect$$$$0000000F  mc_w.l(entry11a.o)
    0x080001bc   0x00000004   Code   RO         7929    .ARM.Collect$$$$00002712  mc_w.l(entry2.o)
    0x080001c0   0x00000040   Code   RO         1094    .text               cstartup.o
    0x08000200   0x00000034   Code   RO         6184    .text               cpu_a.o
    0x08000234   0x0000014e   Code   RO         7881    .text               mf_w.l(dadd.o)
    0x08000382   0x000000e4   Code   RO         7883    .text               mf_w.l(dmul.o)
    0x08000466   0x000000de   Code   RO         7885    .text               mf_w.l(ddiv.o)
    0x08000544   0x00000026   Code   RO         7887    .text               mf_w.l(f2d.o)
    0x0800056a   0x00000002   PAD
    0x0800056c   0x00000030   Code   RO         7889    .text               mf_w.l(cdcmple.o)
    0x0800059c   0x00000030   Code   RO         7891    .text               mf_w.l(cdrcmple.o)
    0x080005cc   0x00000038   Code   RO         7893    .text               mf_w.l(d2f.o)
    0x08000604   0x0000001e   Code   RO         7942    .text               mc_w.l(llshl.o)
    0x08000622   0x00000020   Code   RO         7944    .text               mc_w.l(llushr.o)
    0x08000642   0x00000024   Code   RO         7946    .text               mc_w.l(llsshr.o)
    0x08000666   0x00000000   Code   RO         7955    .text               mc_w.l(iusefp.o)
    0x08000666   0x0000006e   Code   RO         7956    .text               mf_w.l(fepilogue.o)
    0x080006d4   0x000000ba   Code   RO         7958    .text               mf_w.l(depilogue.o)
    0x0800078e   0x00000022   Code   RO         7962    .text               mf_w.l(dflti.o)
    0x080007b0   0x0000003e   Code   RO         7964    .text               mf_w.l(dfixi.o)
    0x080007ee   0x00000002   PAD
    0x080007f0   0x00000024   Code   RO         7972    .text               mc_w.l(init.o)
    0x08000814   0x0000001a   Code   RO         7974    .text               mf_w.l(dfltui.o)
    0x0800082e   0x00000056   Code   RO         7984    .text               mc_w.l(__dczerorl2.o)
    0x08000884   0x0000010c   Code   RO         7750    CODE                os_cpu_a.o
    0x08000990   0x00000002   Code   RO            4    i.AppObjCreate      app.o
    0x08000992   0x00000002   PAD
    0x08000994   0x00000058   Code   RO            5    i.AppTaskCreate     app.o
    0x080009ec   0x00000054   Code   RO            6    i.AppTaskStart      app.o
    0x08000a40   0x00000398   Code   RO            7    i.App_TaskEq0Fp     app.o
    0x08000dd8   0x0000000e   Code   RO          371    i.BSP_CPU_ClkFreq   bsp.o
    0x08000de6   0x00000002   PAD
    0x08000de8   0x0000011c   Code   RO          372    i.BSP_Init          bsp.o
    0x08000f04   0x00000008   Code   RO          442    i.BSP_IntDisAll     bsp_int.o
    0x08000f0c   0x00000040   Code   RO          444    i.BSP_IntHandler    bsp_int.o
    0x08000f4c   0x0000000a   Code   RO          445    i.BSP_IntHandlerADC  bsp_int.o
    0x08000f56   0x0000000a   Code   RO          446    i.BSP_IntHandlerCAN1_RX0  bsp_int.o
    0x08000f60   0x0000000a   Code   RO          447    i.BSP_IntHandlerCAN1_RX1  bsp_int.o
    0x08000f6a   0x0000000a   Code   RO          448    i.BSP_IntHandlerCAN1_SCE  bsp_int.o
    0x08000f74   0x0000000a   Code   RO          449    i.BSP_IntHandlerCAN1_TX  bsp_int.o
    0x08000f7e   0x0000000a   Code   RO          450    i.BSP_IntHandlerCAN2_RX0  bsp_int.o
    0x08000f88   0x0000000a   Code   RO          451    i.BSP_IntHandlerCAN2_RX1  bsp_int.o
    0x08000f92   0x0000000a   Code   RO          452    i.BSP_IntHandlerCAN2_SCE  bsp_int.o
    0x08000f9c   0x0000000a   Code   RO          453    i.BSP_IntHandlerCAN2_TX  bsp_int.o
    0x08000fa6   0x0000000a   Code   RO          454    i.BSP_IntHandlerCRYP  bsp_int.o
    0x08000fb0   0x0000000a   Code   RO          455    i.BSP_IntHandlerDCMI  bsp_int.o
    0x08000fba   0x0000000a   Code   RO          456    i.BSP_IntHandlerDMA1_CH0  bsp_int.o
    0x08000fc4   0x0000000a   Code   RO          457    i.BSP_IntHandlerDMA1_CH1  bsp_int.o
    0x08000fce   0x0000000a   Code   RO          458    i.BSP_IntHandlerDMA1_CH2  bsp_int.o
    0x08000fd8   0x0000000a   Code   RO          459    i.BSP_IntHandlerDMA1_CH3  bsp_int.o
    0x08000fe2   0x0000000a   Code   RO          460    i.BSP_IntHandlerDMA1_CH4  bsp_int.o
    0x08000fec   0x0000000a   Code   RO          461    i.BSP_IntHandlerDMA1_CH5  bsp_int.o
    0x08000ff6   0x0000000a   Code   RO          462    i.BSP_IntHandlerDMA1_CH6  bsp_int.o
    0x08001000   0x0000000a   Code   RO          463    i.BSP_IntHandlerDMA1_STREAM7  bsp_int.o
    0x0800100a   0x0000000a   Code   RO          464    i.BSP_IntHandlerDMA2D  bsp_int.o
    0x08001014   0x0000000a   Code   RO          465    i.BSP_IntHandlerDMA2_CH0  bsp_int.o
    0x0800101e   0x0000000a   Code   RO          466    i.BSP_IntHandlerDMA2_CH1  bsp_int.o
    0x08001028   0x0000000a   Code   RO          467    i.BSP_IntHandlerDMA2_CH2  bsp_int.o
    0x08001032   0x0000000a   Code   RO          468    i.BSP_IntHandlerDMA2_CH3  bsp_int.o
    0x0800103c   0x0000000a   Code   RO          469    i.BSP_IntHandlerDMA2_CH4  bsp_int.o
    0x08001046   0x0000000a   Code   RO          470    i.BSP_IntHandlerDMA2_CH5  bsp_int.o
    0x08001050   0x0000000a   Code   RO          471    i.BSP_IntHandlerDMA2_CH6  bsp_int.o
    0x0800105a   0x0000000a   Code   RO          472    i.BSP_IntHandlerDMA2_CH7  bsp_int.o
    0x08001064   0x00000002   Code   RO          473    i.BSP_IntHandlerDummy  bsp_int.o
    0x08001066   0x0000000a   Code   RO          474    i.BSP_IntHandlerETH  bsp_int.o
    0x08001070   0x0000000a   Code   RO          475    i.BSP_IntHandlerETHWakeup  bsp_int.o
    0x0800107a   0x0000000a   Code   RO          476    i.BSP_IntHandlerEXTI0  bsp_int.o
    0x08001084   0x0000000a   Code   RO          477    i.BSP_IntHandlerEXTI1  bsp_int.o
    0x0800108e   0x0000000a   Code   RO          478    i.BSP_IntHandlerEXTI15_10  bsp_int.o
    0x08001098   0x0000000a   Code   RO          479    i.BSP_IntHandlerEXTI2  bsp_int.o
    0x080010a2   0x0000000a   Code   RO          480    i.BSP_IntHandlerEXTI3  bsp_int.o
    0x080010ac   0x0000000a   Code   RO          481    i.BSP_IntHandlerEXTI4  bsp_int.o
    0x080010b6   0x0000000a   Code   RO          482    i.BSP_IntHandlerEXTI9_5  bsp_int.o
    0x080010c0   0x0000000a   Code   RO          483    i.BSP_IntHandlerFLASH  bsp_int.o
    0x080010ca   0x0000000a   Code   RO          484    i.BSP_IntHandlerFPU  bsp_int.o
    0x080010d4   0x0000000a   Code   RO          485    i.BSP_IntHandlerFSMC  bsp_int.o
    0x080010de   0x0000000a   Code   RO          486    i.BSP_IntHandlerHASH_RNG  bsp_int.o
    0x080010e8   0x0000000a   Code   RO          487    i.BSP_IntHandlerI2C1_ER  bsp_int.o
    0x080010f2   0x0000000a   Code   RO          488    i.BSP_IntHandlerI2C1_EV  bsp_int.o
    0x080010fc   0x0000000a   Code   RO          489    i.BSP_IntHandlerI2C2_ER  bsp_int.o
    0x08001106   0x0000000a   Code   RO          490    i.BSP_IntHandlerI2C2_EV  bsp_int.o
    0x08001110   0x0000000a   Code   RO          491    i.BSP_IntHandlerI2C3_ER  bsp_int.o
    0x0800111a   0x0000000a   Code   RO          492    i.BSP_IntHandlerI2C3_EV  bsp_int.o
    0x08001124   0x0000000a   Code   RO          493    i.BSP_IntHandlerLTDC  bsp_int.o
    0x0800112e   0x0000000a   Code   RO          494    i.BSP_IntHandlerLTDC_ER  bsp_int.o
    0x08001138   0x0000000a   Code   RO          495    i.BSP_IntHandlerOTG_FS  bsp_int.o
    0x08001142   0x0000000a   Code   RO          496    i.BSP_IntHandlerOTG_FS_WKUP  bsp_int.o
    0x0800114c   0x0000000a   Code   RO          497    i.BSP_IntHandlerOTG_HS  bsp_int.o
    0x08001156   0x0000000a   Code   RO          498    i.BSP_IntHandlerOTG_HS_EP1_IN  bsp_int.o
    0x08001160   0x0000000a   Code   RO          499    i.BSP_IntHandlerOTG_HS_EP1_OUT  bsp_int.o
    0x0800116a   0x0000000a   Code   RO          500    i.BSP_IntHandlerOTG_HS_WKUP  bsp_int.o
    0x08001174   0x0000000a   Code   RO          501    i.BSP_IntHandlerPVD  bsp_int.o
    0x0800117e   0x0000000a   Code   RO          502    i.BSP_IntHandlerRCC  bsp_int.o
    0x08001188   0x0000000a   Code   RO          503    i.BSP_IntHandlerRTCAlarm  bsp_int.o
    0x08001192   0x0000000a   Code   RO          504    i.BSP_IntHandlerRTC_WKUP  bsp_int.o
    0x0800119c   0x0000000a   Code   RO          505    i.BSP_IntHandlerSAI1  bsp_int.o
    0x080011a6   0x0000000a   Code   RO          506    i.BSP_IntHandlerSDIO  bsp_int.o
    0x080011b0   0x0000000a   Code   RO          507    i.BSP_IntHandlerSPI1  bsp_int.o
    0x080011ba   0x0000000a   Code   RO          508    i.BSP_IntHandlerSPI2  bsp_int.o
    0x080011c4   0x0000000a   Code   RO          509    i.BSP_IntHandlerSPI3  bsp_int.o
    0x080011ce   0x0000000a   Code   RO          510    i.BSP_IntHandlerSPI4  bsp_int.o
    0x080011d8   0x0000000a   Code   RO          511    i.BSP_IntHandlerSPI5  bsp_int.o
    0x080011e2   0x0000000a   Code   RO          512    i.BSP_IntHandlerSPI6  bsp_int.o
    0x080011ec   0x0000000a   Code   RO          513    i.BSP_IntHandlerTAMP_STAMP  bsp_int.o
    0x080011f6   0x0000000a   Code   RO          514    i.BSP_IntHandlerTIM1_BRK_TIM9  bsp_int.o
    0x08001200   0x0000000a   Code   RO          515    i.BSP_IntHandlerTIM1_CC  bsp_int.o
    0x0800120a   0x0000000a   Code   RO          516    i.BSP_IntHandlerTIM1_TRG_COM_TIM11  bsp_int.o
    0x08001214   0x0000000a   Code   RO          517    i.BSP_IntHandlerTIM1_UP_TIM10  bsp_int.o
    0x0800121e   0x0000000a   Code   RO          518    i.BSP_IntHandlerTIM2  bsp_int.o
    0x08001228   0x0000000a   Code   RO          519    i.BSP_IntHandlerTIM3  bsp_int.o
    0x08001232   0x0000000a   Code   RO          520    i.BSP_IntHandlerTIM4  bsp_int.o
    0x0800123c   0x0000000a   Code   RO          521    i.BSP_IntHandlerTIM5  bsp_int.o
    0x08001246   0x0000000a   Code   RO          522    i.BSP_IntHandlerTIM6_DAC  bsp_int.o
    0x08001250   0x0000000a   Code   RO          523    i.BSP_IntHandlerTIM7  bsp_int.o
    0x0800125a   0x0000000a   Code   RO          524    i.BSP_IntHandlerTIM8_BRK_TIM12  bsp_int.o
    0x08001264   0x0000000a   Code   RO          525    i.BSP_IntHandlerTIM8_CC  bsp_int.o
    0x0800126e   0x0000000a   Code   RO          526    i.BSP_IntHandlerTIM8_TRG_COM_TIM14  bsp_int.o
    0x08001278   0x0000000a   Code   RO          527    i.BSP_IntHandlerTIM8_UP_TIM13  bsp_int.o
    0x08001282   0x0000000a   Code   RO          528    i.BSP_IntHandlerUART7  bsp_int.o
    0x0800128c   0x0000000a   Code   RO          529    i.BSP_IntHandlerUART8  bsp_int.o
    0x08001296   0x0000000a   Code   RO          530    i.BSP_IntHandlerUSART1  bsp_int.o
    0x080012a0   0x0000000a   Code   RO          531    i.BSP_IntHandlerUSART2  bsp_int.o
    0x080012aa   0x0000000a   Code   RO          532    i.BSP_IntHandlerUSART3  bsp_int.o
    0x080012b4   0x0000000a   Code   RO          533    i.BSP_IntHandlerUSART4  bsp_int.o
    0x080012be   0x0000000a   Code   RO          534    i.BSP_IntHandlerUSART5  bsp_int.o
    0x080012c8   0x0000000a   Code   RO          535    i.BSP_IntHandlerUSART6  bsp_int.o
    0x080012d2   0x0000000a   Code   RO          536    i.BSP_IntHandlerWWDG  bsp_int.o
    0x080012dc   0x0000001c   Code   RO          537    i.BSP_IntInit       bsp_int.o
    0x080012f8   0x00000034   Code   RO          539    i.BSP_IntVectSet    bsp_int.o
    0x0800132c   0x0000004c   Code   RO          373    i.BSP_LED_Toggle    bsp.o
    0x08001378   0x000001b0   Code   RO         1060    i.BSP_PeriphEn      bsp_periph.o
    0x08001528   0x0000001c   Code   RO          374    i.BSP_Tick_Init     bsp.o
    0x08001544   0x000004f8   Code   RO          375    i.BSP_XLong_IOAllocate  bsp.o
    0x08001a3c   0x000003f0   Code   RO          313    i.BSP_XLong_PWMInit  pwm.o
    0x08001e2c   0x00000280   Code   RO          314    i.BSP_XLong_PWMRefresh  pwm.o
    0x080020ac   0x0000000c   Code   RO         6018    i.CPU_Init          cpu_core.o
    0x080020b8   0x00000030   Code   RO         6019    i.CPU_NameClr       cpu_core.o
    0x080020e8   0x00000008   Code   RO         6021    i.CPU_NameInit      cpu_core.o
    0x080020f0   0x00000004   Code   RO         6023    i.CPU_SW_Exception  cpu_core.o
    0x080020f4   0x00000014   Code   RO         6025    i.CPU_TS_Init       cpu_core.o
    0x08002108   0x0000000c   Code   RO         6027    i.CPU_TS_TmrFreqSet  cpu_core.o
    0x08002114   0x00000034   Code   RO          377    i.CPU_TS_TmrInit    bsp.o
    0x08002148   0x0000000c   Code   RO          378    i.CPU_TS_TmrRd      bsp.o
    0x08002154   0x00000090   Code   RO         2937    i.GPIO_Init         stm32f4xx_gpio.o
    0x080021e4   0x00000046   Code   RO         2938    i.GPIO_PinAFConfig  stm32f4xx_gpio.o
    0x0800222a   0x00000004   Code   RO         2944    i.GPIO_ResetBits    stm32f4xx_gpio.o
    0x0800222e   0x00000004   Code   RO         2945    i.GPIO_SetBits      stm32f4xx_gpio.o
    0x08002232   0x0000000a   Code   RO         6292    i.Math_Init         lib_math.o
    0x0800223c   0x00000038   Code   RO         6293    i.Math_Rand         lib_math.o
    0x08002274   0x00000018   Code   RO         6294    i.Math_RandSeed     lib_math.o
    0x0800228c   0x0000002c   Code   RO         6295    i.Math_RandSetSeed  lib_math.o
    0x080022b8   0x00000012   Code   RO         6328    i.Mem_Clr           lib_mem.o
    0x080022ca   0x00000002   PAD
    0x080022cc   0x0000004c   Code   RO         6338    i.Mem_Init          lib_mem.o
    0x08002318   0x0000004a   Code   RO         6351    i.Mem_SegCreate     lib_mem.o
    0x08002362   0x00000002   PAD
    0x08002364   0x00000020   Code   RO         6352    i.Mem_SegCreateCritical  lib_mem.o
    0x08002384   0x00000054   Code   RO         6355    i.Mem_Set           lib_mem.o
    0x080023d8   0x00000002   Code   RO         6663    i.OSCfg_Init        os_cfg_app.o
    0x080023da   0x00000002   PAD
    0x080023dc   0x00000014   Code   RO         7753    i.OSIdleTaskHook    os_cpu_c.o
    0x080023f0   0x00000164   Code   RO         6686    i.OSInit            os_core.o
    0x08002554   0x00000028   Code   RO         7754    i.OSInitHook        os_cpu_c.o
    0x0800257c   0x0000002c   Code   RO         6687    i.OSIntEnter        os_core.o
    0x080025a8   0x000000dc   Code   RO         6688    i.OSIntExit         os_core.o
    0x08002684   0x00000070   Code   RO         7079    i.OSMutexCreate     os_mutex.o
    0x080026f4   0x000001d0   Code   RO         7081    i.OSMutexPend       os_mutex.o
    0x080028c4   0x0000018c   Code   RO         7083    i.OSMutexPost       os_mutex.o
    0x08002a50   0x000000a4   Code   RO         6689    i.OSSched           os_core.o
    0x08002af4   0x00000060   Code   RO         6690    i.OSSchedLock       os_core.o
    0x08002b54   0x00000080   Code   RO         6691    i.OSSchedUnlock     os_core.o
    0x08002bd4   0x00000068   Code   RO         6692    i.OSStart           os_core.o
    0x08002c3c   0x00000128   Code   RO         7350    i.OSStatReset       os_stat.o
    0x08002d64   0x000000f0   Code   RO         7351    i.OSStatTaskCPUUsageInit  os_stat.o
    0x08002e54   0x00000014   Code   RO         7755    i.OSStatTaskHook    os_cpu_c.o
    0x08002e68   0x00000190   Code   RO         7381    i.OSTaskCreate      os_task.o
    0x08002ff8   0x00000018   Code   RO         7756    i.OSTaskCreateHook  os_cpu_c.o
    0x08003010   0x00000188   Code   RO         7382    i.OSTaskDel         os_task.o
    0x08003198   0x00000018   Code   RO         7757    i.OSTaskDelHook     os_cpu_c.o
    0x080031b0   0x00000054   Code   RO         7390    i.OSTaskResume      os_task.o
    0x08003204   0x00000018   Code   RO         7758    i.OSTaskReturnHook  os_cpu_c.o
    0x0800321c   0x000001c8   Code   RO         7391    i.OSTaskSemPend     os_task.o
    0x080033e4   0x0000003e   Code   RO         7393    i.OSTaskSemPost     os_task.o
    0x08003422   0x00000002   PAD
    0x08003424   0x000000c0   Code   RO         7395    i.OSTaskStkChk      os_task.o
    0x080034e4   0x000002c4   Code   RO         7759    i.OSTaskStkInit     os_cpu_c.o
    0x080037a8   0x00000024   Code   RO         7396    i.OSTaskSuspend     os_task.o
    0x080037cc   0x000000b8   Code   RO         7760    i.OSTaskSwHook      os_cpu_c.o
    0x08003884   0x000000a4   Code   RO         7600    i.OSTimeDly         os_time.o
    0x08003928   0x0000018c   Code   RO         7601    i.OSTimeDlyHMSM     os_time.o
    0x08003ab4   0x00000044   Code   RO         7605    i.OSTimeTick        os_time.o
    0x08003af8   0x00000014   Code   RO         7761    i.OSTimeTickHook    os_cpu_c.o
    0x08003b0c   0x00000038   Code   RO         7762    i.OS_CPU_SysTickHandler  os_cpu_c.o
    0x08003b44   0x00000030   Code   RO         7763    i.OS_CPU_SysTickInit  os_cpu_c.o
    0x08003b74   0x000001a8   Code   RO         6902    i.OS_Dbg_Init       os_dbg.o
    0x08003d1c   0x00000018   Code   RO         6927    i.OS_FlagInit       os_flag.o
    0x08003d34   0x00000044   Code   RO         6694    i.OS_IdleTask       os_core.o
    0x08003d78   0x00000070   Code   RO         6695    i.OS_IdleTaskInit   os_core.o
    0x08003de8   0x00000018   Code   RO         7011    i.OS_MemInit        os_mem.o
    0x08003e00   0x0000007c   Code   RO         7043    i.OS_MsgPoolInit    os_msg.o
    0x08003e7c   0x00000044   Code   RO         7044    i.OS_MsgQFreeAll    os_msg.o
    0x08003ec0   0x0000000e   Code   RO         7046    i.OS_MsgQInit       os_msg.o
    0x08003ece   0x00000002   PAD
    0x08003ed0   0x00000030   Code   RO         7085    i.OS_MutexDbgListAdd  os_mutex.o
    0x08003f00   0x00000008   Code   RO         7087    i.OS_MutexGrpAdd    os_mutex.o
    0x08003f08   0x00000060   Code   RO         7088    i.OS_MutexGrpPostAll  os_mutex.o
    0x08003f68   0x0000002c   Code   RO         7089    i.OS_MutexGrpPrioFindHighest  os_mutex.o
    0x08003f94   0x0000001c   Code   RO         7090    i.OS_MutexGrpRemove  os_mutex.o
    0x08003fb0   0x00000018   Code   RO         7091    i.OS_MutexInit      os_mutex.o
    0x08003fc8   0x00000068   Code   RO         6696    i.OS_Pend           os_core.o
    0x08004030   0x00000028   Code   RO         6699    i.OS_PendDataInit   os_core.o
    0x08004058   0x0000005c   Code   RO         6700    i.OS_PendDbgNameAdd  os_core.o
    0x080040b4   0x00000024   Code   RO         6701    i.OS_PendDbgNameRemove  os_core.o
    0x080040d8   0x0000003a   Code   RO         6702    i.OS_PendListChangePrio  os_core.o
    0x08004112   0x0000000a   Code   RO         6703    i.OS_PendListInit   os_core.o
    0x0800411c   0x00000066   Code   RO         6705    i.OS_PendListInsertPrio  os_core.o
    0x08004182   0x00000034   Code   RO         6706    i.OS_PendListRemove  os_core.o
    0x080041b6   0x00000042   Code   RO         6707    i.OS_PendListRemove1  os_core.o
    0x080041f8   0x000000d6   Code   RO         6710    i.OS_Post           os_core.o
    0x080042ce   0x0000002c   Code   RO         6711    i.OS_Post1          os_core.o
    0x080042fa   0x00000002   PAD
    0x080042fc   0x00000028   Code   RO         7169    i.OS_PrioGetHighest  os_prio.o
    0x08004324   0x00000018   Code   RO         7170    i.OS_PrioInit       os_prio.o
    0x0800433c   0x00000024   Code   RO         7171    i.OS_PrioInsert     os_prio.o
    0x08004360   0x00000024   Code   RO         7172    i.OS_PrioRemove     os_prio.o
    0x08004384   0x00000018   Code   RO         7215    i.OS_QInit          os_q.o
    0x0800439c   0x00000024   Code   RO         6712    i.OS_RdyListInit    os_core.o
    0x080043c0   0x0000002c   Code   RO         6713    i.OS_RdyListInsert  os_core.o
    0x080043ec   0x00000040   Code   RO         6714    i.OS_RdyListInsertHead  os_core.o
    0x0800442c   0x0000003c   Code   RO         6715    i.OS_RdyListInsertTail  os_core.o
    0x08004468   0x0000005c   Code   RO         6717    i.OS_RdyListRemove  os_core.o
    0x080044c4   0x0000001c   Code   RO         6718    i.OS_SchedLockTimeMeasStart  os_core.o
    0x080044e0   0x0000003c   Code   RO         6719    i.OS_SchedLockTimeMeasStop  os_core.o
    0x0800451c   0x00000018   Code   RO         7287    i.OS_SemInit        os_sem.o
    0x08004534   0x000002e8   Code   RO         7352    i.OS_StatTask       os_stat.o
    0x0800481c   0x000000cc   Code   RO         7353    i.OS_StatTaskInit   os_stat.o
    0x080048e8   0x0000002c   Code   RO         6720    i.OS_TaskBlock      os_core.o
    0x08004914   0x000000ec   Code   RO         7397    i.OS_TaskChangePrio  os_task.o
    0x08004a00   0x00000030   Code   RO         7398    i.OS_TaskDbgListAdd  os_task.o
    0x08004a30   0x00000044   Code   RO         7399    i.OS_TaskDbgListRemove  os_task.o
    0x08004a74   0x00000020   Code   RO         7400    i.OS_TaskInit       os_task.o
    0x08004a94   0x000000bc   Code   RO         7401    i.OS_TaskInitTCB    os_task.o
    0x08004b50   0x00000100   Code   RO         7403    i.OS_TaskResume     os_task.o
    0x08004c50   0x00000018   Code   RO         7404    i.OS_TaskReturn     os_task.o
    0x08004c68   0x000001c4   Code   RO         7405    i.OS_TaskSemPost    os_task.o
    0x08004e2c   0x00000118   Code   RO         7406    i.OS_TaskSuspend    os_task.o
    0x08004f44   0x00000086   Code   RO         7548    i.OS_TickListInsert  os_tick.o
    0x08004fca   0x00000002   PAD
    0x08004fcc   0x000000bc   Code   RO         7549    i.OS_TickListInsertDly  os_tick.o
    0x08005088   0x00000058   Code   RO         7550    i.OS_TickListRemove  os_tick.o
    0x080050e0   0x00000002   Code   RO         7551    i.OS_TickListResetPeak  os_tick.o
    0x080050e2   0x00000002   PAD
    0x080050e4   0x00000098   Code   RO         7552    i.OS_TickListUpdateDly  os_tick.o
    0x0800517c   0x00000114   Code   RO         7553    i.OS_TickListUpdateTimeout  os_tick.o
    0x08005290   0x00000064   Code   RO         7554    i.OS_TickTask       os_tick.o
    0x080052f4   0x000000c8   Code   RO         7555    i.OS_TickTaskInit   os_tick.o
    0x080053bc   0x00000134   Code   RO         7651    i.OS_TmrInit        os_tmr.o
    0x080054f0   0x00000018   Code   RO         7652    i.OS_TmrLock        os_tmr.o
    0x08005508   0x00000002   Code   RO         7653    i.OS_TmrResetPeak   os_tmr.o
    0x0800550a   0x00000002   PAD
    0x0800550c   0x00000094   Code   RO         7654    i.OS_TmrTask        os_tmr.o
    0x080055a0   0x00000044   Code   RO         7655    i.OS_TmrUnlink      os_tmr.o
    0x080055e4   0x00000014   Code   RO         7656    i.OS_TmrUnlock      os_tmr.o
    0x080055f8   0x000000e8   Code   RO         3854    i.RCC_GetClocksFreq  stm32f4xx_rcc.o
    0x080056e0   0x0000000c   Code   RO         3884    i.RCC_TIMCLKPresConfig  stm32f4xx_rcc.o
    0x080056ec   0x00000018   Code   RO         5193    i.TIM_ARRPreloadConfig  stm32f4xx_tim.o
    0x08005704   0x00000018   Code   RO         5205    i.TIM_Cmd           stm32f4xx_tim.o
    0x0800571c   0x0000001e   Code   RO         5207    i.TIM_CtrlPWMOutputs  stm32f4xx_tim.o
    0x0800573a   0x00000002   PAD
    0x0800573c   0x0000007c   Code   RO         5234    i.TIM_OC1Init       stm32f4xx_tim.o
    0x080057b8   0x00000012   Code   RO         5237    i.TIM_OC1PreloadConfig  stm32f4xx_tim.o
    0x080057ca   0x00000002   PAD
    0x080057cc   0x000000a4   Code   RO         5239    i.TIM_OC2Init       stm32f4xx_tim.o
    0x08005870   0x000000a0   Code   RO         5244    i.TIM_OC3Init       stm32f4xx_tim.o
    0x08005910   0x00000078   Code   RO         5249    i.TIM_OC4Init       stm32f4xx_tim.o
    0x08005988   0x00000004   Code   RO         5267    i.TIM_SetCompare1   stm32f4xx_tim.o
    0x0800598c   0x00000004   Code   RO         5268    i.TIM_SetCompare2   stm32f4xx_tim.o
    0x08005990   0x00000004   Code   RO         5269    i.TIM_SetCompare3   stm32f4xx_tim.o
    0x08005994   0x00000004   Code   RO         5270    i.TIM_SetCompare4   stm32f4xx_tim.o
    0x08005998   0x00000084   Code   RO         5277    i.TIM_TimeBaseInit  stm32f4xx_tim.o
    0x08005a1c   0x00000030   Code   RO         7912    i.__ARM_fpclassify  m_wm.l(fpclassify.o)
    0x08005a4c   0x00000004   PAD
    0x08005a50   0x000000c8   Code   RO         7838    i.__hardfp_cos      m_wm.l(cos.o)
    0x08005b18   0x00000358   Code   RO         7850    i.__hardfp_exp      m_wm.l(exp.o)
    0x08005e70   0x000000c8   Code   RO         7864    i.__hardfp_sin      m_wm.l(sin.o)
    0x08005f38   0x00000438   Code   RO         7917    i.__ieee754_rem_pio2  m_wm.l(rred.o)
    0x08006370   0x00000170   Code   RO         7895    i.__kernel_cos      m_wm.l(cos_i.o)
    0x080064e0   0x000000f8   Code   RO         7914    i.__kernel_poly     m_wm.l(poly.o)
    0x080065d8   0x00000130   Code   RO         7922    i.__kernel_sin      m_wm.l(sin_i.o)
    0x08006708   0x00000014   Code   RO         7899    i.__mathlib_dbl_infnan  m_wm.l(dunder.o)
    0x0800671c   0x00000004   PAD
    0x08006720   0x00000020   Code   RO         7901    i.__mathlib_dbl_invalid  m_wm.l(dunder.o)
    0x08006740   0x00000020   Code   RO         7902    i.__mathlib_dbl_overflow  m_wm.l(dunder.o)
    0x08006760   0x00000020   Code   RO         7904    i.__mathlib_dbl_underflow  m_wm.l(dunder.o)
    0x08006780   0x0000000e   Code   RO         7978    i.__scatterload_copy  mc_w.l(handlers.o)
    0x0800678e   0x00000002   Code   RO         7979    i.__scatterload_null  mc_w.l(handlers.o)
    0x08006790   0x0000000e   Code   RO         7980    i.__scatterload_zeroinit  mc_w.l(handlers.o)
    0x0800679e   0x00000002   PAD
    0x080067a0   0x0000000c   Code   RO         7950    i.__set_errno       mc_w.l(errno.o)
    0x080067ac   0x00000018   Code   RO         7968    i.fabs              m_wm.l(fabs.o)
    0x080067c4   0x00000074   Code   RO            8    i.main              app.o
    0x08006838   0x00000094   Data   RO         6665    .constdata          os_cfg_app.o
    0x080068cc   0x0000016c   Data   RO         6903    .constdata          os_dbg.o
    0x08006a38   0x00000058   Data   RO         7853    .constdata          m_wm.l(exp.o)
    0x08006a90   0x00000030   Data   RO         7896    .constdata          m_wm.l(cos_i.o)
    0x08006ac0   0x000000c8   Data   RO         7919    .constdata          m_wm.l(rred.o)
    0x08006b88   0x00000028   Data   RO         7923    .constdata          m_wm.l(sin_i.o)
    0x08006bb0   0x00000020   Data   RO         7976    Region$$Table       anon$$obj.o


    Execution Region RW_IRAM1 (Base: 0x20000000, Size: 0x00003298, Max: 0x00030000, ABSOLUTE, COMPRESSED[0x00000040])

    Base Addr    Size         Type   Attr      Idx    E Section Name        Object

    0x20000000   0x00000096   Data   RW          316    .data               pwm.o
    0x20000096   0x00000010   Data   RW         3886    .data               stm32f4xx_rcc.o
    0x200000a6   0x00000002   PAD
    0x200000a8   0x00000004   Data   RW         6031    .data               cpu_core.o
    0x200000ac   0x00000004   Data   RW         6296    .data               lib_math.o
    0x200000b0   0x00000004   Data   RW         6357    .data               lib_mem.o
    0x200000b4   0x00000008   Data   RW         7173    .data               os_prio.o
    0x200000bc   0x000000c4   Data   RW         7737    .data               os_var.o
    0x20000180   0x00000004   Data   RW         7764    .data               os_cpu_c.o
    0x20000184   0x00000004   Data   RW         7951    .data               mc_w.l(errno.o)
    0x20000188   0x00000b80   Zero   RW            9    .bss                app.o
    0x20000d08   0x00000040   Zero   RW          315    .bss                pwm.o
    0x20000d48   0x0000016c   Zero   RW          540    .bss                bsp_int.o
    0x20000eb4   0x00000010   Zero   RW         6029    .bss                cpu_core.o
    0x20000ec4   0x00000c14   Zero   RW         6356    .bss                lib_mem.o
    0x20001ad8   0x00000d80   Zero   RW         6664    .bss                os_cfg_app.o
    0x20002858   0x0000063c   Zero   RW         7736    .bss                os_var.o
    0x20002e94   0x00000004   PAD
    0x20002e98   0x00000400   Zero   RW         1091    STACK               cstartup.o


==============================================================================

Image component sizes


      Code (inc. data)   RO Data    RW Data    ZI Data      Debug   Object Name

      1210        102          0          0       2944     323014   app.o
      1738         68          0          0          0       4597   bsp.o
      1064         16          0          0        364      48916   bsp_int.o
       432         94          0          0          0        627   bsp_periph.o
        52          0          0          0          0        320   cpu_a.o
       104         18          0          4         16       4892   cpu_core.o
        64         14        428          0       1024        692   cstartup.o
       134         14          0          4          0       3206   lib_math.o
       284         26          0          4       3092      15061   lib_mem.o
         2          0        148          0       3456      19179   os_cfg_app.o
      2538        352          0          0          0      18894   os_core.o
       268         14          0          0          0        380   os_cpu_a.o
      1168        168          0          4          0      26015   os_cpu_c.o
       424        278        364          0          0       4721   os_dbg.o
        24         10          0          0          0        870   os_flag.o
        24         10          0          0          0        865   os_mem.o
       206         20          0          0          0       2328   os_msg.o
      1220         56          0          0          0       7015   os_mutex.o
       136         16          0          8          0       2858   os_prio.o
        24         10          0          0          0        863   os_q.o
        24         10          0          0          0        857   os_sem.o
      1484        190          0          0          0       3895   os_stat.o
      3206        164          0          0          0      13493   os_task.o
      1140         88          0          0          0       6282   os_tick.o
       628         40          0          0          0       2885   os_time.o
       570        142          0          0          0       3995   os_tmr.o
         0          0          0        196       1596      17820   os_var.o
      1648         56          0        150         64      11789   pwm.o
       222          0          0          0          0       2891   stm32f4xx_gpio.o
       244         24          0         16          0       3403   stm32f4xx_rcc.o
       812         66          0          0          0       8716   stm32f4xx_tim.o

    ----------------------------------------------------------------------
     21120       2066        972        388      12560     561339   Object Totals
         0          0         32          0          0          0   (incl. Generated)
        26          0          0          2          4          0   (incl. Padding)

    ----------------------------------------------------------------------

      Code (inc. data)   RO Data    RW Data    ZI Data      Debug   Library Member Name

       200         20          0          0          0        164   cos.o
       368         46         48          0          0        200   cos_i.o
       116         24          0          0          0        496   dunder.o
       856        142         88          0          0        288   exp.o
        24          0          0          0          0        124   fabs.o
        48          0          0          0          0        124   fpclassify.o
       248          0          0          0          0        152   poly.o
      1080        142        200          0          0        188   rred.o
       200         20          0          0          0        164   sin.o
       304         24         40          0          0        208   sin_i.o
        86          0          0          0          0          0   __dczerorl2.o
         0          0          0          0          0          0   entry.o
         0          0          0          0          0          0   entry10a.o
         0          0          0          0          0          0   entry11a.o
         8          4          0          0          0          0   entry2.o
         4          0          0          0          0          0   entry5.o
         0          0          0          0          0          0   entry7b.o
         0          0          0          0          0          0   entry8b.o
         8          4          0          0          0          0   entry9a.o
        12          6          0          4          0         68   errno.o
        30          0          0          0          0          0   handlers.o
        36          8          0          0          0         68   init.o
         0          0          0          0          0          0   iusefp.o
        30          0          0          0          0         68   llshl.o
        36          0          0          0          0         68   llsshr.o
        32          0          0          0          0         68   llushr.o
        48          0          0          0          0         68   cdcmple.o
        48          0          0          0          0         68   cdrcmple.o
        56          0          0          0          0         88   d2f.o
       334          0          0          0          0        148   dadd.o
       222          0          0          0          0        100   ddiv.o
       186          0          0          0          0        176   depilogue.o
        62          0          0          0          0         80   dfixi.o
        34          0          0          0          0         76   dflti.o
        26          0          0          0          0         76   dfltui.o
       228          0          0          0          0         96   dmul.o
        38          0          0          0          0         68   f2d.o
       110          0          0          0          0        168   fepilogue.o

    ----------------------------------------------------------------------
      5132        440        376          4          0       3660   Library Totals
        14          0          0          0          0          0   (incl. Padding)

    ----------------------------------------------------------------------

      Code (inc. data)   RO Data    RW Data    ZI Data      Debug   Library Name

      3444        418        376          0          0       2108   m_wm.l
       282         22          0          4          0        340   mc_w.l
      1392          0          0          0          0       1212   mf_w.l

    ----------------------------------------------------------------------
      5132        440        376          4          0       3660   Library Totals

    ----------------------------------------------------------------------

==============================================================================


      Code (inc. data)   RO Data    RW Data    ZI Data      Debug   

     26252       2506       1348        392      12560     539555   Grand Totals
     26252       2506       1348         64      12560     539555   ELF Image Totals (compressed)
     26252       2506       1348         64          0          0   ROM Totals

==============================================================================

    Total RO  Size (Code + RO Data)                27600 (  26.95kB)
    Total RW  Size (RW Data + ZI Data)             12952 (  12.65kB)
    Total ROM Size (Code + RO Data + RW Data)      27664 (  27.02kB)

==============================================================================

